Archive member included to satisfy reference by file (symbol)

C:/ST/STM32CubeIDE_1.19.0/STM32CubeIDE/plugins/com.st.stm32cube.ide.mcu.externaltools.gnu-tools-for-stm32.13.3.rel1.win32_1.0.0.202411081344/tools/bin/../lib/gcc/arm-none-eabi/13.3.1/../../../../arm-none-eabi/lib/thumb/v7e-m+fp/hard\libc_nano.a(libc_a-exit.o)
                              C:/ST/STM32CubeIDE_1.19.0/STM32CubeIDE/plugins/com.st.stm32cube.ide.mcu.externaltools.gnu-tools-for-stm32.13.3.rel1.win32_1.0.0.202411081344/tools/bin/../lib/gcc/arm-none-eabi/13.3.1/../../../../arm-none-eabi/lib/thumb/v7e-m+fp/hard/crt0.o (exit)
C:/ST/STM32CubeIDE_1.19.0/STM32CubeIDE/plugins/com.st.stm32cube.ide.mcu.externaltools.gnu-tools-for-stm32.13.3.rel1.win32_1.0.0.202411081344/tools/bin/../lib/gcc/arm-none-eabi/13.3.1/../../../../arm-none-eabi/lib/thumb/v7e-m+fp/hard\libc_nano.a(libc_a-findfp.o)
                              C:/ST/STM32CubeIDE_1.19.0/STM32CubeIDE/plugins/com.st.stm32cube.ide.mcu.externaltools.gnu-tools-for-stm32.13.3.rel1.win32_1.0.0.202411081344/tools/bin/../lib/gcc/arm-none-eabi/13.3.1/../../../../arm-none-eabi/lib/thumb/v7e-m+fp/hard\libc_nano.a(libc_a-exit.o) (__stdio_exit_handler)
C:/ST/STM32CubeIDE_1.19.0/STM32CubeIDE/plugins/com.st.stm32cube.ide.mcu.externaltools.gnu-tools-for-stm32.13.3.rel1.win32_1.0.0.202411081344/tools/bin/../lib/gcc/arm-none-eabi/13.3.1/../../../../arm-none-eabi/lib/thumb/v7e-m+fp/hard\libc_nano.a(libc_a-fwalk.o)
                              C:/ST/STM32CubeIDE_1.19.0/STM32CubeIDE/plugins/com.st.stm32cube.ide.mcu.externaltools.gnu-tools-for-stm32.13.3.rel1.win32_1.0.0.202411081344/tools/bin/../lib/gcc/arm-none-eabi/13.3.1/../../../../arm-none-eabi/lib/thumb/v7e-m+fp/hard\libc_nano.a(libc_a-findfp.o) (_fwalk_sglue)
C:/ST/STM32CubeIDE_1.19.0/STM32CubeIDE/plugins/com.st.stm32cube.ide.mcu.externaltools.gnu-tools-for-stm32.13.3.rel1.win32_1.0.0.202411081344/tools/bin/../lib/gcc/arm-none-eabi/13.3.1/../../../../arm-none-eabi/lib/thumb/v7e-m+fp/hard\libc_nano.a(libc_a-stdio.o)
                              C:/ST/STM32CubeIDE_1.19.0/STM32CubeIDE/plugins/com.st.stm32cube.ide.mcu.externaltools.gnu-tools-for-stm32.13.3.rel1.win32_1.0.0.202411081344/tools/bin/../lib/gcc/arm-none-eabi/13.3.1/../../../../arm-none-eabi/lib/thumb/v7e-m+fp/hard\libc_nano.a(libc_a-findfp.o) (__sread)
C:/ST/STM32CubeIDE_1.19.0/STM32CubeIDE/plugins/com.st.stm32cube.ide.mcu.externaltools.gnu-tools-for-stm32.13.3.rel1.win32_1.0.0.202411081344/tools/bin/../lib/gcc/arm-none-eabi/13.3.1/../../../../arm-none-eabi/lib/thumb/v7e-m+fp/hard\libc_nano.a(libc_a-memset.o)
                              C:/ST/STM32CubeIDE_1.19.0/STM32CubeIDE/plugins/com.st.stm32cube.ide.mcu.externaltools.gnu-tools-for-stm32.13.3.rel1.win32_1.0.0.202411081344/tools/bin/../lib/gcc/arm-none-eabi/13.3.1/../../../../arm-none-eabi/lib/thumb/v7e-m+fp/hard/crt0.o (memset)
C:/ST/STM32CubeIDE_1.19.0/STM32CubeIDE/plugins/com.st.stm32cube.ide.mcu.externaltools.gnu-tools-for-stm32.13.3.rel1.win32_1.0.0.202411081344/tools/bin/../lib/gcc/arm-none-eabi/13.3.1/../../../../arm-none-eabi/lib/thumb/v7e-m+fp/hard\libc_nano.a(libc_a-closer.o)
                              C:/ST/STM32CubeIDE_1.19.0/STM32CubeIDE/plugins/com.st.stm32cube.ide.mcu.externaltools.gnu-tools-for-stm32.13.3.rel1.win32_1.0.0.202411081344/tools/bin/../lib/gcc/arm-none-eabi/13.3.1/../../../../arm-none-eabi/lib/thumb/v7e-m+fp/hard\libc_nano.a(libc_a-stdio.o) (_close_r)
C:/ST/STM32CubeIDE_1.19.0/STM32CubeIDE/plugins/com.st.stm32cube.ide.mcu.externaltools.gnu-tools-for-stm32.13.3.rel1.win32_1.0.0.202411081344/tools/bin/../lib/gcc/arm-none-eabi/13.3.1/../../../../arm-none-eabi/lib/thumb/v7e-m+fp/hard\libc_nano.a(libc_a-reent.o)
                              C:/ST/STM32CubeIDE_1.19.0/STM32CubeIDE/plugins/com.st.stm32cube.ide.mcu.externaltools.gnu-tools-for-stm32.13.3.rel1.win32_1.0.0.202411081344/tools/bin/../lib/gcc/arm-none-eabi/13.3.1/../../../../arm-none-eabi/lib/thumb/v7e-m+fp/hard\libc_nano.a(libc_a-closer.o) (errno)
C:/ST/STM32CubeIDE_1.19.0/STM32CubeIDE/plugins/com.st.stm32cube.ide.mcu.externaltools.gnu-tools-for-stm32.13.3.rel1.win32_1.0.0.202411081344/tools/bin/../lib/gcc/arm-none-eabi/13.3.1/../../../../arm-none-eabi/lib/thumb/v7e-m+fp/hard\libc_nano.a(libc_a-impure.o)
                              C:/ST/STM32CubeIDE_1.19.0/STM32CubeIDE/plugins/com.st.stm32cube.ide.mcu.externaltools.gnu-tools-for-stm32.13.3.rel1.win32_1.0.0.202411081344/tools/bin/../lib/gcc/arm-none-eabi/13.3.1/../../../../arm-none-eabi/lib/thumb/v7e-m+fp/hard\libc_nano.a(libc_a-reent.o) (_impure_ptr)
C:/ST/STM32CubeIDE_1.19.0/STM32CubeIDE/plugins/com.st.stm32cube.ide.mcu.externaltools.gnu-tools-for-stm32.13.3.rel1.win32_1.0.0.202411081344/tools/bin/../lib/gcc/arm-none-eabi/13.3.1/../../../../arm-none-eabi/lib/thumb/v7e-m+fp/hard\libc_nano.a(libc_a-lseekr.o)
[...]
Memory Configuration

Name             Origin             Length             Attributes
CCMRAM           0x10000000         0x00010000         xrw
RAM              0x20000000         0x00020000         xrw
FLASH            0x08000000         0x00100000         xr
*default*        0x00000000         0xffffffff

Linker script and memory map

LOAD C:/ST/STM32CubeIDE_1.19.0/STM32CubeIDE/plugins/com.st.stm32cube.ide.mcu.externaltools.gnu-tools-for-stm32.13.3.rel1.win32_1.0.0.202411081344/tools/bin/../lib/gcc/arm-none-eabi/13.3.1/thumb/v7e-m+fp/hard/crti.o
LOAD C:/ST/STM32CubeIDE_1.19.0/STM32CubeIDE/plugins/com.st.stm32cube.ide.mcu.externaltools.gnu-tools-for-stm32.13.3.rel1.win32_1.0.0.202411081344/tools/bin/../lib/gcc/arm-none-eabi/13.3.1/thumb/v7e-m+fp/hard/crtbegin.o
LOAD C:/ST/STM32CubeIDE_1.19.0/STM32CubeIDE/plugins/com.st.stm32cube.ide.mcu.externaltools.gnu-tools-for-stm32.13.3.rel1.win32_1.0.0.202411081344/tools/bin/../lib/gcc/arm-none-eabi/13.3.1/../../../../arm-none-eabi/lib/thumb/v7e-m+fp/hard/crt0.o
LOAD ./Core/Src/control_table.o
LOAD ./Core/Src/dynamixel_protocol.o
LOAD ./Core/Src/main.o
LOAD ./Core/Src/stm32f4xx_hal_msp.o
LOAD ./Core/Src/stm32f4xx_it.o
LOAD ./Core/Src/syscalls.o
LOAD ./Core/Src/sysmem.o
LOAD ./Core/Src/system_stm32f4xx.o
LOAD ./Core/Startup/startup_stm32f405rgtx.o
LOAD ./Drivers/STM32F4xx_HAL_Driver/Src/stm32f4xx_hal.o
LOAD ./Drivers/STM32F4xx_HAL_Driver/Src/stm32f4xx_hal_adc.o
LOAD ./Drivers/STM32F4xx_HAL_Driver/Src/stm32f4xx_hal_adc_ex.o
LOAD ./Drivers/STM32F4xx_HAL_Driver/Src/stm32f4xx_hal_cortex.o
LOAD ./Drivers/STM32F4xx_HAL_Driver/Src/stm32f4xx_hal_dma.o
LOAD ./Drivers/STM32F4xx_HAL_Driver/Src/stm32f4xx_hal_dma_ex.o
LOAD ./Drivers/STM32F4xx_HAL_Driver/Src/stm32f4xx_hal_exti.o
LOAD ./Drivers/STM32F4xx_HAL_Driver/Src/stm32f4xx_hal_flash.o
LOAD ./Drivers/STM32F4xx_HAL_Driver/Src/stm32f4xx_hal_flash_ex.o
LOAD ./Drivers/STM32F4xx_HAL_Driver/Src/stm32f4xx_hal_flash_ramfunc.o
LOAD ./Drivers/STM32F4xx_HAL_Driver/Src/stm32f4xx_hal_gpio.o
LOAD ./Drivers/STM32F4xx_HAL_Driver/Src/stm32f4xx_hal_pwr.o
LOAD ./Drivers/STM32F4xx_HAL_Driver/Src/stm32f4xx_hal_pwr_ex.o
LOAD ./Drivers/STM32F4xx_HAL_Driver/Src/stm32f4xx_hal_rcc.o
LOAD ./Drivers/STM32F4xx_HAL_Driver/Src/stm32f4xx_hal_rcc_ex.o
LOAD ./Drivers/STM32F4xx_HAL_Driver/Src/stm32f4xx_hal_tim.o
LOAD ./Drivers/STM32F4xx_HAL_Driver/Src/stm32f4xx_hal_tim_ex.o
LOAD ./Drivers/STM32F4xx_HAL_Driver/Src/stm32f4xx_hal_uart.o
LOAD ./Drivers/STM32F4xx_HAL_Driver/Src/stm32f4xx_ll_adc.o
START GROUP
LOAD C:/ST/STM32CubeIDE_1.19.0/STM32CubeIDE/plugins/com.st.stm32cube.ide.mcu.externaltools.gnu-tools-for-stm32.13.3.rel1.win32_1.0.0.202411081344/tools/bin/../lib/gcc/arm-none-eabi/13.3.1/../../../../arm-none-eabi/lib/thumb/v7e-m+fp/hard\libc_nano.a
LOAD C:/ST/STM32CubeIDE_1.19.0/STM32CubeIDE/plugins/com.st.stm32cube.ide.mcu.externaltools.gnu-tools-for-stm32.13.3.rel1.win32_1.0.0.202411081344/tools/bin/../lib/gcc/arm-none-eabi/13.3.1/../../../../arm-none-eabi/lib/thumb/v7e-m+fp/hard\libm.a
END GROUP
START GROUP
LOAD C:/ST/STM32CubeIDE_1.19.0/STM32CubeIDE/plugins/com.st.stm32cube.ide.mcu.externaltools.gnu-tools-for-stm32.13.3.rel1.win32_1.0.0.202411081344/tools/bin/../lib/gcc/arm-none-eabi/13.3.1/thumb/v7e-m+fp/hard\libgcc.a
LOAD C:/ST/STM32CubeIDE_1.19.0/STM32CubeIDE/plugins/com.st.stm32cube.ide.mcu.externaltools.gnu-tools-for-stm32.13.3.rel1.win32_1.0.0.202411081344/tools/bin/../lib/gcc/arm-none-eabi/13.3.1/../../../../arm-none-eabi/lib/thumb/v7e-m+fp/hard\libc_nano.a
END GROUP
START GROUP
LOAD C:/ST/STM32CubeIDE_1.19.0/STM32CubeIDE/plugins/com.st.stm32cube.ide.mcu.externaltools.gnu-tools-for-stm32.13.3.rel1.win32_1.0.0.202411081344/tools/bin/../lib/gcc/arm-none-eabi/13.3.1/thumb/v7e-m+fp/hard\libgcc.a
LOAD C:/ST/STM32CubeIDE_1.19.0/STM32CubeIDE/plugins/com.st.stm32cube.ide.mcu.externaltools.gnu-tools-for-stm32.13.3.rel1.win32_1.0.0.202411081344/tools/bin/../lib/gcc/arm-none-eabi/13.3.1/../../../../arm-none-eabi/lib/thumb/v7e-m+fp/hard\libc_nano.a
LOAD C:/ST/STM32CubeIDE_1.19.0/STM32CubeIDE/plugins/com.st.stm32cube.ide.mcu.externaltools.gnu-tools-for-stm32.13.3.rel1.win32_1.0.0.202411081344/tools/bin/../lib/gcc/arm-none-eabi/13.3.1/../../../../arm-none-eabi/lib/thumb/v7e-m+fp/hard\libnosys.a
END GROUP
START GROUP
LOAD C:/ST/STM32CubeIDE_1.19.0/STM32CubeIDE/plugins/com.st.stm32cube.ide.mcu.externaltools.gnu-tools-for-stm32.13.3.rel1.win32_1.0.0.202411081344/tools/bin/../lib/gcc/arm-none-eabi/13.3.1/thumb/v7e-m+fp/hard\libgcc.a
LOAD C:/ST/STM32CubeIDE_1.19.0/STM32CubeIDE/plugins/com.st.stm32cube.ide.mcu.externaltools.gnu-tools-for-stm32.13.3.rel1.win32_1.0.0.202411081344/tools/bin/../lib/gcc/arm-none-eabi/13.3.1/../../../../arm-none-eabi/lib/thumb/v7e-m+fp/hard\libc_nano.a
LOAD C:/ST/STM32CubeIDE_1.19.0/STM32CubeIDE/plugins/com.st.stm32cube.ide.mcu.externaltools.gnu-tools-for-stm32.13.3.rel1.win32_1.0.0.202411081344/tools/bin/../lib/gcc/arm-none-eabi/13.3.1/../../../../arm-none-eabi/lib/thumb/v7e-m+fp/hard\libnosys.a
END GROUP
LOAD C:/ST/STM32CubeIDE_1.19.0/STM32CubeIDE/plugins/com.st.stm32cube.ide.mcu.externaltools.gnu-tools-for-stm32.13.3.rel1.win32_1.0.0.202411081344/tools/bin/../lib/gcc/arm-none-eabi/13.3.1/thumb/v7e-m+fp/hard/crtend.o
LOAD C:/ST/STM32CubeIDE_1.19.0/STM32CubeIDE/plugins/com.st.stm32cube.ide.mcu.externaltools.gnu-tools-for-stm32.13.3.rel1.win32_1.0.0.202411081344/tools/bin/../lib/gcc/arm-none-eabi/13.3.1/thumb/v7e-m+fp/hard/crtn.o
                0x20020000                        _estack = (ORIGIN (RAM) + LENGTH (RAM))
                0x00000200                        _Min_Heap_Size = 0x200
                0x00000400                        _Min_Stack_Size = 0x400

.isr_vector     0x08000000      0x188
                0x08000000                        . = ALIGN (0x4)
 *(.isr_vector)
 .isr_vector    0x08000000      0x188 ./Core/Startup/startup_stm32f405rgtx.o
                0x08000000                g_pfnVectors
                0x08000188                        . = ALIGN (0x4)

.text           0x08000188     0x7b0c
                0x08000188                        . = ALIGN (0x4)
 *(.text)
 .text          0x08000188       0x40 C:/ST/STM32CubeIDE_1.19.0/STM32CubeIDE/plugins/com.st.stm32cube.ide.mcu.externaltools.gnu-tools-for-stm32.13.3.rel1.win32_1.0.0.202411081344/tools/bin/../lib/gcc/arm-none-eabi/13.3.1/thumb/v7e-m+fp/hard/crtbegin.o
 .text          0x080001c8      0x378 C:/ST/STM32CubeIDE_1.19.0/STM32CubeIDE/plugins/com.st.stm32cube.ide.mcu.externaltools.gnu-tools-for-stm32.13.3.rel1.win32_1.0.0.202411081344/tools/bin/../lib/gcc/arm-none-eabi/13.3.1/thumb/v7e-m+fp/hard\libgcc.a(_arm_addsubdf3.o)
                0x080001c8                __aeabi_drsub
                0x080001d0                __aeabi_dsub
                0x080001d0                __subdf3
                0x080001d4                __aeabi_dadd
                0x080001d4                __adddf3
                0x0800044c                __floatunsidf
                0x0800044c                __aeabi_ui2d
                0x0800046c                __floatsidf
                0x0800046c                __aeabi_i2d
                0x08000490                __aeabi_f2d
                0x08000490                __extendsfdf2
                0x080004d4                __floatundidf
                0x080004d4                __aeabi_ul2d
                0x080004e4                __floatdidf
                0x080004e4                __aeabi_l2d
 .text          0x08000540      0x424 C:/ST/STM32CubeIDE_1.19.0/STM32CubeIDE/plugins/com.st.stm32cube.ide.mcu.externaltools.gnu-tools-for-stm32.13.3.rel1.win32_1.0.0.202411081344/tools/bin/../lib/gcc/arm-none-eabi/13.3.1/thumb/v7e-m+fp/hard\libgcc.a(_arm_muldivdf3.o)
                0x08000540                __aeabi_dmul
                0x08000540                __muldf3
                0x08000794                __divdf3
                0x08000794                __aeabi_ddiv
 .text          0x08000964       0x50 C:/ST/STM32CubeIDE_1.19.0/STM32CubeIDE/plugins/com.st.stm32cube.ide.mcu.externaltools.gnu-tools-for-stm32.13.3.rel1.win32_1.0.0.202411081344/tools/bin/../lib/gcc/arm-none-eabi/13.3.1/thumb/v7e-m+fp/hard\libgcc.a(_arm_fixdfsi.o)
                0x08000964                __aeabi_d2iz
                0x08000964                __fixdfsi
 .text          0x080009b4       0x40 C:/ST/STM32CubeIDE_1.19.0/STM32CubeIDE/plugins/com.st.stm32cube.ide.mcu.externaltools.gnu-tools-for-stm32.13.3.rel1.win32_1.0.0.202411081344/tools/bin/../lib/gcc/arm-none-eabi/13.3.1/thumb/v7e-m+fp/hard\libgcc.a(_arm_fixunsdfsi.o)
                0x080009b4                __aeabi_d2uiz
                0x080009b4                __fixunsdfsi
 .text          0x080009f4       0xa0 C:/ST/STM32CubeIDE_1.19.0/STM32CubeIDE/plugins/com.st.stm32cube.ide.mcu.externaltools.gnu-tools-for-stm32.13.3.rel1.win32_1.0.0.202411081344/tools/bin/../lib/gcc/arm-none-eabi/13.3.1/thumb/v7e-m+fp/hard\libgcc.a(_arm_truncdfsf2.o)
                0x080009f4                __truncdfsf2
                0x080009f4                __aeabi_d2f
 .text          0x08000a94       0x30 C:/ST/STM32CubeIDE_1.19.0/STM32CubeIDE/plugins/com.st.stm32cube.ide.mcu.externaltools.gnu-tools-for-stm32.13.3.rel1.win32_1.0.0.202411081344/tools/bin/../lib/gcc/arm-none-eabi/13.3.1/thumb/v7e-m+fp/hard\libgcc.a(_aeabi_uldivmod.o)
                0x08000a94                __aeabi_uldivmod
 .text          0x08000ac4      0x2f8 C:/ST/STM32CubeIDE_1.19.0/STM32CubeIDE/plugins/com.st.stm32cube.ide.mcu.externaltools.gnu-tools-for-stm32.13.3.rel1.win32_1.0.0.202411081344/tools/bin/../lib/gcc/arm-none-eabi/13.3.1/thumb/v7e-m+fp/hard\libgcc.a(_udivmoddi4.o)
                0x08000ac4                __udivmoddi4
 .text          0x08000dbc        0x4 C:/ST/STM32CubeIDE_1.19.0/STM32CubeIDE/plugins/com.st.stm32cube.ide.mcu.externaltools.gnu-tools-for-stm32.13.3.rel1.win32_1.0.0.202411081344/tools/bin/../lib/gcc/arm-none-eabi/13.3.1/thumb/v7e-m+fp/hard\libgcc.a(_dvmd_tls.o)
                0x08000dbc                __aeabi_idiv0
                0x08000dbc                __aeabi_ldiv0
 *(.text*)
 .text.control_table_init
                0x08000dc0       0xb8 ./Core/Src/control_table.o
                0x08000dc0                control_table_init
 .text.process_packet
                0x08000e78       0xe2 ./Core/Src/dynamixel_protocol.o
                0x08000e78                process_packet
 .text.handle_ping
                0x08000f5a       0x32 ./Core/Src/dynamixel_protocol.o
 .text.handle_read
                0x08000f8c       0x78 ./Core/Src/dynamixel_protocol.o
 .text.handle_write
                0x08001004       0xc4 ./Core/Src/dynamixel_protocol.o
 .text.send_status_packet
                0x080010c8       0xc8 ./Core/Src/dynamixel_protocol.o
 .text.RS485_Transmit
                0x08001190       0x34 ./Core/Src/dynamixel_protocol.o
                0x08001190                RS485_Transmit
 .text.update_crc
                0x080011c4       0xdc ./Core/Src/dynamixel_protocol.o
                0x080011c4                update_crc
 .text.current_pi_controller
                0x080012a0      0x1c8 ./Core/Src/main.o
                0x080012a0                current_pi_controller
 .text.velocity_pid_controller
                0x08001468      0x174 ./Core/Src/main.o
                0x08001468                velocity_pid_controller
 .text.position_pid_controller
                0x080015dc      0x164 ./Core/Src/main.o
                0x080015dc                position_pid_controller
 .text.convert_adc_to_current
                0x08001740       0xcc ./Core/Src/main.o
                0x08001740                convert_adc_to_current
 .text.calibrate_current_sensors
                0x0800180c      0x11c ./Core/Src/main.o
                0x0800180c                calibrate_current_sensors
 .text.calculate_speed_from_capture
                0x08001928      0x150 ./Core/Src/main.o
                0x08001928                calculate_speed_from_capture
 .text.update_angle_from_encoder
                0x08001a78       0x34 ./Core/Src/main.o
                0x08001a78                update_angle_from_encoder
 .text.read_hall_sensors
                0x08001aac       0x5c ./Core/Src/main.o
                0x08001aac                read_hall_sensors
 .text.reset_pid_controllers
                0x08001b08       0x48 ./Core/Src/main.o
                0x08001b08                reset_pid_controllers
 .text.torque_enable
                0x08001b50       0x64 ./Core/Src/main.o
                0x08001b50                torque_enable
 .text.torque_disable
                0x08001bb4       0x4c ./Core/Src/main.o
                0x08001bb4                torque_disable
 .text.SetPhase_PWM
                0x08001c00       0x78 ./Core/Src/main.o
                0x08001c00                SetPhase_PWM
 .text.SetPhase_GND
                0x08001c78       0x70 ./Core/Src/main.o
                0x08001c78                SetPhase_GND
 .text.SetPhase_FLOAT
                0x08001ce8       0x54 ./Core/Src/main.o
                0x08001ce8                SetPhase_FLOAT
 .text.sixStepCommutation
                0x08001d3c       0xe4 ./Core/Src/main.o
                0x08001d3c                sixStepCommutation
 .text.getActivePhaseCurrent
                0x08001e20      0x104 ./Core/Src/main.o
                0x08001e20                getActivePhaseCurrent
 .text.main     0x08001f24      0x100 ./Core/Src/main.o
                0x08001f24                main
 .text.SystemClock_Config
                0x08002024       0xd0 ./Core/Src/main.o
                0x08002024                SystemClock_Config
 .text.MX_ADC1_Init
                0x080020f4      0x128 ./Core/Src/main.o
 .text.MX_TIM1_Init
                0x0800221c      0x190 ./Core/Src/main.o
 .text.MX_TIM2_Init
                0x080023ac       0xa8 ./Core/Src/main.o
 .text.MX_TIM3_Init
                0x08002454       0xe0 ./Core/Src/main.o
 .text.MX_TIM6_Init
                0x08002534       0x6c ./Core/Src/main.o
 .text.MX_USART1_UART_Init
                0x080025a0       0x54 ./Core/Src/main.o
 .text.MX_GPIO_Init
                0x080025f4      0x108 ./Core/Src/main.o
 .text.HAL_UART_TxCpltCallback
                0x080026fc       0x40 ./Core/Src/main.o
                0x080026fc                HAL_UART_TxCpltCallback
 .text.HAL_UART_RxCpltCallback
                0x0800273c      0x1b8 ./Core/Src/main.o
                0x0800273c                HAL_UART_RxCpltCallback
 .text.HAL_ADCEx_InjectedConvCpltCallback
                0x080028f4      0x148 ./Core/Src/main.o
                0x080028f4                HAL_ADCEx_InjectedConvCpltCallback
 .text.HAL_TIM_PeriodElapsedCallback
                0x08002a3c      0x14c ./Core/Src/main.o
                0x08002a3c                HAL_TIM_PeriodElapsedCallback
 .text.HAL_TIM_IC_CaptureCallback
                0x08002b88       0x8c ./Core/Src/main.o
                0x08002b88                HAL_TIM_IC_CaptureCallback
 .text.Error_Handler
                0x08002c14        0xc ./Core/Src/main.o
                0x08002c14                Error_Handler
 .text.HAL_MspInit
                0x08002c20       0x50 ./Core/Src/stm32f4xx_hal_msp.o
                0x08002c20                HAL_MspInit
 .text.HAL_ADC_MspInit
                0x08002c70       0xd0 ./Core/Src/stm32f4xx_hal_msp.o
                0x08002c70                HAL_ADC_MspInit
 .text.HAL_TIM_Base_MspInit
                0x08002d40      0x108 ./Core/Src/stm32f4xx_hal_msp.o
                0x08002d40                HAL_TIM_Base_MspInit
 .text.HAL_TIM_Encoder_MspInit
                0x08002e48       0x8c ./Core/Src/stm32f4xx_hal_msp.o
                0x08002e48                HAL_TIM_Encoder_MspInit
 .text.HAL_TIM_MspPostInit
                0x08002ed4       0x74 ./Core/Src/stm32f4xx_hal_msp.o
                0x08002ed4                HAL_TIM_MspPostInit
 .text.HAL_UART_MspInit
                0x08002f48       0xa0 ./Core/Src/stm32f4xx_hal_msp.o
                0x08002f48                HAL_UART_MspInit
 .text.NMI_Handler
                0x08002fe8        0x8 ./Core/Src/stm32f4xx_it.o
                0x08002fe8                NMI_Handler
 .text.HardFault_Handler
                0x08002ff0        0x8 ./Core/Src/stm32f4xx_it.o
                0x08002ff0                HardFault_Handler
 .text.MemManage_Handler
                0x08002ff8        0x8 ./Core/Src/stm32f4xx_it.o
                0x08002ff8                MemManage_Handler
 .text.BusFault_Handler
                0x08003000        0x8 ./Core/Src/stm32f4xx_it.o
                0x08003000                BusFault_Handler
 .text.UsageFault_Handler
                0x08003008        0x8 ./Core/Src/stm32f4xx_it.o
                0x08003008                UsageFault_Handler
 .text.SVC_Handler
                0x08003010        0xe ./Core/Src/stm32f4xx_it.o
                0x08003010                SVC_Handler
 .text.DebugMon_Handler
                0x0800301e        0xe ./Core/Src/stm32f4xx_it.o
                0x0800301e                DebugMon_Handler
 .text.PendSV_Handler
                0x0800302c        0xe ./Core/Src/stm32f4xx_it.o
                0x0800302c                PendSV_Handler
 .text.SysTick_Handler
                0x0800303a        0xc ./Core/Src/stm32f4xx_it.o
                0x0800303a                SysTick_Handler
 *fill*         0x08003046        0x2 
 .text.ADC_IRQHandler
                0x08003048       0x14 ./Core/Src/stm32f4xx_it.o
                0x08003048                ADC_IRQHandler
 .text.TIM3_IRQHandler
                0x0800305c       0x14 ./Core/Src/stm32f4xx_it.o
                0x0800305c                TIM3_IRQHandler
 .text.USART1_IRQHandler
                0x08003070       0x14 ./Core/Src/stm32f4xx_it.o
                0x08003070                USART1_IRQHandler
 .text.TIM6_DAC_IRQHandler
                0x08003084       0x14 ./Core/Src/stm32f4xx_it.o
                0x08003084                TIM6_DAC_IRQHandler
 .text.SystemInit
                0x08003098       0x24 ./Core/Src/system_stm32f4xx.o
                0x08003098                SystemInit
 .text.Reset_Handler
                0x080030bc       0x50 ./Core/Startup/startup_stm32f405rgtx.o
                0x080030bc                Reset_Handler
 .text.Default_Handler
                0x0800310c        0x2 ./Core/Startup/startup_stm32f405rgtx.o
                0x0800310c                RTC_Alarm_IRQHandler
                0x0800310c                HASH_RNG_IRQHandler
                0x0800310c                EXTI2_IRQHandler
                0x0800310c                TIM8_CC_IRQHandler
                0x0800310c                TIM1_CC_IRQHandler
                0x0800310c                DMA2_Stream5_IRQHandler
                0x0800310c                DMA1_Stream5_IRQHandler
                0x0800310c                PVD_IRQHandler
                0x0800310c                SDIO_IRQHandler
                0x0800310c                TAMP_STAMP_IRQHandler
                0x0800310c                CAN2_RX1_IRQHandler
                0x0800310c                EXTI3_IRQHandler
                0x0800310c                TIM8_TRG_COM_TIM14_IRQHandler
                0x0800310c                TIM1_UP_TIM10_IRQHandler
                0x0800310c                TIM8_UP_TIM13_IRQHandler
                0x0800310c                I2C3_ER_IRQHandler
                0x0800310c                EXTI0_IRQHandler
                0x0800310c                I2C2_EV_IRQHandler
                0x0800310c                DMA1_Stream2_IRQHandler
                0x0800310c                CAN1_RX0_IRQHandler
                0x0800310c                FPU_IRQHandler
                0x0800310c                OTG_HS_WKUP_IRQHandler
                0x0800310c                CAN2_SCE_IRQHandler
                0x0800310c                DMA2_Stream2_IRQHandler
                0x0800310c                SPI1_IRQHandler
                0x0800310c                TIM1_BRK_TIM9_IRQHandler
                0x0800310c                CAN2_RX0_IRQHandler
                0x0800310c                DMA2_Stream3_IRQHandler
                0x0800310c                USART6_IRQHandler
                0x0800310c                USART3_IRQHandler
                0x0800310c                CAN1_RX1_IRQHandler
                0x0800310c                UART5_IRQHandler
                0x0800310c                DMA2_Stream0_IRQHandler
                0x0800310c                TIM4_IRQHandler
                0x0800310c                I2C1_EV_IRQHandler
                0x0800310c                DMA1_Stream6_IRQHandler
                0x0800310c                DMA1_Stream1_IRQHandler
                0x0800310c                UART4_IRQHandler
                0x0800310c                RCC_IRQHandler
                0x0800310c                TIM8_BRK_TIM12_IRQHandler
                0x0800310c                Default_Handler
                0x0800310c                EXTI15_10_IRQHandler
                0x0800310c                DMA1_Stream7_IRQHandler
                0x0800310c                TIM7_IRQHandler
                0x0800310c                CAN2_TX_IRQHandler
                0x0800310c                TIM5_IRQHandler
                0x0800310c                DMA2_Stream7_IRQHandler
                0x0800310c                I2C3_EV_IRQHandler
                0x0800310c                EXTI9_5_IRQHandler
                0x0800310c                RTC_WKUP_IRQHandler
                0x0800310c                SPI2_IRQHandler
                0x0800310c                OTG_HS_EP1_IN_IRQHandler
                0x0800310c                DMA1_Stream0_IRQHandler
                0x0800310c                CAN1_TX_IRQHandler
                0x0800310c                EXTI4_IRQHandler
                0x0800310c                FSMC_IRQHandler
                0x0800310c                OTG_HS_EP1_OUT_IRQHandler
                0x0800310c                WWDG_IRQHandler
                0x0800310c                TIM2_IRQHandler
                0x0800310c                OTG_FS_WKUP_IRQHandler
                0x0800310c                TIM1_TRG_COM_TIM11_IRQHandler
                0x0800310c                OTG_HS_IRQHandler
                0x0800310c                EXTI1_IRQHandler
                0x0800310c                USART2_IRQHandler
                0x0800310c                I2C2_ER_IRQHandler
                0x0800310c                DMA2_Stream1_IRQHandler
                0x0800310c                CAN1_SCE_IRQHandler
                0x0800310c                FLASH_IRQHandler
                0x0800310c                DMA2_Stream4_IRQHandler
                0x0800310c                OTG_FS_IRQHandler
                0x0800310c                SPI3_IRQHandler
                0x0800310c                DMA1_Stream4_IRQHandler
                0x0800310c                I2C1_ER_IRQHandler
                0x0800310c                DMA2_Stream6_IRQHandler
                0x0800310c                DMA1_Stream3_IRQHandler
 *fill*         0x0800310e        0x2 
 .text.HAL_Init
                0x08003110       0x44 ./Drivers/STM32F4xx_HAL_Driver/Src/stm32f4xx_hal.o
                0x08003110                HAL_Init
 .text.HAL_InitTick
                0x08003154       0x60 ./Drivers/STM32F4xx_HAL_Driver/Src/stm32f4xx_hal.o
                0x08003154                HAL_InitTick
 .text.HAL_IncTick
                0x080031b4       0x28 ./Drivers/STM32F4xx_HAL_Driver/Src/stm32f4xx_hal.o
                0x080031b4                HAL_IncTick
 .text.HAL_GetTick
                0x080031dc       0x18 ./Drivers/STM32F4xx_HAL_Driver/Src/stm32f4xx_hal.o
                0x080031dc                HAL_GetTick
 .text.HAL_Delay
                0x080031f4       0x48 ./Drivers/STM32F4xx_HAL_Driver/Src/stm32f4xx_hal.o
                0x080031f4                HAL_Delay
 .text.HAL_ADC_Init
                0x0800323c       0x86 ./Drivers/STM32F4xx_HAL_Driver/Src/stm32f4xx_hal_adc.o
                0x0800323c                HAL_ADC_Init
 *fill*         0x080032c2        0x2 
 .text.HAL_ADC_Start
                0x080032c4      0x1a4 ./Drivers/STM32F4xx_HAL_Driver/Src/stm32f4xx_hal_adc.o
                0x080032c4                HAL_ADC_Start
 .text.HAL_ADC_Stop
                0x08003468       0x66 ./Drivers/STM32F4xx_HAL_Driver/Src/stm32f4xx_hal_adc.o
                0x08003468                HAL_ADC_Stop
 .text.HAL_ADC_PollForConversion
                0x080034ce      0x116 ./Drivers/STM32F4xx_HAL_Driver/Src/stm32f4xx_hal_adc.o
                0x080034ce                HAL_ADC_PollForConversion
 .text.HAL_ADC_IRQHandler
                0x080035e4      0x220 ./Drivers/STM32F4xx_HAL_Driver/Src/stm32f4xx_hal_adc.o
                0x080035e4                HAL_ADC_IRQHandler
 .text.HAL_ADC_GetValue
                0x08003804       0x1a ./Drivers/STM32F4xx_HAL_Driver/Src/stm32f4xx_hal_adc.o
                0x08003804                HAL_ADC_GetValue
 .text.HAL_ADC_ConvCpltCallback
                0x0800381e       0x14 ./Drivers/STM32F4xx_HAL_Driver/Src/stm32f4xx_hal_adc.o
                0x0800381e                HAL_ADC_ConvCpltCallback
 .text.HAL_ADC_LevelOutOfWindowCallback
                0x08003832       0x14 ./Drivers/STM32F4xx_HAL_Driver/Src/stm32f4xx_hal_adc.o
                0x08003832                HAL_ADC_LevelOutOfWindowCallback
 .text.HAL_ADC_ErrorCallback
                0x08003846       0x14 ./Drivers/STM32F4xx_HAL_Driver/Src/stm32f4xx_hal_adc.o
                0x08003846                HAL_ADC_ErrorCallback
 *fill*         0x0800385a        0x2 
 .text.HAL_ADC_ConfigChannel
                0x0800385c      0x244 ./Drivers/STM32F4xx_HAL_Driver/Src/stm32f4xx_hal_adc.o
                0x0800385c                HAL_ADC_ConfigChannel
 .text.ADC_Init
                0x08003aa0      0x1f8 ./Drivers/STM32F4xx_HAL_Driver/Src/stm32f4xx_hal_adc.o
 .text.HAL_ADCEx_InjectedStart_IT
                0x08003c98      0x1a4 ./Drivers/STM32F4xx_HAL_Driver/Src/stm32f4xx_hal_adc_ex.o
                0x08003c98                HAL_ADCEx_InjectedStart_IT
 .text.HAL_ADCEx_InjectedGetValue
                0x08003e3c       0x70 ./Drivers/STM32F4xx_HAL_Driver/Src/stm32f4xx_hal_adc_ex.o
                0x08003e3c                HAL_ADCEx_InjectedGetValue
 .text.HAL_ADCEx_InjectedConfigChannel
                0x08003eac      0x32c ./Drivers/STM32F4xx_HAL_Driver/Src/stm32f4xx_hal_adc_ex.o
                0x08003eac                HAL_ADCEx_InjectedConfigChannel
 .text.__NVIC_SetPriorityGrouping
                0x080041d8       0x48 ./Drivers/STM32F4xx_HAL_Driver/Src/stm32f4xx_hal_cortex.o
 .text.__NVIC_GetPriorityGrouping
                0x08004220       0x1c ./Drivers/STM32F4xx_HAL_Driver/Src/stm32f4xx_hal_cortex.o
 .text.__NVIC_EnableIRQ
                0x0800423c       0x3c ./Drivers/STM32F4xx_HAL_Driver/Src/stm32f4xx_hal_cortex.o
 .text.__NVIC_SetPriority
                0x08004278       0x54 ./Drivers/STM32F4xx_HAL_Driver/Src/stm32f4xx_hal_cortex.o
 .text.NVIC_EncodePriority
                0x080042cc       0x66 ./Drivers/STM32F4xx_HAL_Driver/Src/stm32f4xx_hal_cortex.o
 *fill*         0x08004332        0x2 
 .text.SysTick_Config
                0x08004334       0x44 ./Drivers/STM32F4xx_HAL_Driver/Src/stm32f4xx_hal_cortex.o
 .text.HAL_NVIC_SetPriorityGrouping
                0x08004378       0x16 ./Drivers/STM32F4xx_HAL_Driver/Src/stm32f4xx_hal_cortex.o
                0x08004378                HAL_NVIC_SetPriorityGrouping
 .text.HAL_NVIC_SetPriority
                0x0800438e       0x38 ./Drivers/STM32F4xx_HAL_Driver/Src/stm32f4xx_hal_cortex.o
                0x0800438e                HAL_NVIC_SetPriority
 .text.HAL_NVIC_EnableIRQ
                0x080043c6       0x1c ./Drivers/STM32F4xx_HAL_Driver/Src/stm32f4xx_hal_cortex.o
                0x080043c6                HAL_NVIC_EnableIRQ
 .text.HAL_SYSTICK_Config
                0x080043e2       0x18 ./Drivers/STM32F4xx_HAL_Driver/Src/stm32f4xx_hal_cortex.o
                0x080043e2                HAL_SYSTICK_Config
 .text.HAL_DMA_Abort
                0x080043fa       0xe0 ./Drivers/STM32F4xx_HAL_Driver/Src/stm32f4xx_hal_dma.o
                0x080043fa                HAL_DMA_Abort
 .text.HAL_DMA_Abort_IT
                0x080044da       0x44 ./Drivers/STM32F4xx_HAL_Driver/Src/stm32f4xx_hal_dma.o
                0x080044da                HAL_DMA_Abort_IT
 *fill*         0x0800451e        0x2 
 .text.HAL_GPIO_Init
                0x08004520      0x338 ./Drivers/STM32F4xx_HAL_Driver/Src/stm32f4xx_hal_gpio.o
                0x08004520                HAL_GPIO_Init
 .text.HAL_GPIO_ReadPin
                0x08004858       0x30 ./Drivers/STM32F4xx_HAL_Driver/Src/stm32f4xx_hal_gpio.o
                0x08004858                HAL_GPIO_ReadPin
 .text.HAL_GPIO_WritePin
                0x08004888       0x32 ./Drivers/STM32F4xx_HAL_Driver/Src/stm32f4xx_hal_gpio.o
                0x08004888                HAL_GPIO_WritePin
 *fill*         0x080048ba        0x2 
 .text.HAL_RCC_OscConfig
                0x080048bc      0x4f0 ./Drivers/STM32F4xx_HAL_Driver/Src/stm32f4xx_hal_rcc.o
                0x080048bc                HAL_RCC_OscConfig
 .text.HAL_RCC_ClockConfig
                0x08004dac      0x1cc ./Drivers/STM32F4xx_HAL_Driver/Src/stm32f4xx_hal_rcc.o
                0x08004dac                HAL_RCC_ClockConfig
 .text.HAL_RCC_GetSysClockFreq
                0x08004f78      0x18c ./Drivers/STM32F4xx_HAL_Driver/Src/stm32f4xx_hal_rcc.o
                0x08004f78                HAL_RCC_GetSysClockFreq
 .text.HAL_RCC_GetHCLKFreq
                0x08005104       0x18 ./Drivers/STM32F4xx_HAL_Driver/Src/stm32f4xx_hal_rcc.o
                0x08005104                HAL_RCC_GetHCLKFreq
 .text.HAL_RCC_GetPCLK1Freq
                0x0800511c       0x28 ./Drivers/STM32F4xx_HAL_Driver/Src/stm32f4xx_hal_rcc.o
                0x0800511c                HAL_RCC_GetPCLK1Freq
 .text.HAL_RCC_GetPCLK2Freq
                0x08005144       0x28 ./Drivers/STM32F4xx_HAL_Driver/Src/stm32f4xx_hal_rcc.o
                0x08005144                HAL_RCC_GetPCLK2Freq
 .text.HAL_TIM_Base_Init
                0x0800516c       0x9e ./Drivers/STM32F4xx_HAL_Driver/Src/stm32f4xx_hal_tim.o
                0x0800516c                HAL_TIM_Base_Init
 *fill*         0x0800520a        0x2 
 .text.HAL_TIM_Base_Start
                0x0800520c       0xd0 ./Drivers/STM32F4xx_HAL_Driver/Src/stm32f4xx_hal_tim.o
                0x0800520c                HAL_TIM_Base_Start
 .text.HAL_TIM_Base_Start_IT
                0x080052dc       0xe0 ./Drivers/STM32F4xx_HAL_Driver/Src/stm32f4xx_hal_tim.o
                0x080052dc                HAL_TIM_Base_Start_IT
 .text.HAL_TIM_PWM_Init
                0x080053bc       0x9e ./Drivers/STM32F4xx_HAL_Driver/Src/stm32f4xx_hal_tim.o
                0x080053bc                HAL_TIM_PWM_Init
 .text.HAL_TIM_PWM_MspInit
                0x0800545a       0x14 ./Drivers/STM32F4xx_HAL_Driver/Src/stm32f4xx_hal_tim.o
                0x0800545a                HAL_TIM_PWM_MspInit
 *fill*         0x0800546e        0x2 
 .text.HAL_TIM_PWM_Start
                0x08005470      0x190 ./Drivers/STM32F4xx_HAL_Driver/Src/stm32f4xx_hal_tim.o
                0x08005470                HAL_TIM_PWM_Start
 .text.HAL_TIM_IC_Init
                0x08005600       0x9e ./Drivers/STM32F4xx_HAL_Driver/Src/stm32f4xx_hal_tim.o
                0x08005600                HAL_TIM_IC_Init
 .text.HAL_TIM_IC_MspInit
                0x0800569e       0x14 ./Drivers/STM32F4xx_HAL_Driver/Src/stm32f4xx_hal_tim.o
                0x0800569e                HAL_TIM_IC_MspInit
 *fill*         0x080056b2        0x2 
 .text.HAL_TIM_IC_Start_IT
                0x080056b4      0x250 ./Drivers/STM32F4xx_HAL_Driver/Src/stm32f4xx_hal_tim.o
                0x080056b4                HAL_TIM_IC_Start_IT
 .text.HAL_TIM_Encoder_Init
                0x08005904      0x14c ./Drivers/STM32F4xx_HAL_Driver/Src/stm32f4xx_hal_tim.o
                0x08005904                HAL_TIM_Encoder_Init
 .text.HAL_TIM_Encoder_Start
                0x08005a50      0x11c ./Drivers/STM32F4xx_HAL_Driver/Src/stm32f4xx_hal_tim.o
                0x08005a50                HAL_TIM_Encoder_Start
 .text.HAL_TIM_IRQHandler
                0x08005b6c      0x1e0 ./Drivers/STM32F4xx_HAL_Driver/Src/stm32f4xx_hal_tim.o
                0x08005b6c                HAL_TIM_IRQHandler
 .text.HAL_TIM_IC_ConfigChannel
                0x08005d4c      0x138 ./Drivers/STM32F4xx_HAL_Driver/Src/stm32f4xx_hal_tim.o
                0x08005d4c                HAL_TIM_IC_ConfigChannel
 .text.HAL_TIM_PWM_ConfigChannel
                0x08005e84      0x184 ./Drivers/STM32F4xx_HAL_Driver/Src/stm32f4xx_hal_tim.o
                0x08005e84                HAL_TIM_PWM_ConfigChannel
 .text.HAL_TIM_ConfigClockSource
                0x08006008      0x18e ./Drivers/STM32F4xx_HAL_Driver/Src/stm32f4xx_hal_tim.o
                0x08006008                HAL_TIM_ConfigClockSource
 *fill*         0x08006196        0x2 
 .text.HAL_TIM_ReadCapturedValue
                0x08006198       0x88 ./Drivers/STM32F4xx_HAL_Driver/Src/stm32f4xx_hal_tim.o
                0x08006198                HAL_TIM_ReadCapturedValue
 .text.HAL_TIM_OC_DelayElapsedCallback
                0x08006220       0x14 ./Drivers/STM32F4xx_HAL_Driver/Src/stm32f4xx_hal_tim.o
                0x08006220                HAL_TIM_OC_DelayElapsedCallback
 .text.HAL_TIM_PWM_PulseFinishedCallback
                0x08006234       0x14 ./Drivers/STM32F4xx_HAL_Driver/Src/stm32f4xx_hal_tim.o
                0x08006234                HAL_TIM_PWM_PulseFinishedCallback
 .text.HAL_TIM_TriggerCallback
                0x08006248       0x14 ./Drivers/STM32F4xx_HAL_Driver/Src/stm32f4xx_hal_tim.o
                0x08006248                HAL_TIM_TriggerCallback
 .text.TIM_Base_SetConfig
                0x0800625c      0x14c ./Drivers/STM32F4xx_HAL_Driver/Src/stm32f4xx_hal_tim.o
                0x0800625c                TIM_Base_SetConfig
 .text.TIM_OC1_SetConfig
                0x080063a8       0xe0 ./Drivers/STM32F4xx_HAL_Driver/Src/stm32f4xx_hal_tim.o
 .text.TIM_OC2_SetConfig
                0x08006488       0xec ./Drivers/STM32F4xx_HAL_Driver/Src/stm32f4xx_hal_tim.o
                0x08006488                TIM_OC2_SetConfig
 .text.TIM_OC3_SetConfig
                0x08006574       0xe8 ./Drivers/STM32F4xx_HAL_Driver/Src/stm32f4xx_hal_tim.o
 .text.TIM_OC4_SetConfig
                0x0800665c       0xac ./Drivers/STM32F4xx_HAL_Driver/Src/stm32f4xx_hal_tim.o
 .text.TIM_TI1_SetConfig
                0x08006708       0xe8 ./Drivers/STM32F4xx_HAL_Driver/Src/stm32f4xx_hal_tim.o
                0x08006708                TIM_TI1_SetConfig
 .text.TIM_TI1_ConfigInputStage
                0x080067f0       0x5e ./Drivers/STM32F4xx_HAL_Driver/Src/stm32f4xx_hal_tim.o
 .text.TIM_TI2_SetConfig
                0x0800684e       0x7a ./Drivers/STM32F4xx_HAL_Driver/Src/stm32f4xx_hal_tim.o
 .text.TIM_TI2_ConfigInputStage
                0x080068c8       0x60 ./Drivers/STM32F4xx_HAL_Driver/Src/stm32f4xx_hal_tim.o
 .text.TIM_TI3_SetConfig
                0x08006928       0x78 ./Drivers/STM32F4xx_HAL_Driver/Src/stm32f4xx_hal_tim.o
 .text.TIM_TI4_SetConfig
                0x080069a0       0x7a ./Drivers/STM32F4xx_HAL_Driver/Src/stm32f4xx_hal_tim.o
 .text.TIM_ITRx_SetConfig
                0x08006a1a       0x36 ./Drivers/STM32F4xx_HAL_Driver/Src/stm32f4xx_hal_tim.o
 .text.TIM_ETR_SetConfig
                0x08006a50       0x40 ./Drivers/STM32F4xx_HAL_Driver/Src/stm32f4xx_hal_tim.o
                0x08006a50                TIM_ETR_SetConfig
 .text.TIM_CCxChannelCmd
                0x08006a90       0x4a ./Drivers/STM32F4xx_HAL_Driver/Src/stm32f4xx_hal_tim.o
                0x08006a90                TIM_CCxChannelCmd
 *fill*         0x08006ada        0x2 
 .text.HAL_TIMEx_MasterConfigSynchronization
                0x08006adc       0xf8 ./Drivers/STM32F4xx_HAL_Driver/Src/stm32f4xx_hal_tim_ex.o
                0x08006adc                HAL_TIMEx_MasterConfigSynchronization
 .text.HAL_TIMEx_ConfigBreakDeadTime
                0x08006bd4       0xa4 ./Drivers/STM32F4xx_HAL_Driver/Src/stm32f4xx_hal_tim_ex.o
                0x08006bd4                HAL_TIMEx_ConfigBreakDeadTime
 .text.HAL_TIMEx_CommutCallback
                0x08006c78       0x14 ./Drivers/STM32F4xx_HAL_Driver/Src/stm32f4xx_hal_tim_ex.o
                0x08006c78                HAL_TIMEx_CommutCallback
 .text.HAL_TIMEx_BreakCallback
                0x08006c8c       0x14 ./Drivers/STM32F4xx_HAL_Driver/Src/stm32f4xx_hal_tim_ex.o
                0x08006c8c                HAL_TIMEx_BreakCallback
 .text.HAL_UART_Init
                0x08006ca0       0xa0 ./Drivers/STM32F4xx_HAL_Driver/Src/stm32f4xx_hal_uart.o
                0x08006ca0                HAL_UART_Init
 .text.HAL_UART_Transmit_IT
                0x08006d40       0x6c ./Drivers/STM32F4xx_HAL_Driver/Src/stm32f4xx_hal_uart.o
                0x08006d40                HAL_UART_Transmit_IT
 .text.HAL_UART_Receive_IT
                0x08006dac       0x4a ./Drivers/STM32F4xx_HAL_Driver/Src/stm32f4xx_hal_uart.o
                0x08006dac                HAL_UART_Receive_IT
 *fill*         0x08006df6        0x2 
 .text.HAL_UART_IRQHandler
                0x08006df8      0x554 ./Drivers/STM32F4xx_HAL_Driver/Src/stm32f4xx_hal_uart.o
                0x08006df8                HAL_UART_IRQHandler
 .text.HAL_UART_ErrorCallback
                0x0800734c       0x14 ./Drivers/STM32F4xx_HAL_Driver/Src/stm32f4xx_hal_uart.o
                0x0800734c                HAL_UART_ErrorCallback
 .text.HAL_UARTEx_RxEventCallback
                0x08007360       0x18 ./Drivers/STM32F4xx_HAL_Driver/Src/stm32f4xx_hal_uart.o
                0x08007360                HAL_UARTEx_RxEventCallback
 .text.UART_Start_Receive_IT
                0x08007378       0x74 ./Drivers/STM32F4xx_HAL_Driver/Src/stm32f4xx_hal_uart.o
                0x08007378                UART_Start_Receive_IT
 .text.UART_EndRxTransfer
                0x080073ec       0xc6 ./Drivers/STM32F4xx_HAL_Driver/Src/stm32f4xx_hal_uart.o
 .text.UART_DMAAbortOnError
                0x080074b2       0x22 ./Drivers/STM32F4xx_HAL_Driver/Src/stm32f4xx_hal_uart.o
 .text.UART_Transmit_IT
                0x080074d4       0xa0 ./Drivers/STM32F4xx_HAL_Driver/Src/stm32f4xx_hal_uart.o
 .text.UART_EndTransmit_IT
                0x08007574       0x30 ./Drivers/STM32F4xx_HAL_Driver/Src/stm32f4xx_hal_uart.o
 .text.UART_Receive_IT
                0x080075a4      0x17c ./Drivers/STM32F4xx_HAL_Driver/Src/stm32f4xx_hal_uart.o
 .text.UART_SetConfig
                0x08007720      0x4e8 ./Drivers/STM32F4xx_HAL_Driver/Src/stm32f4xx_hal_uart.o
 .text.memset   0x08007c08       0x10 C:/ST/STM32CubeIDE_1.19.0/STM32CubeIDE/plugins/com.st.stm32cube.ide.mcu.externaltools.gnu-tools-for-stm32.13.3.rel1.win32_1.0.0.202411081344/tools/bin/../lib/gcc/arm-none-eabi/13.3.1/../../../../arm-none-eabi/lib/thumb/v7e-m+fp/hard\libc_nano.a(libc_a-memset.o)
                0x08007c08                memset
 .text.__libc_init_array
                0x08007c18       0x48 C:/ST/STM32CubeIDE_1.19.0/STM32CubeIDE/plugins/com.st.stm32cube.ide.mcu.externaltools.gnu-tools-for-stm32.13.3.rel1.win32_1.0.0.202411081344/tools/bin/../lib/gcc/arm-none-eabi/13.3.1/../../../../arm-none-eabi/lib/thumb/v7e-m+fp/hard\libc_nano.a(libc_a-init.o)
                0x08007c18                __libc_init_array
 .text.memcpy   0x08007c60       0x1c C:/ST/STM32CubeIDE_1.19.0/STM32CubeIDE/plugins/com.st.stm32cube.ide.mcu.externaltools.gnu-tools-for-stm32.13.3.rel1.win32_1.0.0.202411081344/tools/bin/../lib/gcc/arm-none-eabi/13.3.1/../../../../arm-none-eabi/lib/thumb/v7e-m+fp/hard\libc_nano.a(libc_a-memcpy-stub.o)
                0x08007c60                memcpy
 *(.glue_7)
 .glue_7        0x08007c7c        0x0 linker stubs
 *(.glue_7t)
 .glue_7t       0x08007c7c        0x0 linker stubs
 *(.eh_frame)
 .eh_frame      0x08007c7c        0x0 C:/ST/STM32CubeIDE_1.19.0/STM32CubeIDE/plugins/com.st.stm32cube.ide.mcu.externaltools.gnu-tools-for-stm32.13.3.rel1.win32_1.0.0.202411081344/tools/bin/../lib/gcc/arm-none-eabi/13.3.1/thumb/v7e-m+fp/hard/crtbegin.o
 *(.init)
 .init          0x08007c7c        0x4 C:/ST/STM32CubeIDE_1.19.0/STM32CubeIDE/plugins/com.st.stm32cube.ide.mcu.externaltools.gnu-tools-for-stm32.13.3.rel1.win32_1.0.0.202411081344/tools/bin/../lib/gcc/arm-none-eabi/13.3.1/thumb/v7e-m+fp/hard/crti.o
                0x08007c7c                _init
 .init          0x08007c80        0x8 C:/ST/STM32CubeIDE_1.19.0/STM32CubeIDE/plugins/com.st.stm32cube.ide.mcu.externaltools.gnu-tools-for-stm32.13.3.rel1.win32_1.0.0.202411081344/tools/bin/../lib/gcc/arm-none-eabi/13.3.1/thumb/v7e-m+fp/hard/crtn.o
 *(.fini)
 .fini          0x08007c88        0x4 C:/ST/STM32CubeIDE_1.19.0/STM32CubeIDE/plugins/com.st.stm32cube.ide.mcu.externaltools.gnu-tools-for-stm32.13.3.rel1.win32_1.0.0.202411081344/tools/bin/../lib/gcc/arm-none-eabi/13.3.1/thumb/v7e-m+fp/hard/crti.o
                0x08007c88                _fini
 .fini          0x08007c8c        0x8 C:/ST/STM32CubeIDE_1.19.0/STM32CubeIDE/plugins/com.st.stm32cube.ide.mcu.externaltools.gnu-tools-for-stm32.13.3.rel1.win32_1.0.0.202411081344/tools/bin/../lib/gcc/arm-none-eabi/13.3.1/thumb/v7e-m+fp/hard/crtn.o
                0x08007c94                        . = ALIGN (0x4)
                0x08007c94                        _etext = .

.vfp11_veneer   0x08007c94        0x0
 .vfp11_veneer  0x08007c94        0x0 linker stubs

.v4_bx          0x08007c94        0x0
 .v4_bx         0x08007c94        0x0 linker stubs

.iplt           0x08007c94        0x0
 .iplt          0x08007c94        0x0 C:/ST/STM32CubeIDE_1.19.0/STM32CubeIDE/plugins/com.st.stm32cube.ide.mcu.externaltools.gnu-tools-for-stm32.13.3.rel1.win32_1.0.0.202411081344/tools/bin/../lib/gcc/arm-none-eabi/13.3.1/thumb/v7e-m+fp/hard/crtbegin.o

.rodata         0x08007c94      0x228
                0x08007c94                        . = ALIGN (0x4)
 *(.rodata)
 .rodata        0x08007c94      0x200 ./Core/Src/dynamixel_protocol.o
 *(.rodata*)
 .rodata.hall_to_sector_map_CW
                0x08007e94        0x8 ./Core/Src/main.o
                0x08007e94                hall_to_sector_map_CW
 .rodata.hall_to_sector_map_CCW
                0x08007e9c        0x8 ./Core/Src/main.o
                0x08007e9c                hall_to_sector_map_CCW
 .rodata.AHBPrescTable
                0x08007ea4       0x10 ./Core/Src/system_stm32f4xx.o
                0x08007ea4                AHBPrescTable
 .rodata.APBPrescTable
                0x08007eb4        0x8 ./Core/Src/system_stm32f4xx.o
                0x08007eb4                APBPrescTable
                0x08007ebc                        . = ALIGN (0x4)

.ARM.extab      0x08007ebc        0x0
                0x08007ebc                        . = ALIGN (0x4)
 *(.ARM.extab* .gnu.linkonce.armextab.*)
                0x08007ebc                        . = ALIGN (0x4)

.ARM            0x08007ebc        0x8
                0x08007ebc                        . = ALIGN (0x4)
                0x08007ebc                        __exidx_start = .
 *(.ARM.exidx*)
 .ARM.exidx     0x08007ebc        0x8 C:/ST/STM32CubeIDE_1.19.0/STM32CubeIDE/plugins/com.st.stm32cube.ide.mcu.externaltools.gnu-tools-for-stm32.13.3.rel1.win32_1.0.0.202411081344/tools/bin/../lib/gcc/arm-none-eabi/13.3.1/thumb/v7e-m+fp/hard\libgcc.a(_udivmoddi4.o)
                0x08007ec4                        __exidx_end = .
                0x08007ec4                        . = ALIGN (0x4)

.preinit_array  0x08007ec4        0x0
                0x08007ec4                        . = ALIGN (0x4)
                0x08007ec4                        PROVIDE (__preinit_array_start = .)
 *(.preinit_array*)
                0x08007ec4                        PROVIDE (__preinit_array_end = .)
                0x08007ec4                        . = ALIGN (0x4)

.init_array     0x08007ec4        0x4
                0x08007ec4                        . = ALIGN (0x4)
                0x08007ec4                        PROVIDE (__init_array_start = .)
 *(SORT_BY_NAME(.init_array.*))
 *(.init_array*)
 .init_array    0x08007ec4        0x4 C:/ST/STM32CubeIDE_1.19.0/STM32CubeIDE/plugins/com.st.stm32cube.ide.mcu.externaltools.gnu-tools-for-stm32.13.3.rel1.win32_1.0.0.202411081344/tools/bin/../lib/gcc/arm-none-eabi/13.3.1/thumb/v7e-m+fp/hard/crtbegin.o
                0x08007ec8                        PROVIDE (__init_array_end = .)
                0x08007ec8                        . = ALIGN (0x4)

.fini_array     0x08007ec8        0x4
                0x08007ec8                        . = ALIGN (0x4)
                [!provide]                        PROVIDE (__fini_array_start = .)
 *(SORT_BY_NAME(.fini_array.*))
 *(.fini_array*)
 .fini_array    0x08007ec8        0x4 C:/ST/STM32CubeIDE_1.19.0/STM32CubeIDE/plugins/com.st.stm32cube.ide.mcu.externaltools.gnu-tools-for-stm32.13.3.rel1.win32_1.0.0.202411081344/tools/bin/../lib/gcc/arm-none-eabi/13.3.1/thumb/v7e-m+fp/hard/crtbegin.o
                [!provide]                        PROVIDE (__fini_array_end = .)
                0x08007ecc                        . = ALIGN (0x4)
                0x08007ecc                        _sidata = LOADADDR (.data)

.rel.dyn        0x08007ecc        0x0
 .rel.iplt      0x08007ecc        0x0 C:/ST/STM32CubeIDE_1.19.0/STM32CubeIDE/plugins/com.st.stm32cube.ide.mcu.externaltools.gnu-tools-for-stm32.13.3.rel1.win32_1.0.0.202411081344/tools/bin/../lib/gcc/arm-none-eabi/13.3.1/thumb/v7e-m+fp/hard/crtbegin.o

.data           0x20000000       0x10 load address 0x08007ecc
                0x20000000                        . = ALIGN (0x4)
                0x20000000                        _sdata = .
 *(.data)
 *(.data*)
 .data.is_first_capture
                0x20000000        0x1 ./Core/Src/main.o
                0x20000000                is_first_capture
 *fill*         0x20000001        0x3 
 .data.SystemCoreClock
                0x20000004        0x4 ./Core/Src/system_stm32f4xx.o
                0x20000004                SystemCoreClock
 .data.uwTickPrio
                0x20000008        0x4 ./Drivers/STM32F4xx_HAL_Driver/Src/stm32f4xx_hal.o
                0x20000008                uwTickPrio
 .data.uwTickFreq
                0x2000000c        0x1 ./Drivers/STM32F4xx_HAL_Driver/Src/stm32f4xx_hal.o
                0x2000000c                uwTickFreq
 *(.RamFunc)
 *(.RamFunc*)
                0x20000010                        . = ALIGN (0x4)
 *fill*         0x2000000d        0x3 
                0x20000010                        _edata = .
                0x08007edc                        _siccmram = LOADADDR (.ccmram)

.igot.plt       0x20000010        0x0 load address 0x08007edc
 .igot.plt      0x20000010        0x0 C:/ST/STM32CubeIDE_1.19.0/STM32CubeIDE/plugins/com.st.stm32cube.ide.mcu.externaltools.gnu-tools-for-stm32.13.3.rel1.win32_1.0.0.202411081344/tools/bin/../lib/gcc/arm-none-eabi/13.3.1/thumb/v7e-m+fp/hard/crtbegin.o

.ccmram         0x10000000        0x0 load address 0x08007edc
                0x10000000                        . = ALIGN (0x4)
                0x10000000                        _sccmram = .
 *(.ccmram)
 *(.ccmram*)
                0x10000000                        . = ALIGN (0x4)
                0x10000000                        _eccmram = .
                0x10000000                        . = ALIGN (0x4)

.bss            0x20000010      0x458
                0x20000010                        _sbss = .
                0x20000010                        __bss_start__ = _sbss
 *(.bss)
 .bss           0x20000010       0x1c C:/ST/STM32CubeIDE_1.19.0/STM32CubeIDE/plugins/com.st.stm32cube.ide.mcu.externaltools.gnu-tools-for-stm32.13.3.rel1.win32_1.0.0.202411081344/tools/bin/../lib/gcc/arm-none-eabi/13.3.1/thumb/v7e-m+fp/hard/crtbegin.o
 *(.bss*)
 .bss.control_table
                0x2000002c       0xe7 ./Core/Src/control_table.o
                0x2000002c                control_table
 *fill*         0x20000113        0x1 
 .bss.txBuffer  0x20000114       0xff ./Core/Src/dynamixel_protocol.o
                0x20000114                txBuffer
 *fill*         0x20000213        0x1 
 .bss.hadc1     0x20000214       0x48 ./Core/Src/main.o
                0x20000214                hadc1
 .bss.htim1     0x2000025c       0x48 ./Core/Src/main.o
                0x2000025c                htim1
 .bss.htim2     0x200002a4       0x48 ./Core/Src/main.o
                0x200002a4                htim2
 .bss.htim3     0x200002ec       0x48 ./Core/Src/main.o
                0x200002ec                htim3
 .bss.htim6     0x20000334       0x48 ./Core/Src/main.o
                0x20000334                htim6
 .bss.huart1    0x2000037c       0x48 ./Core/Src/main.o
                0x2000037c                huart1
 .bss.sector    0x200003c4        0x1 ./Core/Src/main.o
                0x200003c4                sector
 .bss.motor_fault
                0x200003c5        0x1 ./Core/Src/main.o
                0x200003c5                motor_fault
 .bss.rxByte    0x200003c6        0x1 ./Core/Src/main.o
                0x200003c6                rxByte
 *fill*         0x200003c7        0x1 
 .bss.packetBuffer
                0x200003c8       0x40 ./Core/Src/main.o
                0x200003c8                packetBuffer
 .bss.packetIndex
                0x20000408        0x2 ./Core/Src/main.o
                0x20000408                packetIndex
 .bss.packetLength
                0x2000040a        0x2 ./Core/Src/main.o
                0x2000040a                packetLength
 .bss.rxState   0x2000040c        0x1 ./Core/Src/main.o
                0x2000040c                rxState
 *fill*         0x2000040d        0x3 
 .bss.counter   0x20000410        0x4 ./Core/Src/main.o
                0x20000410                counter
 .bss.latest_pulse_period_s
                0x20000414        0x4 ./Core/Src/main.o
                0x20000414                latest_pulse_period_s
 .bss.ic_capture1
                0x20000418        0x4 ./Core/Src/main.o
                0x20000418                ic_capture1
 .bss.ic_capture2
                0x2000041c        0x4 ./Core/Src/main.o
                0x2000041c                ic_capture2
 .bss.capture_diff
                0x20000420        0x4 ./Core/Src/main.o
                0x20000420                capture_diff
 .bss.adc_cur_c
                0x20000424        0x4 ./Core/Src/main.o
                0x20000424                adc_cur_c
 .bss.adc_cur_b
                0x20000428        0x4 ./Core/Src/main.o
                0x20000428                adc_cur_b
 .bss.adc_cur_a
                0x2000042c        0x4 ./Core/Src/main.o
                0x2000042c                adc_cur_a
 .bss.current_a
                0x20000430        0x4 ./Core/Src/main.o
                0x20000430                current_a
 .bss.current_b
                0x20000434        0x4 ./Core/Src/main.o
                0x20000434                current_b
 .bss.current_c
                0x20000438        0x4 ./Core/Src/main.o
                0x20000438                current_c
 .bss.current_a_offset_adc
                0x2000043c        0x2 ./Core/Src/main.o
                0x2000043c                current_a_offset_adc
 .bss.current_b_offset_adc
                0x2000043e        0x2 ./Core/Src/main.o
                0x2000043e                current_b_offset_adc
 .bss.current_c_offset_adc
                0x20000440        0x2 ./Core/Src/main.o
                0x20000440                current_c_offset_adc
 *fill*         0x20000442        0x2 
 .bss.current_integral
                0x20000444        0x4 ./Core/Src/main.o
                0x20000444                current_integral
 .bss.previous_velocity_error
                0x20000448        0x4 ./Core/Src/main.o
                0x20000448                previous_velocity_error
 .bss.velocity_integral
                0x2000044c        0x4 ./Core/Src/main.o
                0x2000044c                velocity_integral
 .bss.previous_angle_error
                0x20000450        0x4 ./Core/Src/main.o
                0x20000450                previous_angle_error
 .bss.angle_integral
                0x20000454        0x4 ./Core/Src/main.o
                0x20000454                angle_integral
 .bss.direction
                0x20000458        0x1 ./Core/Src/main.o
                0x20000458                direction
 *fill*         0x20000459        0x3 
 .bss.last_valid_period_tick.1
                0x2000045c        0x4 ./Core/Src/main.o
 .bss.filtered_velocity_raw.0
                0x20000460        0x4 ./Core/Src/main.o
 .bss.uwTick    0x20000464        0x4 ./Drivers/STM32F4xx_HAL_Driver/Src/stm32f4xx_hal.o
                0x20000464                uwTick
 *(COMMON)
                0x20000468                        . = ALIGN (0x4)
                0x20000468                        _ebss = .
                0x20000468                        __bss_end__ = _ebss

._user_heap_stack
                0x20000468      0x600
                0x20000468                        . = ALIGN (0x8)
                [!provide]                        PROVIDE (end = .)
                0x20000468                        PROVIDE (_end = .)
                0x20000668                        . = (. + _Min_Heap_Size)
 *fill*         0x20000468      0x200 
                0x20000a68                        . = (. + _Min_Stack_Size)
 *fill*         0x20000668      0x400 
                0x20000a68                        . = ALIGN (0x8)

/DISCARD/
 libc.a(*)
 libm.a(*)
 libgcc.a(*)

.ARM.attributes
                0x00000000       0x30
 *(.ARM.attributes)
 .ARM.attributes
                0x00000000       0x22 C:/ST/STM32CubeIDE_1.19.0/STM32CubeIDE/plugins/com.st.stm32cube.ide.mcu.externaltools.gnu-tools-for-stm32.13.3.rel1.win32_1.0.0.202411081344/tools/bin/../lib/gcc/arm-none-eabi/13.3.1/thumb/v7e-m+fp/hard/crti.o
 .ARM.attributes
                0x00000022       0x34 C:/ST/STM32CubeIDE_1.19.0/STM32CubeIDE/plugins/com.st.stm32cube.ide.mcu.externaltools.gnu-tools-for-stm32.13.3.rel1.win32_1.0.0.202411081344/tools/bin/../lib/gcc/arm-none-eabi/13.3.1/thumb/v7e-m+fp/hard/crtbegin.o
 .ARM.attributes
                0x00000056       0x34 ./Core/Src/control_table.o
 .ARM.attributes
                0x0000008a       0x34 ./Core/Src/dynamixel_protocol.o
 .ARM.attributes
                0x000000be       0x34 ./Core/Src/main.o
 .ARM.attributes
                0x000000f2       0x34 ./Core/Src/stm32f4xx_hal_msp.o
 .ARM.attributes
                0x00000126       0x34 ./Core/Src/stm32f4xx_it.o
 .ARM.attributes
                0x0000015a       0x34 ./Core/Src/system_stm32f4xx.o
 .ARM.attributes
                0x0000018e       0x21 ./Core/Startup/startup_stm32f405rgtx.o
 .ARM.attributes
                0x000001af       0x34 ./Drivers/STM32F4xx_HAL_Driver/Src/stm32f4xx_hal.o
 .ARM.attributes
                0x000001e3       0x34 ./Drivers/STM32F4xx_HAL_Driver/Src/stm32f4xx_hal_adc.o
 .ARM.attributes
                0x00000217       0x34 ./Drivers/STM32F4xx_HAL_Driver/Src/stm32f4xx_hal_adc_ex.o
 .ARM.attributes
                0x0000024b       0x34 ./Drivers/STM32F4xx_HAL_Driver/Src/stm32f4xx_hal_cortex.o
 .ARM.attributes
                0x0000027f       0x34 ./Drivers/STM32F4xx_HAL_Driver/Src/stm32f4xx_hal_dma.o
 .ARM.attributes
                0x000002b3       0x34 ./Drivers/STM32F4xx_HAL_Driver/Src/stm32f4xx_hal_gpio.o
 .ARM.attributes
                0x000002e7       0x34 ./Drivers/STM32F4xx_HAL_Driver/Src/stm32f4xx_hal_rcc.o
 .ARM.attributes
                0x0000031b       0x34 ./Drivers/STM32F4xx_HAL_Driver/Src/stm32f4xx_hal_tim.o
 .ARM.attributes
                0x0000034f       0x34 ./Drivers/STM32F4xx_HAL_Driver/Src/stm32f4xx_hal_tim_ex.o
 .ARM.attributes
                0x00000383       0x34 ./Drivers/STM32F4xx_HAL_Driver/Src/stm32f4xx_hal_uart.o
 .ARM.attributes
                0x000003b7       0x34 C:/ST/STM32CubeIDE_1.19.0/STM32CubeIDE/plugins/com.st.stm32cube.ide.mcu.externaltools.gnu-tools-for-stm32.13.3.rel1.win32_1.0.0.202411081344/tools/bin/../lib/gcc/arm-none-eabi/13.3.1/../../../../arm-none-eabi/lib/thumb/v7e-m+fp/hard\libc_nano.a(libc_a-memset.o)
 .ARM.attributes
                0x000003eb       0x34 C:/ST/STM32CubeIDE_1.19.0/STM32CubeIDE/plugins/com.st.stm32cube.ide.mcu.externaltools.gnu-tools-for-stm32.13.3.rel1.win32_1.0.0.202411081344/tools/bin/../lib/gcc/arm-none-eabi/13.3.1/../../../../arm-none-eabi/lib/thumb/v7e-m+fp/hard\libc_nano.a(libc_a-init.o)
 .ARM.attributes
                0x0000041f       0x34 C:/ST/STM32CubeIDE_1.19.0/STM32CubeIDE/plugins/com.st.stm32cube.ide.mcu.externaltools.gnu-tools-for-stm32.13.3.rel1.win32_1.0.0.202411081344/tools/bin/../lib/gcc/arm-none-eabi/13.3.1/../../../../arm-none-eabi/lib/thumb/v7e-m+fp/hard\libc_nano.a(libc_a-memcpy-stub.o)
 .ARM.attributes
                0x00000453       0x22 C:/ST/STM32CubeIDE_1.19.0/STM32CubeIDE/plugins/com.st.stm32cube.ide.mcu.externaltools.gnu-tools-for-stm32.13.3.rel1.win32_1.0.0.202411081344/tools/bin/../lib/gcc/arm-none-eabi/13.3.1/thumb/v7e-m+fp/hard\libgcc.a(_arm_addsubdf3.o)
 .ARM.attributes
                0x00000475       0x22 C:/ST/STM32CubeIDE_1.19.0/STM32CubeIDE/plugins/com.st.stm32cube.ide.mcu.externaltools.gnu-tools-for-stm32.13.3.rel1.win32_1.0.0.202411081344/tools/bin/../lib/gcc/arm-none-eabi/13.3.1/thumb/v7e-m+fp/hard\libgcc.a(_arm_muldivdf3.o)
 .ARM.attributes
                0x00000497       0x22 C:/ST/STM32CubeIDE_1.19.0/STM32CubeIDE/plugins/com.st.stm32cube.ide.mcu.externaltools.gnu-tools-for-stm32.13.3.rel1.win32_1.0.0.202411081344/tools/bin/../lib/gcc/arm-none-eabi/13.3.1/thumb/v7e-m+fp/hard\libgcc.a(_arm_fixdfsi.o)
 .ARM.attributes
                0x000004b9       0x22 C:/ST/STM32CubeIDE_1.19.0/STM32CubeIDE/plugins/com.st.stm32cube.ide.mcu.externaltools.gnu-tools-for-stm32.13.3.rel1.win32_1.0.0.202411081344/tools/bin/../lib/gcc/arm-none-eabi/13.3.1/thumb/v7e-m+fp/hard\libgcc.a(_arm_fixunsdfsi.o)
 .ARM.attributes
                0x000004db       0x22 C:/ST/STM32CubeIDE_1.19.0/STM32CubeIDE/plugins/com.st.stm32cube.ide.mcu.externaltools.gnu-tools-for-stm32.13.3.rel1.win32_1.0.0.202411081344/tools/bin/../lib/gcc/arm-none-eabi/13.3.1/thumb/v7e-m+fp/hard\libgcc.a(_arm_truncdfsf2.o)
 .ARM.attributes
                0x000004fd       0x22 C:/ST/STM32CubeIDE_1.19.0/STM32CubeIDE/plugins/com.st.stm32cube.ide.mcu.externaltools.gnu-tools-for-stm32.13.3.rel1.win32_1.0.0.202411081344/tools/bin/../lib/gcc/arm-none-eabi/13.3.1/thumb/v7e-m+fp/hard\libgcc.a(_aeabi_uldivmod.o)
 .ARM.attributes
                0x0000051f       0x34 C:/ST/STM32CubeIDE_1.19.0/STM32CubeIDE/plugins/com.st.stm32cube.ide.mcu.externaltools.gnu-tools-for-stm32.13.3.rel1.win32_1.0.0.202411081344/tools/bin/../lib/gcc/arm-none-eabi/13.3.1/thumb/v7e-m+fp/hard\libgcc.a(_udivmoddi4.o)
 .ARM.attributes
                0x00000553       0x22 C:/ST/STM32CubeIDE_1.19.0/STM32CubeIDE/plugins/com.st.stm32cube.ide.mcu.externaltools.gnu-tools-for-stm32.13.3.rel1.win32_1.0.0.202411081344/tools/bin/../lib/gcc/arm-none-eabi/13.3.1/thumb/v7e-m+fp/hard\libgcc.a(_dvmd_tls.o)
 .ARM.attributes
                0x00000575       0x22 C:/ST/STM32CubeIDE_1.19.0/STM32CubeIDE/plugins/com.st.stm32cube.ide.mcu.externaltools.gnu-tools-for-stm32.13.3.rel1.win32_1.0.0.202411081344/tools/bin/../lib/gcc/arm-none-eabi/13.3.1/thumb/v7e-m+fp/hard/crtn.o
OUTPUT(Six_step_position.elf elf32-littlearm)
LOAD linker stubs
LOAD C:/ST/STM32CubeIDE_1.19.0/STM32CubeIDE/plugins/com.st.stm32cube.ide.mcu.externaltools.gnu-tools-for-stm32.13.3.rel1.win32_1.0.0.202411081344/tools/bin/../lib/gcc/arm-none-eabi/13.3.1/../../../../arm-none-eabi/lib/thumb/v7e-m+fp/hard\libc.a
LOAD C:/ST/STM32CubeIDE_1.19.0/STM32CubeIDE/plugins/com.st.stm32cube.ide.mcu.externaltools.gnu-tools-for-stm32.13.3.rel1.win32_1.0.0.202411081344/tools/bin/../lib/gcc/arm-none-eabi/13.3.1/../../../../arm-none-eabi/lib/thumb/v7e-m+fp/hard\libm.a
LOAD C:/ST/STM32CubeIDE_1.19.0/STM32CubeIDE/plugins/com.st.stm32cube.ide.mcu.externaltools.gnu-tools-for-stm32.13.3.rel1.win32_1.0.0.202411081344/tools/bin/../lib/gcc/arm-none-eabi/13.3.1/thumb/v7e-m+fp/hard\libgcc.a

.debug_info     0x00000000    0x115b4
 .debug_info    0x00000000      0x599 ./Core/Src/control_table.o
 .debug_info    0x00000599      0xfa5 ./Core/Src/dynamixel_protocol.o
 .debug_info    0x0000153e     0x267c ./Core/Src/main.o
 .debug_info    0x00003bba     0x1360 ./Core/Src/stm32f4xx_hal_msp.o
 .debug_info    0x00004f1a      0xc2d ./Core/Src/stm32f4xx_it.o
 .debug_info    0x00005b47      0x512 ./Core/Src/system_stm32f4xx.o
 .debug_info    0x00006059       0x30 ./Core/Startup/startup_stm32f405rgtx.o
 .debug_info    0x00006089      0x932 ./Drivers/STM32F4xx_HAL_Driver/Src/stm32f4xx_hal.o
 .debug_info    0x000069bb      0xce3 ./Drivers/STM32F4xx_HAL_Driver/Src/stm32f4xx_hal_adc.o
 .debug_info    0x0000769e      0xb68 ./Drivers/STM32F4xx_HAL_Driver/Src/stm32f4xx_hal_adc_ex.o
 .debug_info    0x00008206      0xd7a ./Drivers/STM32F4xx_HAL_Driver/Src/stm32f4xx_hal_cortex.o
 .debug_info    0x00008f80      0x8e7 ./Drivers/STM32F4xx_HAL_Driver/Src/stm32f4xx_hal_dma.o
 .debug_info    0x00009867      0x6c3 ./Drivers/STM32F4xx_HAL_Driver/Src/stm32f4xx_hal_gpio.o
 .debug_info    0x00009f2a      0x8c3 ./Drivers/STM32F4xx_HAL_Driver/Src/stm32f4xx_hal_rcc.o
 .debug_info    0x0000a7ed     0x299d ./Drivers/STM32F4xx_HAL_Driver/Src/stm32f4xx_hal_tim.o
 .debug_info    0x0000d18a     0x14db ./Drivers/STM32F4xx_HAL_Driver/Src/stm32f4xx_hal_tim_ex.o
 .debug_info    0x0000e665     0x2f4f ./Drivers/STM32F4xx_HAL_Driver/Src/stm32f4xx_hal_uart.o

.debug_abbrev   0x00000000     0x24e4
 .debug_abbrev  0x00000000       0xde ./Core/Src/control_table.o
 .debug_abbrev  0x000000de      0x27e ./Core/Src/dynamixel_protocol.o
 .debug_abbrev  0x0000035c      0x391 ./Core/Src/main.o
 .debug_abbrev  0x000006ed      0x21f ./Core/Src/stm32f4xx_hal_msp.o
 .debug_abbrev  0x0000090c      0x1af ./Core/Src/stm32f4xx_it.o
 .debug_abbrev  0x00000abb      0x11a ./Core/Src/system_stm32f4xx.o
 .debug_abbrev  0x00000bd5       0x24 ./Core/Startup/startup_stm32f405rgtx.o
 .debug_abbrev  0x00000bf9      0x214 ./Drivers/STM32F4xx_HAL_Driver/Src/stm32f4xx_hal.o
 .debug_abbrev  0x00000e0d      0x252 ./Drivers/STM32F4xx_HAL_Driver/Src/stm32f4xx_hal_adc.o
 .debug_abbrev  0x0000105f      0x270 ./Drivers/STM32F4xx_HAL_Driver/Src/stm32f4xx_hal_adc_ex.o
 .debug_abbrev  0x000012cf      0x31d ./Drivers/STM32F4xx_HAL_Driver/Src/stm32f4xx_hal_cortex.o
 .debug_abbrev  0x000015ec      0x264 ./Drivers/STM32F4xx_HAL_Driver/Src/stm32f4xx_hal_dma.o
 .debug_abbrev  0x00001850      0x1d4 ./Drivers/STM32F4xx_HAL_Driver/Src/stm32f4xx_hal_gpio.o
 .debug_abbrev  0x00001a24      0x2b7 ./Drivers/STM32F4xx_HAL_Driver/Src/stm32f4xx_hal_rcc.o
 .debug_abbrev  0x00001cdb      0x278 ./Drivers/STM32F4xx_HAL_Driver/Src/stm32f4xx_hal_tim.o
 .debug_abbrev  0x00001f53      0x283 ./Drivers/STM32F4xx_HAL_Driver/Src/stm32f4xx_hal_tim_ex.o
 .debug_abbrev  0x000021d6      0x30e ./Drivers/STM32F4xx_HAL_Driver/Src/stm32f4xx_hal_uart.o

.debug_aranges  0x00000000      0xf00
 .debug_aranges
                0x00000000       0x20 ./Core/Src/control_table.o
 .debug_aranges
                0x00000020       0x50 ./Core/Src/dynamixel_protocol.o
 .debug_aranges
                0x00000070      0x110 ./Core/Src/main.o
 .debug_aranges
                0x00000180       0x68 ./Core/Src/stm32f4xx_hal_msp.o
 .debug_aranges
                0x000001e8       0x80 ./Core/Src/stm32f4xx_it.o
 .debug_aranges
                0x00000268       0x28 ./Core/Src/system_stm32f4xx.o
 .debug_aranges
                0x00000290       0x28 ./Core/Startup/startup_stm32f405rgtx.o
 .debug_aranges
                0x000002b8       0xf0 ./Drivers/STM32F4xx_HAL_Driver/Src/stm32f4xx_hal.o
 .debug_aranges
                0x000003a8       0xe8 ./Drivers/STM32F4xx_HAL_Driver/Src/stm32f4xx_hal_adc.o
 .debug_aranges
                0x00000490       0x90 ./Drivers/STM32F4xx_HAL_Driver/Src/stm32f4xx_hal_adc_ex.o
 .debug_aranges
                0x00000520      0x130 ./Drivers/STM32F4xx_HAL_Driver/Src/stm32f4xx_hal_cortex.o
 .debug_aranges
                0x00000650       0x90 ./Drivers/STM32F4xx_HAL_Driver/Src/stm32f4xx_hal_dma.o
 .debug_aranges
                0x000006e0       0x58 ./Drivers/STM32F4xx_HAL_Driver/Src/stm32f4xx_hal_gpio.o
 .debug_aranges
                0x00000738       0x88 ./Drivers/STM32F4xx_HAL_Driver/Src/stm32f4xx_hal_rcc.o
 .debug_aranges
                0x000007c0      0x3d0 ./Drivers/STM32F4xx_HAL_Driver/Src/stm32f4xx_hal_tim.o
 .debug_aranges
                0x00000b90      0x168 ./Drivers/STM32F4xx_HAL_Driver/Src/stm32f4xx_hal_tim_ex.o
 .debug_aranges
                0x00000cf8      0x208 ./Drivers/STM32F4xx_HAL_Driver/Src/stm32f4xx_hal_uart.o

.debug_rnglists
                0x00000000      0xbd6
 .debug_rnglists
                0x00000000       0x14 ./Core/Src/control_table.o
 .debug_rnglists
                0x00000014       0x47 ./Core/Src/dynamixel_protocol.o
 .debug_rnglists
                0x0000005b       0xda ./Core/Src/main.o
 .debug_rnglists
                0x00000135       0x4e ./Core/Src/stm32f4xx_hal_msp.o
 .debug_rnglists
                0x00000183       0x5b ./Core/Src/stm32f4xx_it.o
 .debug_rnglists
                0x000001de       0x1a ./Core/Src/system_stm32f4xx.o
 .debug_rnglists
                0x000001f8       0x19 ./Core/Startup/startup_stm32f405rgtx.o
 .debug_rnglists
                0x00000211       0xaf ./Drivers/STM32F4xx_HAL_Driver/Src/stm32f4xx_hal.o
 .debug_rnglists
                0x000002c0       0xb5 ./Drivers/STM32F4xx_HAL_Driver/Src/stm32f4xx_hal_adc.o
 .debug_rnglists
                0x00000375       0x71 ./Drivers/STM32F4xx_HAL_Driver/Src/stm32f4xx_hal_adc_ex.o
 .debug_rnglists
                0x000003e6       0xe0 ./Drivers/STM32F4xx_HAL_Driver/Src/stm32f4xx_hal_cortex.o
 .debug_rnglists
                0x000004c6       0x70 ./Drivers/STM32F4xx_HAL_Driver/Src/stm32f4xx_hal_dma.o
 .debug_rnglists
                0x00000536       0x3f ./Drivers/STM32F4xx_HAL_Driver/Src/stm32f4xx_hal_gpio.o
 .debug_rnglists
                0x00000575       0x66 ./Drivers/STM32F4xx_HAL_Driver/Src/stm32f4xx_hal_rcc.o
 .debug_rnglists
                0x000005db      0x31a ./Drivers/STM32F4xx_HAL_Driver/Src/stm32f4xx_hal_tim.o
 .debug_rnglists
                0x000008f5      0x125 ./Drivers/STM32F4xx_HAL_Driver/Src/stm32f4xx_hal_tim_ex.o
 .debug_rnglists
                0x00000a1a      0x1bc ./Drivers/STM32F4xx_HAL_Driver/Src/stm32f4xx_hal_uart.o

.debug_macro    0x00000000    0x20de5
 .debug_macro   0x00000000      0x227 ./Core/Src/control_table.o
 .debug_macro   0x00000227      0xad8 ./Core/Src/control_table.o
 .debug_macro   0x00000cff       0x22 ./Core/Src/control_table.o
 .debug_macro   0x00000d21       0x8e ./Core/Src/control_table.o
 .debug_macro   0x00000daf       0x51 ./Core/Src/control_table.o
 .debug_macro   0x00000e00      0x103 ./Core/Src/control_table.o
 .debug_macro   0x00000f03       0x6a ./Core/Src/control_table.o
 .debug_macro   0x00000f6d      0x1df ./Core/Src/control_table.o
 .debug_macro   0x0000114c      0x2a1 ./Core/Src/control_table.o
 .debug_macro   0x000013ed       0x2e ./Core/Src/control_table.o
 .debug_macro   0x0000141b       0x2f ./Core/Src/control_table.o
 .debug_macro   0x0000144a       0x1c ./Core/Src/control_table.o
 .debug_macro   0x00001466       0x22 ./Core/Src/control_table.o
 .debug_macro   0x00001488       0xfb ./Core/Src/control_table.o
 .debug_macro   0x00001583     0x1011 ./Core/Src/control_table.o
 .debug_macro   0x00002594      0x11f ./Core/Src/control_table.o
 .debug_macro   0x000026b3    0x1427b ./Core/Src/control_table.o
 .debug_macro   0x0001692e       0x6d ./Core/Src/control_table.o
 .debug_macro   0x0001699b     0x3693 ./Core/Src/control_table.o
 .debug_macro   0x0001a02e      0x190 ./Core/Src/control_table.o
 .debug_macro   0x0001a1be       0x5c ./Core/Src/control_table.o
 .debug_macro   0x0001a21a      0x8bc ./Core/Src/control_table.o
 .debug_macro   0x0001aad6      0x9e9 ./Core/Src/control_table.o
 .debug_macro   0x0001b4bf      0x115 ./Core/Src/control_table.o
 .debug_macro   0x0001b5d4      0x130 ./Core/Src/control_table.o
 .debug_macro   0x0001b704       0xa5 ./Core/Src/control_table.o
 .debug_macro   0x0001b7a9      0x174 ./Core/Src/control_table.o
 .debug_macro   0x0001b91d      0x287 ./Core/Src/control_table.o
 .debug_macro   0x0001bba4       0x5f ./Core/Src/control_table.o
 .debug_macro   0x0001bc03      0x236 ./Core/Src/control_table.o
 .debug_macro   0x0001be39      0xb5b ./Core/Src/control_table.o
 .debug_macro   0x0001c994      0x38b ./Core/Src/control_table.o
 .debug_macro   0x0001cd1f      0x176 ./Core/Src/control_table.o
 .debug_macro   0x0001ce95       0xf9 ./Core/Src/control_table.o
 .debug_macro   0x0001cf8e      0x12c ./Core/Src/control_table.o
 .debug_macro   0x0001d0ba      0x21e ./Core/Src/control_table.o
 .debug_macro   0x0001d2d8       0x2e ./Core/Src/control_table.o
 .debug_macro   0x0001d306      0x127 ./Core/Src/control_table.o
 .debug_macro   0x0001d42d       0x7e ./Core/Src/control_table.o
 .debug_macro   0x0001d4ab       0x89 ./Core/Src/control_table.o
 .debug_macro   0x0001d534      0x8ed ./Core/Src/control_table.o
 .debug_macro   0x0001de21       0x4d ./Core/Src/control_table.o
 .debug_macro   0x0001de6e      0x2aa ./Core/Src/control_table.o
 .debug_macro   0x0001e118      0x12d ./Core/Src/control_table.o
 .debug_macro   0x0001e245       0x88 ./Core/Src/control_table.o
 .debug_macro   0x0001e2cd       0x22 ./Core/Src/control_table.o
 .debug_macro   0x0001e2ef       0xac ./Core/Src/control_table.o
 .debug_macro   0x0001e39b      0x2f5 ./Core/Src/dynamixel_protocol.o
 .debug_macro   0x0001e690       0x61 ./Core/Src/dynamixel_protocol.o
 .debug_macro   0x0001e6f1       0x2a ./Core/Src/dynamixel_protocol.o
 .debug_macro   0x0001e71b       0x43 ./Core/Src/dynamixel_protocol.o
 .debug_macro   0x0001e75e       0x34 ./Core/Src/dynamixel_protocol.o
 .debug_macro   0x0001e792      0x370 ./Core/Src/dynamixel_protocol.o
 .debug_macro   0x0001eb02       0x16 ./Core/Src/dynamixel_protocol.o
 .debug_macro   0x0001eb18       0x4a ./Core/Src/dynamixel_protocol.o
 .debug_macro   0x0001eb62       0x34 ./Core/Src/dynamixel_protocol.o
 .debug_macro   0x0001eb96       0x10 ./Core/Src/dynamixel_protocol.o
 .debug_macro   0x0001eba6       0x58 ./Core/Src/dynamixel_protocol.o
 .debug_macro   0x0001ebfe       0x8e ./Core/Src/dynamixel_protocol.o
 .debug_macro   0x0001ec8c       0x1c ./Core/Src/dynamixel_protocol.o
 .debug_macro   0x0001eca8      0x185 ./Core/Src/dynamixel_protocol.o
 .debug_macro   0x0001ee2d       0x10 ./Core/Src/dynamixel_protocol.o
 .debug_macro   0x0001ee3d       0x3c ./Core/Src/dynamixel_protocol.o
 .debug_macro   0x0001ee79       0x20 ./Core/Src/dynamixel_protocol.o
 .debug_macro   0x0001ee99      0x378 ./Core/Src/main.o
 .debug_macro   0x0001f211      0x19b ./Core/Src/main.o
 .debug_macro   0x0001f3ac      0x205 ./Core/Src/stm32f4xx_hal_msp.o
 .debug_macro   0x0001f5b1      0x20f ./Core/Src/stm32f4xx_it.o
 .debug_macro   0x0001f7c0      0x1f6 ./Core/Src/system_stm32f4xx.o
 .debug_macro   0x0001f9b6      0x256 ./Drivers/STM32F4xx_HAL_Driver/Src/stm32f4xx_hal.o
 .debug_macro   0x0001fc0c      0x1f7 ./Drivers/STM32F4xx_HAL_Driver/Src/stm32f4xx_hal_adc.o
 .debug_macro   0x0001fe03      0x1f6 ./Drivers/STM32F4xx_HAL_Driver/Src/stm32f4xx_hal_adc_ex.o
 .debug_macro   0x0001fff9      0x1f6 ./Drivers/STM32F4xx_HAL_Driver/Src/stm32f4xx_hal_cortex.o
 .debug_macro   0x000201ef      0x1fc ./Drivers/STM32F4xx_HAL_Driver/Src/stm32f4xx_hal_dma.o
 .debug_macro   0x000203eb      0x1fc ./Drivers/STM32F4xx_HAL_Driver/Src/stm32f4xx_hal_gpio.o
 .debug_macro   0x000205e7      0x21a ./Drivers/STM32F4xx_HAL_Driver/Src/stm32f4xx_hal_rcc.o
 .debug_macro   0x00020801      0x1f7 ./Drivers/STM32F4xx_HAL_Driver/Src/stm32f4xx_hal_tim.o
 .debug_macro   0x000209f8      0x1f6 ./Drivers/STM32F4xx_HAL_Driver/Src/stm32f4xx_hal_tim_ex.o
 .debug_macro   0x00020bee      0x1f7 ./Drivers/STM32F4xx_HAL_Driver/Src/stm32f4xx_hal_uart.o

.debug_line     0x00000000    0x11c86
 .debug_line    0x00000000      0x7f3 ./Core/Src/control_table.o
 .debug_line    0x000007f3      0xb18 ./Core/Src/dynamixel_protocol.o
 .debug_line    0x0000130b     0x1409 ./Core/Src/main.o
 .debug_line    0x00002714      0x943 ./Core/Src/stm32f4xx_hal_msp.o
 .debug_line    0x00003057      0x89c ./Core/Src/stm32f4xx_it.o
 .debug_line    0x000038f3      0x803 ./Core/Src/system_stm32f4xx.o
 .debug_line    0x000040f6       0x7a ./Core/Startup/startup_stm32f405rgtx.o
 .debug_line    0x00004170      0xa7f ./Drivers/STM32F4xx_HAL_Driver/Src/stm32f4xx_hal.o
 .debug_line    0x00004bef     0x1296 ./Drivers/STM32F4xx_HAL_Driver/Src/stm32f4xx_hal_adc.o
 .debug_line    0x00005e85      0xeca ./Drivers/STM32F4xx_HAL_Driver/Src/stm32f4xx_hal_adc_ex.o
 .debug_line    0x00006d4f      0xd4f ./Drivers/STM32F4xx_HAL_Driver/Src/stm32f4xx_hal_cortex.o
 .debug_line    0x00007a9e      0xfeb ./Drivers/STM32F4xx_HAL_Driver/Src/stm32f4xx_hal_dma.o
 .debug_line    0x00008a89      0xbd7 ./Drivers/STM32F4xx_HAL_Driver/Src/stm32f4xx_hal_gpio.o
 .debug_line    0x00009660      0xe8c ./Drivers/STM32F4xx_HAL_Driver/Src/stm32f4xx_hal_rcc.o
 .debug_line    0x0000a4ec     0x37f4 ./Drivers/STM32F4xx_HAL_Driver/Src/stm32f4xx_hal_tim.o
 .debug_line    0x0000dce0     0x19df ./Drivers/STM32F4xx_HAL_Driver/Src/stm32f4xx_hal_tim_ex.o
 .debug_line    0x0000f6bf     0x25c7 ./Drivers/STM32F4xx_HAL_Driver/Src/stm32f4xx_hal_uart.o

.debug_str      0x00000000    0xce415
 .debug_str     0x00000000    0xce415 ./Core/Src/control_table.o
                              0xc60df (size before relaxing)
 .debug_str     0x000ce415    0xc9936 ./Core/Src/dynamixel_protocol.o
 .debug_str     0x000ce415    0xcb542 ./Core/Src/main.o
 .debug_str     0x000ce415    0xc6937 ./Core/Src/stm32f4xx_hal_msp.o
 .debug_str     0x000ce415    0xc62f1 ./Core/Src/stm32f4xx_it.o
 .debug_str     0x000ce415    0xc5811 ./Core/Src/system_stm32f4xx.o
 .debug_str     0x000ce415       0x89 ./Core/Startup/startup_stm32f405rgtx.o
 .debug_str     0x000ce415    0xc6374 ./Drivers/STM32F4xx_HAL_Driver/Src/stm32f4xx_hal.o
 .debug_str     0x000ce415    0xc5dfe ./Drivers/STM32F4xx_HAL_Driver/Src/stm32f4xx_hal_adc.o
 .debug_str     0x000ce415    0xc5e52 ./Drivers/STM32F4xx_HAL_Driver/Src/stm32f4xx_hal_adc_ex.o
 .debug_str     0x000ce415    0xc60f0 ./Drivers/STM32F4xx_HAL_Driver/Src/stm32f4xx_hal_cortex.o
 .debug_str     0x000ce415    0xc5c2b ./Drivers/STM32F4xx_HAL_Driver/Src/stm32f4xx_hal_dma.o
 .debug_str     0x000ce415    0xc598c ./Drivers/STM32F4xx_HAL_Driver/Src/stm32f4xx_hal_gpio.o
 .debug_str     0x000ce415    0xc5c45 ./Drivers/STM32F4xx_HAL_Driver/Src/stm32f4xx_hal_rcc.o
 .debug_str     0x000ce415    0xc6b9b ./Drivers/STM32F4xx_HAL_Driver/Src/stm32f4xx_hal_tim.o
 .debug_str     0x000ce415    0xc63a7 ./Drivers/STM32F4xx_HAL_Driver/Src/stm32f4xx_hal_tim_ex.o
 .debug_str     0x000ce415    0xc6226 ./Drivers/STM32F4xx_HAL_Driver/Src/stm32f4xx_hal_uart.o

.comment        0x00000000       0x43
 .comment       0x00000000       0x43 ./Core/Src/control_table.o
                                 0x44 (size before relaxing)
 .comment       0x00000043       0x44 ./Core/Src/dynamixel_protocol.o
 .comment       0x00000043       0x44 ./Core/Src/main.o
 .comment       0x00000043       0x44 ./Core/Src/stm32f4xx_hal_msp.o
 .comment       0x00000043       0x44 ./Core/Src/stm32f4xx_it.o
 .comment       0x00000043       0x44 ./Core/Src/system_stm32f4xx.o
 .comment       0x00000043       0x44 ./Drivers/STM32F4xx_HAL_Driver/Src/stm32f4xx_hal.o
 .comment       0x00000043       0x44 ./Drivers/STM32F4xx_HAL_Driver/Src/stm32f4xx_hal_adc.o
 .comment       0x00000043       0x44 ./Drivers/STM32F4xx_HAL_Driver/Src/stm32f4xx_hal_adc_ex.o
 .comment       0x00000043       0x44 ./Drivers/STM32F4xx_HAL_Driver/Src/stm32f4xx_hal_cortex.o
 .comment       0x00000043       0x44 ./Drivers/STM32F4xx_HAL_Driver/Src/stm32f4xx_hal_dma.o
 .comment       0x00000043       0x44 ./Drivers/STM32F4xx_HAL_Driver/Src/stm32f4xx_hal_gpio.o
 .comment       0x00000043       0x44 ./Drivers/STM32F4xx_HAL_Driver/Src/stm32f4xx_hal_rcc.o
 .comment       0x00000043       0x44 ./Drivers/STM32F4xx_HAL_Driver/Src/stm32f4xx_hal_tim.o
 .comment       0x00000043       0x44 ./Drivers/STM32F4xx_HAL_Driver/Src/stm32f4xx_hal_tim_ex.o
 .comment       0x00000043       0x44 ./Drivers/STM32F4xx_HAL_Driver/Src/stm32f4xx_hal_uart.o

.debug_frame    0x00000000     0x40cc
 .debug_frame   0x00000000       0x30 ./Core/Src/control_table.o
 .debug_frame   0x00000030      0x110 ./Core/Src/dynamixel_protocol.o
 .debug_frame   0x00000140      0x464 ./Core/Src/main.o
 .debug_frame   0x000005a4      0x17c ./Core/Src/stm32f4xx_hal_msp.o
 .debug_frame   0x00000720      0x174 ./Core/Src/stm32f4xx_it.o
 .debug_frame   0x00000894       0x58 ./Core/Src/system_stm32f4xx.o
 .debug_frame   0x000008ec      0x374 ./Drivers/STM32F4xx_HAL_Driver/Src/stm32f4xx_hal.o
 .debug_frame   0x00000c60      0x3fc ./Drivers/STM32F4xx_HAL_Driver/Src/stm32f4xx_hal_adc.o
 .debug_frame   0x0000105c      0x250 ./Drivers/STM32F4xx_HAL_Driver/Src/stm32f4xx_hal_adc_ex.o
 .debug_frame   0x000012ac      0x508 ./Drivers/STM32F4xx_HAL_Driver/Src/stm32f4xx_hal_cortex.o
 .debug_frame   0x000017b4      0x250 ./Drivers/STM32F4xx_HAL_Driver/Src/stm32f4xx_hal_dma.o
 .debug_frame   0x00001a04      0x14c ./Drivers/STM32F4xx_HAL_Driver/Src/stm32f4xx_hal_gpio.o
 .debug_frame   0x00001b50      0x1f4 ./Drivers/STM32F4xx_HAL_Driver/Src/stm32f4xx_hal_rcc.o
 .debug_frame   0x00001d44     0x11c0 ./Drivers/STM32F4xx_HAL_Driver/Src/stm32f4xx_hal_tim.o
 .debug_frame   0x00002f04      0x638 ./Drivers/STM32F4xx_HAL_Driver/Src/stm32f4xx_hal_tim_ex.o
 .debug_frame   0x0000353c      0x954 ./Drivers/STM32F4xx_HAL_Driver/Src/stm32f4xx_hal_uart.o
 .debug_frame   0x00003e90       0x20 C:/ST/STM32CubeIDE_1.19.0/STM32CubeIDE/plugins/com.st.stm32cube.ide.mcu.externaltools.gnu-tools-for-stm32.13.3.rel1.win32_1.0.0.202411081344/tools/bin/../lib/gcc/arm-none-eabi/13.3.1/../../../../arm-none-eabi/lib/thumb/v7e-m+fp/hard\libc_nano.a(libc_a-memset.o)
 .debug_frame   0x00003eb0       0x2c C:/ST/STM32CubeIDE_1.19.0/STM32CubeIDE/plugins/com.st.stm32cube.ide.mcu.externaltools.gnu-tools-for-stm32.13.3.rel1.win32_1.0.0.202411081344/tools/bin/../lib/gcc/arm-none-eabi/13.3.1/../../../../arm-none-eabi/lib/thumb/v7e-m+fp/hard\libc_nano.a(libc_a-init.o)
 .debug_frame   0x00003edc       0x28 C:/ST/STM32CubeIDE_1.19.0/STM32CubeIDE/plugins/com.st.stm32cube.ide.mcu.externaltools.gnu-tools-for-stm32.13.3.rel1.win32_1.0.0.202411081344/tools/bin/../lib/gcc/arm-none-eabi/13.3.1/../../../../arm-none-eabi/lib/thumb/v7e-m+fp/hard\libc_nano.a(libc_a-memcpy-stub.o)
 .debug_frame   0x00003f04       0xac C:/ST/STM32CubeIDE_1.19.0/STM32CubeIDE/plugins/com.st.stm32cube.ide.mcu.externaltools.gnu-tools-for-stm32.13.3.rel1.win32_1.0.0.202411081344/tools/bin/../lib/gcc/arm-none-eabi/13.3.1/thumb/v7e-m+fp/hard\libgcc.a(_arm_addsubdf3.o)
 .debug_frame   0x00003fb0       0x50 C:/ST/STM32CubeIDE_1.19.0/STM32CubeIDE/plugins/com.st.stm32cube.ide.mcu.externaltools.gnu-tools-for-stm32.13.3.rel1.win32_1.0.0.202411081344/tools/bin/../lib/gcc/arm-none-eabi/13.3.1/thumb/v7e-m+fp/hard\libgcc.a(_arm_muldivdf3.o)
 .debug_frame   0x00004000       0x24 C:/ST/STM32CubeIDE_1.19.0/STM32CubeIDE/plugins/com.st.stm32cube.ide.mcu.externaltools.gnu-tools-for-stm32.13.3.rel1.win32_1.0.0.202411081344/tools/bin/../lib/gcc/arm-none-eabi/13.3.1/thumb/v7e-m+fp/hard\libgcc.a(_arm_fixdfsi.o)
 .debug_frame   0x00004024       0x24 C:/ST/STM32CubeIDE_1.19.0/STM32CubeIDE/plugins/com.st.stm32cube.ide.mcu.externaltools.gnu-tools-for-stm32.13.3.rel1.win32_1.0.0.202411081344/tools/bin/../lib/gcc/arm-none-eabi/13.3.1/thumb/v7e-m+fp/hard\libgcc.a(_arm_fixunsdfsi.o)
 .debug_frame   0x00004048       0x24 C:/ST/STM32CubeIDE_1.19.0/STM32CubeIDE/plugins/com.st.stm32cube.ide.mcu.externaltools.gnu-tools-for-stm32.13.3.rel1.win32_1.0.0.202411081344/tools/bin/../lib/gcc/arm-none-eabi/13.3.1/thumb/v7e-m+fp/hard\libgcc.a(_arm_truncdfsf2.o)
 .debug_frame   0x0000406c       0x2c C:/ST/STM32CubeIDE_1.19.0/STM32CubeIDE/plugins/com.st.stm32cube.ide.mcu.externaltools.gnu-tools-for-stm32.13.3.rel1.win32_1.0.0.202411081344/tools/bin/../lib/gcc/arm-none-eabi/13.3.1/thumb/v7e-m+fp/hard\libgcc.a(_aeabi_uldivmod.o)
 .debug_frame   0x00004098       0x34 C:/ST/STM32CubeIDE_1.19.0/STM32CubeIDE/plugins/com.st.stm32cube.ide.mcu.externaltools.gnu-tools-for-stm32.13.3.rel1.win32_1.0.0.202411081344/tools/bin/../lib/gcc/arm-none-eabi/13.3.1/thumb/v7e-m+fp/hard\libgcc.a(_udivmoddi4.o)

.debug_line_str
                0x00000000       0x6d
 .debug_line_str
                0x00000000       0x6d ./Core/Startup/startup_stm32f405rgtx.o
