Archive member included to satisfy reference by file (symbol)

C:/ST/STM32CubeIDE_1.19.0/STM32CubeIDE/plugins/com.st.stm32cube.ide.mcu.externaltools.gnu-tools-for-stm32.13.3.rel1.win32_1.0.0.202411081344/tools/bin/../lib/gcc/arm-none-eabi/13.3.1/../../../../arm-none-eabi/lib/thumb/v7e-m+fp/hard\libc_nano.a(libc_a-exit.o)
                              C:/ST/STM32CubeIDE_1.19.0/STM32CubeIDE/plugins/com.st.stm32cube.ide.mcu.externaltools.gnu-tools-for-stm32.13.3.rel1.win32_1.0.0.202411081344/tools/bin/../lib/gcc/arm-none-eabi/13.3.1/../../../../arm-none-eabi/lib/thumb/v7e-m+fp/hard/crt0.o (exit)
C:/ST/STM32CubeIDE_1.19.0/STM32CubeIDE/plugins/com.st.stm32cube.ide.mcu.externaltools.gnu-tools-for-stm32.13.3.rel1.win32_1.0.0.202411081344/tools/bin/../lib/gcc/arm-none-eabi/13.3.1/../../../../arm-none-eabi/lib/thumb/v7e-m+fp/hard\libc_nano.a(libc_a-findfp.o)
                              C:/ST/STM32CubeIDE_1.19.0/STM32CubeIDE/plugins/com.st.stm32cube.ide.mcu.externaltools.gnu-tools-for-stm32.13.3.rel1.win32_1.0.0.202411081344/tools/bin/../lib/gcc/arm-none-eabi/13.3.1/../../../../arm-none-eabi/lib/thumb/v7e-m+fp/hard\libc_nano.a(libc_a-exit.o) (__stdio_exit_handler)
C:/ST/STM32CubeIDE_1.19.0/STM32CubeIDE/plugins/com.st.stm32cube.ide.mcu.externaltools.gnu-tools-for-stm32.13.3.rel1.win32_1.0.0.202411081344/tools/bin/../lib/gcc/arm-none-eabi/13.3.1/../../../../arm-none-eabi/lib/thumb/v7e-m+fp/hard\libc_nano.a(libc_a-fwalk.o)
                              C:/ST/STM32CubeIDE_1.19.0/STM32CubeIDE/plugins/com.st.stm32cube.ide.mcu.externaltools.gnu-tools-for-stm32.13.3.rel1.win32_1.0.0.202411081344/tools/bin/../lib/gcc/arm-none-eabi/13.3.1/../../../../arm-none-eabi/lib/thumb/v7e-m+fp/hard\libc_nano.a(libc_a-findfp.o) (_fwalk_sglue)
C:/ST/STM32CubeIDE_1.19.0/STM32CubeIDE/plugins/com.st.stm32cube.ide.mcu.externaltools.gnu-tools-for-stm32.13.3.rel1.win32_1.0.0.202411081344/tools/bin/../lib/gcc/arm-none-eabi/13.3.1/../../../../arm-none-eabi/lib/thumb/v7e-m+fp/hard\libc_nano.a(libc_a-stdio.o)
                              C:/ST/STM32CubeIDE_1.19.0/STM32CubeIDE/plugins/com.st.stm32cube.ide.mcu.externaltools.gnu-tools-for-stm32.13.3.rel1.win32_1.0.0.202411081344/tools/bin/../lib/gcc/arm-none-eabi/13.3.1/../../../../arm-none-eabi/lib/thumb/v7e-m+fp/hard\libc_nano.a(libc_a-findfp.o) (__sread)
C:/ST/STM32CubeIDE_1.19.0/STM32CubeIDE/plugins/com.st.stm32cube.ide.mcu.externaltools.gnu-tools-for-stm32.13.3.rel1.win32_1.0.0.202411081344/tools/bin/../lib/gcc/arm-none-eabi/13.3.1/../../../../arm-none-eabi/lib/thumb/v7e-m+fp/hard\libc_nano.a(libc_a-memset.o)
                              C:/ST/STM32CubeIDE_1.19.0/STM32CubeIDE/plugins/com.st.stm32cube.ide.mcu.externaltools.gnu-tools-for-stm32.13.3.rel1.win32_1.0.0.202411081344/tools/bin/../lib/gcc/arm-none-eabi/13.3.1/../../../../arm-none-eabi/lib/thumb/v7e-m+fp/hard/crt0.o (memset)
C:/ST/STM32CubeIDE_1.19.0/STM32CubeIDE/plugins/com.st.stm32cube.ide.mcu.externaltools.gnu-tools-for-stm32.13.3.rel1.win32_1.0.0.202411081344/tools/bin/../lib/gcc/arm-none-eabi/13.3.1/../../../../arm-none-eabi/lib/thumb/v7e-m+fp/hard\libc_nano.a(libc_a-closer.o)
                              C:/ST/STM32CubeIDE_1.19.0/STM32CubeIDE/plugins/com.st.stm32cube.ide.mcu.externaltools.gnu-tools-for-stm32.13.3.rel1.win32_1.0.0.202411081344/tools/bin/../lib/gcc/arm-none-eabi/13.3.1/../../../../arm-none-eabi/lib/thumb/v7e-m+fp/hard\libc_nano.a(libc_a-stdio.o) (_close_r)
C:/ST/STM32CubeIDE_1.19.0/STM32CubeIDE/plugins/com.st.stm32cube.ide.mcu.externaltools.gnu-tools-for-stm32.13.3.rel1.win32_1.0.0.202411081344/tools/bin/../lib/gcc/arm-none-eabi/13.3.1/../../../../arm-none-eabi/lib/thumb/v7e-m+fp/hard\libc_nano.a(libc_a-reent.o)
                              C:/ST/STM32CubeIDE_1.19.0/STM32CubeIDE/plugins/com.st.stm32cube.ide.mcu.externaltools.gnu-tools-for-stm32.13.3.rel1.win32_1.0.0.202411081344/tools/bin/../lib/gcc/arm-none-eabi/13.3.1/../../../../arm-none-eabi/lib/thumb/v7e-m+fp/hard\libc_nano.a(libc_a-closer.o) (errno)
C:/ST/STM32CubeIDE_1.19.0/STM32CubeIDE/plugins/com.st.stm32cube.ide.mcu.externaltools.gnu-tools-for-stm32.13.3.rel1.win32_1.0.0.202411081344/tools/bin/../lib/gcc/arm-none-eabi/13.3.1/../../../../arm-none-eabi/lib/thumb/v7e-m+fp/hard\libc_nano.a(libc_a-impure.o)
                              C:/ST/STM32CubeIDE_1.19.0/STM32CubeIDE/plugins/com.st.stm32cube.ide.mcu.externaltools.gnu-tools-for-stm32.13.3.rel1.win32_1.0.0.202411081344/tools/bin/../lib/gcc/arm-none-eabi/13.3.1/../../../../arm-none-eabi/lib/thumb/v7e-m+fp/hard\libc_nano.a(libc_a-reent.o) (_impure_ptr)
C:/ST/STM32CubeIDE_1.19.0/STM32CubeIDE/plugins/com.st.stm32cube.ide.mcu.externaltools.gnu-tools-for-stm32.13.3.rel1.win32_1.0.0.202411081344/tools/bin/../lib/gcc/arm-none-eabi/13.3.1/../../../../arm-none-eabi/lib/thumb/v7e-m+fp/hard\libc_nano.a(libc_a-lseekr.o)
[...]
Memory Configuration

Name             Origin             Length             Attributes
CCMRAM           0x10000000         0x00010000         xrw
RAM              0x20000000         0x00020000         xrw
FLASH            0x08000000         0x00100000         xr
*default*        0x00000000         0xffffffff

Linker script and memory map

LOAD C:/ST/STM32CubeIDE_1.19.0/STM32CubeIDE/plugins/com.st.stm32cube.ide.mcu.externaltools.gnu-tools-for-stm32.13.3.rel1.win32_1.0.0.202411081344/tools/bin/../lib/gcc/arm-none-eabi/13.3.1/thumb/v7e-m+fp/hard/crti.o
LOAD C:/ST/STM32CubeIDE_1.19.0/STM32CubeIDE/plugins/com.st.stm32cube.ide.mcu.externaltools.gnu-tools-for-stm32.13.3.rel1.win32_1.0.0.202411081344/tools/bin/../lib/gcc/arm-none-eabi/13.3.1/thumb/v7e-m+fp/hard/crtbegin.o
LOAD C:/ST/STM32CubeIDE_1.19.0/STM32CubeIDE/plugins/com.st.stm32cube.ide.mcu.externaltools.gnu-tools-for-stm32.13.3.rel1.win32_1.0.0.202411081344/tools/bin/../lib/gcc/arm-none-eabi/13.3.1/../../../../arm-none-eabi/lib/thumb/v7e-m+fp/hard/crt0.o
LOAD ./Core/Src/main.o
LOAD ./Core/Src/stm32f4xx_hal_msp.o
LOAD ./Core/Src/stm32f4xx_it.o
LOAD ./Core/Src/syscalls.o
LOAD ./Core/Src/sysmem.o
LOAD ./Core/Src/system_stm32f4xx.o
LOAD ./Core/Startup/startup_stm32f405rgtx.o
LOAD ./Drivers/STM32F4xx_HAL_Driver/Src/stm32f4xx_hal.o
LOAD ./Drivers/STM32F4xx_HAL_Driver/Src/stm32f4xx_hal_adc.o
LOAD ./Drivers/STM32F4xx_HAL_Driver/Src/stm32f4xx_hal_adc_ex.o
LOAD ./Drivers/STM32F4xx_HAL_Driver/Src/stm32f4xx_hal_cortex.o
LOAD ./Drivers/STM32F4xx_HAL_Driver/Src/stm32f4xx_hal_dma.o
LOAD ./Drivers/STM32F4xx_HAL_Driver/Src/stm32f4xx_hal_dma_ex.o
LOAD ./Drivers/STM32F4xx_HAL_Driver/Src/stm32f4xx_hal_exti.o
LOAD ./Drivers/STM32F4xx_HAL_Driver/Src/stm32f4xx_hal_flash.o
LOAD ./Drivers/STM32F4xx_HAL_Driver/Src/stm32f4xx_hal_flash_ex.o
LOAD ./Drivers/STM32F4xx_HAL_Driver/Src/stm32f4xx_hal_flash_ramfunc.o
LOAD ./Drivers/STM32F4xx_HAL_Driver/Src/stm32f4xx_hal_gpio.o
LOAD ./Drivers/STM32F4xx_HAL_Driver/Src/stm32f4xx_hal_pwr.o
LOAD ./Drivers/STM32F4xx_HAL_Driver/Src/stm32f4xx_hal_pwr_ex.o
LOAD ./Drivers/STM32F4xx_HAL_Driver/Src/stm32f4xx_hal_rcc.o
LOAD ./Drivers/STM32F4xx_HAL_Driver/Src/stm32f4xx_hal_rcc_ex.o
LOAD ./Drivers/STM32F4xx_HAL_Driver/Src/stm32f4xx_hal_tim.o
LOAD ./Drivers/STM32F4xx_HAL_Driver/Src/stm32f4xx_hal_tim_ex.o
LOAD ./Drivers/STM32F4xx_HAL_Driver/Src/stm32f4xx_ll_adc.o
START GROUP
LOAD C:/ST/STM32CubeIDE_1.19.0/STM32CubeIDE/plugins/com.st.stm32cube.ide.mcu.externaltools.gnu-tools-for-stm32.13.3.rel1.win32_1.0.0.202411081344/tools/bin/../lib/gcc/arm-none-eabi/13.3.1/../../../../arm-none-eabi/lib/thumb/v7e-m+fp/hard\libc_nano.a
LOAD C:/ST/STM32CubeIDE_1.19.0/STM32CubeIDE/plugins/com.st.stm32cube.ide.mcu.externaltools.gnu-tools-for-stm32.13.3.rel1.win32_1.0.0.202411081344/tools/bin/../lib/gcc/arm-none-eabi/13.3.1/../../../../arm-none-eabi/lib/thumb/v7e-m+fp/hard\libm.a
END GROUP
START GROUP
LOAD C:/ST/STM32CubeIDE_1.19.0/STM32CubeIDE/plugins/com.st.stm32cube.ide.mcu.externaltools.gnu-tools-for-stm32.13.3.rel1.win32_1.0.0.202411081344/tools/bin/../lib/gcc/arm-none-eabi/13.3.1/thumb/v7e-m+fp/hard\libgcc.a
LOAD C:/ST/STM32CubeIDE_1.19.0/STM32CubeIDE/plugins/com.st.stm32cube.ide.mcu.externaltools.gnu-tools-for-stm32.13.3.rel1.win32_1.0.0.202411081344/tools/bin/../lib/gcc/arm-none-eabi/13.3.1/../../../../arm-none-eabi/lib/thumb/v7e-m+fp/hard\libc_nano.a
END GROUP
START GROUP
LOAD C:/ST/STM32CubeIDE_1.19.0/STM32CubeIDE/plugins/com.st.stm32cube.ide.mcu.externaltools.gnu-tools-for-stm32.13.3.rel1.win32_1.0.0.202411081344/tools/bin/../lib/gcc/arm-none-eabi/13.3.1/thumb/v7e-m+fp/hard\libgcc.a
LOAD C:/ST/STM32CubeIDE_1.19.0/STM32CubeIDE/plugins/com.st.stm32cube.ide.mcu.externaltools.gnu-tools-for-stm32.13.3.rel1.win32_1.0.0.202411081344/tools/bin/../lib/gcc/arm-none-eabi/13.3.1/../../../../arm-none-eabi/lib/thumb/v7e-m+fp/hard\libc_nano.a
LOAD C:/ST/STM32CubeIDE_1.19.0/STM32CubeIDE/plugins/com.st.stm32cube.ide.mcu.externaltools.gnu-tools-for-stm32.13.3.rel1.win32_1.0.0.202411081344/tools/bin/../lib/gcc/arm-none-eabi/13.3.1/../../../../arm-none-eabi/lib/thumb/v7e-m+fp/hard\libnosys.a
END GROUP
START GROUP
LOAD C:/ST/STM32CubeIDE_1.19.0/STM32CubeIDE/plugins/com.st.stm32cube.ide.mcu.externaltools.gnu-tools-for-stm32.13.3.rel1.win32_1.0.0.202411081344/tools/bin/../lib/gcc/arm-none-eabi/13.3.1/thumb/v7e-m+fp/hard\libgcc.a
LOAD C:/ST/STM32CubeIDE_1.19.0/STM32CubeIDE/plugins/com.st.stm32cube.ide.mcu.externaltools.gnu-tools-for-stm32.13.3.rel1.win32_1.0.0.202411081344/tools/bin/../lib/gcc/arm-none-eabi/13.3.1/../../../../arm-none-eabi/lib/thumb/v7e-m+fp/hard\libc_nano.a
LOAD C:/ST/STM32CubeIDE_1.19.0/STM32CubeIDE/plugins/com.st.stm32cube.ide.mcu.externaltools.gnu-tools-for-stm32.13.3.rel1.win32_1.0.0.202411081344/tools/bin/../lib/gcc/arm-none-eabi/13.3.1/../../../../arm-none-eabi/lib/thumb/v7e-m+fp/hard\libnosys.a
END GROUP
LOAD C:/ST/STM32CubeIDE_1.19.0/STM32CubeIDE/plugins/com.st.stm32cube.ide.mcu.externaltools.gnu-tools-for-stm32.13.3.rel1.win32_1.0.0.202411081344/tools/bin/../lib/gcc/arm-none-eabi/13.3.1/thumb/v7e-m+fp/hard/crtend.o
LOAD C:/ST/STM32CubeIDE_1.19.0/STM32CubeIDE/plugins/com.st.stm32cube.ide.mcu.externaltools.gnu-tools-for-stm32.13.3.rel1.win32_1.0.0.202411081344/tools/bin/../lib/gcc/arm-none-eabi/13.3.1/thumb/v7e-m+fp/hard/crtn.o
                0x20020000                        _estack = (ORIGIN (RAM) + LENGTH (RAM))
                0x00000200                        _Min_Heap_Size = 0x200
                0x00000400                        _Min_Stack_Size = 0x400

.isr_vector     0x08000000      0x188
                0x08000000                        . = ALIGN (0x4)
 *(.isr_vector)
 .isr_vector    0x08000000      0x188 ./Core/Startup/startup_stm32f405rgtx.o
                0x08000000                g_pfnVectors
                0x08000188                        . = ALIGN (0x4)

.text           0x08000188     0x59e8
                0x08000188                        . = ALIGN (0x4)
 *(.text)
 .text          0x08000188       0x40 C:/ST/STM32CubeIDE_1.19.0/STM32CubeIDE/plugins/com.st.stm32cube.ide.mcu.externaltools.gnu-tools-for-stm32.13.3.rel1.win32_1.0.0.202411081344/tools/bin/../lib/gcc/arm-none-eabi/13.3.1/thumb/v7e-m+fp/hard/crtbegin.o
 .text          0x080001c8      0x378 C:/ST/STM32CubeIDE_1.19.0/STM32CubeIDE/plugins/com.st.stm32cube.ide.mcu.externaltools.gnu-tools-for-stm32.13.3.rel1.win32_1.0.0.202411081344/tools/bin/../lib/gcc/arm-none-eabi/13.3.1/thumb/v7e-m+fp/hard\libgcc.a(_arm_addsubdf3.o)
                0x080001c8                __aeabi_drsub
                0x080001d0                __aeabi_dsub
                0x080001d0                __subdf3
                0x080001d4                __aeabi_dadd
                0x080001d4                __adddf3
                0x0800044c                __floatunsidf
                0x0800044c                __aeabi_ui2d
                0x0800046c                __floatsidf
                0x0800046c                __aeabi_i2d
                0x08000490                __aeabi_f2d
                0x08000490                __extendsfdf2
                0x080004d4                __floatundidf
                0x080004d4                __aeabi_ul2d
                0x080004e4                __floatdidf
                0x080004e4                __aeabi_l2d
 .text          0x08000540       0xa0 C:/ST/STM32CubeIDE_1.19.0/STM32CubeIDE/plugins/com.st.stm32cube.ide.mcu.externaltools.gnu-tools-for-stm32.13.3.rel1.win32_1.0.0.202411081344/tools/bin/../lib/gcc/arm-none-eabi/13.3.1/thumb/v7e-m+fp/hard\libgcc.a(_arm_truncdfsf2.o)
                0x08000540                __truncdfsf2
                0x08000540                __aeabi_d2f
 .text          0x080005e0       0x30 C:/ST/STM32CubeIDE_1.19.0/STM32CubeIDE/plugins/com.st.stm32cube.ide.mcu.externaltools.gnu-tools-for-stm32.13.3.rel1.win32_1.0.0.202411081344/tools/bin/../lib/gcc/arm-none-eabi/13.3.1/thumb/v7e-m+fp/hard\libgcc.a(_aeabi_uldivmod.o)
                0x080005e0                __aeabi_uldivmod
 .text          0x08000610      0x2f8 C:/ST/STM32CubeIDE_1.19.0/STM32CubeIDE/plugins/com.st.stm32cube.ide.mcu.externaltools.gnu-tools-for-stm32.13.3.rel1.win32_1.0.0.202411081344/tools/bin/../lib/gcc/arm-none-eabi/13.3.1/thumb/v7e-m+fp/hard\libgcc.a(_udivmoddi4.o)
                0x08000610                __udivmoddi4
 .text          0x08000908        0x4 C:/ST/STM32CubeIDE_1.19.0/STM32CubeIDE/plugins/com.st.stm32cube.ide.mcu.externaltools.gnu-tools-for-stm32.13.3.rel1.win32_1.0.0.202411081344/tools/bin/../lib/gcc/arm-none-eabi/13.3.1/thumb/v7e-m+fp/hard\libgcc.a(_dvmd_tls.o)
                0x08000908                __aeabi_idiv0
                0x08000908                __aeabi_ldiv0
 *(.text*)
 .text.current_pi_controller
                0x0800090c      0x15c ./Core/Src/main.o
                0x0800090c                current_pi_controller
 .text.velocity_pid_controller
                0x08000a68      0x12c ./Core/Src/main.o
                0x08000a68                velocity_pid_controller
 .text.convert_adc_to_current
                0x08000b94       0xcc ./Core/Src/main.o
                0x08000b94                convert_adc_to_current
 .text.calibrate_current_sensors
                0x08000c60      0x11c ./Core/Src/main.o
                0x08000c60                calibrate_current_sensors
 .text.calculate_speed_from_capture
                0x08000d7c       0xf8 ./Core/Src/main.o
                0x08000d7c                calculate_speed_from_capture
 .text.update_angle_from_encoder
                0x08000e74       0x68 ./Core/Src/main.o
                0x08000e74                update_angle_from_encoder
 .text.read_hall_sensors
                0x08000edc       0x5c ./Core/Src/main.o
                0x08000edc                read_hall_sensors
 .text.stopMotor
                0x08000f38       0x90 ./Core/Src/main.o
                0x08000f38                stopMotor
 .text.SetPhase_PWM
                0x08000fc8       0x78 ./Core/Src/main.o
                0x08000fc8                SetPhase_PWM
 .text.SetPhase_GND
                0x08001040       0x70 ./Core/Src/main.o
                0x08001040                SetPhase_GND
 .text.SetPhase_FLOAT
                0x080010b0       0x54 ./Core/Src/main.o
                0x080010b0                SetPhase_FLOAT
 .text.sixStepCommutation
                0x08001104       0xe4 ./Core/Src/main.o
                0x08001104                sixStepCommutation
 .text.getActivePhaseCurrent
                0x080011e8       0x8c ./Core/Src/main.o
                0x080011e8                getActivePhaseCurrent
 .text.main     0x08001274       0xe0 ./Core/Src/main.o
                0x08001274                main
 .text.SystemClock_Config
                0x08001354       0xd0 ./Core/Src/main.o
                0x08001354                SystemClock_Config
 .text.MX_ADC1_Init
                0x08001424      0x128 ./Core/Src/main.o
 .text.MX_TIM1_Init
                0x0800154c      0x190 ./Core/Src/main.o
 .text.MX_TIM2_Init
                0x080016dc       0xa8 ./Core/Src/main.o
 .text.MX_TIM3_Init
                0x08001784       0xe0 ./Core/Src/main.o
 .text.MX_TIM4_Init
                0x08001864       0x9c ./Core/Src/main.o
 .text.MX_GPIO_Init
                0x08001900      0x108 ./Core/Src/main.o
 .text.HAL_ADCEx_InjectedConvCpltCallback
                0x08001a08       0xd0 ./Core/Src/main.o
                0x08001a08                HAL_ADCEx_InjectedConvCpltCallback
 .text.HAL_TIM_PeriodElapsedCallback
                0x08001ad8       0x70 ./Core/Src/main.o
                0x08001ad8                HAL_TIM_PeriodElapsedCallback
 .text.HAL_TIM_IC_CaptureCallback
                0x08001b48       0x8c ./Core/Src/main.o
                0x08001b48                HAL_TIM_IC_CaptureCallback
 .text.Error_Handler
                0x08001bd4        0xc ./Core/Src/main.o
                0x08001bd4                Error_Handler
 .text.HAL_MspInit
                0x08001be0       0x50 ./Core/Src/stm32f4xx_hal_msp.o
                0x08001be0                HAL_MspInit
 .text.HAL_ADC_MspInit
                0x08001c30       0xd0 ./Core/Src/stm32f4xx_hal_msp.o
                0x08001c30                HAL_ADC_MspInit
 .text.HAL_TIM_Base_MspInit
                0x08001d00      0x108 ./Core/Src/stm32f4xx_hal_msp.o
                0x08001d00                HAL_TIM_Base_MspInit
 .text.HAL_TIM_Encoder_MspInit
                0x08001e08       0x8c ./Core/Src/stm32f4xx_hal_msp.o
                0x08001e08                HAL_TIM_Encoder_MspInit
 .text.HAL_TIM_MspPostInit
                0x08001e94       0x74 ./Core/Src/stm32f4xx_hal_msp.o
                0x08001e94                HAL_TIM_MspPostInit
 .text.NMI_Handler
                0x08001f08        0x8 ./Core/Src/stm32f4xx_it.o
                0x08001f08                NMI_Handler
 .text.HardFault_Handler
                0x08001f10        0x8 ./Core/Src/stm32f4xx_it.o
                0x08001f10                HardFault_Handler
 .text.MemManage_Handler
                0x08001f18        0x8 ./Core/Src/stm32f4xx_it.o
                0x08001f18                MemManage_Handler
 .text.BusFault_Handler
                0x08001f20        0x8 ./Core/Src/stm32f4xx_it.o
                0x08001f20                BusFault_Handler
 .text.UsageFault_Handler
                0x08001f28        0x8 ./Core/Src/stm32f4xx_it.o
                0x08001f28                UsageFault_Handler
 .text.SVC_Handler
                0x08001f30        0xe ./Core/Src/stm32f4xx_it.o
                0x08001f30                SVC_Handler
 .text.DebugMon_Handler
                0x08001f3e        0xe ./Core/Src/stm32f4xx_it.o
                0x08001f3e                DebugMon_Handler
 .text.PendSV_Handler
                0x08001f4c        0xe ./Core/Src/stm32f4xx_it.o
                0x08001f4c                PendSV_Handler
 .text.SysTick_Handler
                0x08001f5a        0xc ./Core/Src/stm32f4xx_it.o
                0x08001f5a                SysTick_Handler
 *fill*         0x08001f66        0x2 
 .text.ADC_IRQHandler
                0x08001f68       0x14 ./Core/Src/stm32f4xx_it.o
                0x08001f68                ADC_IRQHandler
 .text.TIM3_IRQHandler
                0x08001f7c       0x14 ./Core/Src/stm32f4xx_it.o
                0x08001f7c                TIM3_IRQHandler
 .text.TIM4_IRQHandler
                0x08001f90       0x14 ./Core/Src/stm32f4xx_it.o
                0x08001f90                TIM4_IRQHandler
 .text.SystemInit
                0x08001fa4       0x24 ./Core/Src/system_stm32f4xx.o
                0x08001fa4                SystemInit
 .text.Reset_Handler
                0x08001fc8       0x50 ./Core/Startup/startup_stm32f405rgtx.o
                0x08001fc8                Reset_Handler
 .text.Default_Handler
                0x08002018        0x2 ./Core/Startup/startup_stm32f405rgtx.o
                0x08002018                RTC_Alarm_IRQHandler
                0x08002018                HASH_RNG_IRQHandler
                0x08002018                EXTI2_IRQHandler
                0x08002018                TIM8_CC_IRQHandler
                0x08002018                TIM1_CC_IRQHandler
                0x08002018                DMA2_Stream5_IRQHandler
                0x08002018                DMA1_Stream5_IRQHandler
                0x08002018                PVD_IRQHandler
                0x08002018                SDIO_IRQHandler
                0x08002018                TAMP_STAMP_IRQHandler
                0x08002018                CAN2_RX1_IRQHandler
                0x08002018                EXTI3_IRQHandler
                0x08002018                TIM8_TRG_COM_TIM14_IRQHandler
                0x08002018                TIM1_UP_TIM10_IRQHandler
                0x08002018                TIM8_UP_TIM13_IRQHandler
                0x08002018                I2C3_ER_IRQHandler
                0x08002018                EXTI0_IRQHandler
                0x08002018                I2C2_EV_IRQHandler
                0x08002018                DMA1_Stream2_IRQHandler
                0x08002018                CAN1_RX0_IRQHandler
                0x08002018                FPU_IRQHandler
                0x08002018                OTG_HS_WKUP_IRQHandler
                0x08002018                CAN2_SCE_IRQHandler
                0x08002018                DMA2_Stream2_IRQHandler
                0x08002018                SPI1_IRQHandler
                0x08002018                TIM6_DAC_IRQHandler
                0x08002018                TIM1_BRK_TIM9_IRQHandler
                0x08002018                CAN2_RX0_IRQHandler
                0x08002018                DMA2_Stream3_IRQHandler
                0x08002018                USART6_IRQHandler
                0x08002018                USART3_IRQHandler
                0x08002018                CAN1_RX1_IRQHandler
                0x08002018                UART5_IRQHandler
                0x08002018                DMA2_Stream0_IRQHandler
                0x08002018                I2C1_EV_IRQHandler
                0x08002018                DMA1_Stream6_IRQHandler
                0x08002018                DMA1_Stream1_IRQHandler
                0x08002018                UART4_IRQHandler
                0x08002018                RCC_IRQHandler
                0x08002018                TIM8_BRK_TIM12_IRQHandler
                0x08002018                Default_Handler
                0x08002018                EXTI15_10_IRQHandler
                0x08002018                DMA1_Stream7_IRQHandler
                0x08002018                TIM7_IRQHandler
                0x08002018                CAN2_TX_IRQHandler
                0x08002018                TIM5_IRQHandler
                0x08002018                DMA2_Stream7_IRQHandler
                0x08002018                I2C3_EV_IRQHandler
                0x08002018                EXTI9_5_IRQHandler
                0x08002018                RTC_WKUP_IRQHandler
                0x08002018                SPI2_IRQHandler
                0x08002018                OTG_HS_EP1_IN_IRQHandler
                0x08002018                DMA1_Stream0_IRQHandler
                0x08002018                CAN1_TX_IRQHandler
                0x08002018                EXTI4_IRQHandler
                0x08002018                FSMC_IRQHandler
                0x08002018                OTG_HS_EP1_OUT_IRQHandler
                0x08002018                WWDG_IRQHandler
                0x08002018                TIM2_IRQHandler
                0x08002018                OTG_FS_WKUP_IRQHandler
                0x08002018                TIM1_TRG_COM_TIM11_IRQHandler
                0x08002018                OTG_HS_IRQHandler
                0x08002018                EXTI1_IRQHandler
                0x08002018                USART2_IRQHandler
                0x08002018                I2C2_ER_IRQHandler
                0x08002018                DMA2_Stream1_IRQHandler
                0x08002018                CAN1_SCE_IRQHandler
                0x08002018                FLASH_IRQHandler
                0x08002018                DMA2_Stream4_IRQHandler
                0x08002018                USART1_IRQHandler
                0x08002018                OTG_FS_IRQHandler
                0x08002018                SPI3_IRQHandler
                0x08002018                DMA1_Stream4_IRQHandler
                0x08002018                I2C1_ER_IRQHandler
                0x08002018                DMA2_Stream6_IRQHandler
                0x08002018                DMA1_Stream3_IRQHandler
 *fill*         0x0800201a        0x2 
 .text.HAL_Init
                0x0800201c       0x44 ./Drivers/STM32F4xx_HAL_Driver/Src/stm32f4xx_hal.o
                0x0800201c                HAL_Init
 .text.HAL_InitTick
                0x08002060       0x60 ./Drivers/STM32F4xx_HAL_Driver/Src/stm32f4xx_hal.o
                0x08002060                HAL_InitTick
 .text.HAL_IncTick
                0x080020c0       0x28 ./Drivers/STM32F4xx_HAL_Driver/Src/stm32f4xx_hal.o
                0x080020c0                HAL_IncTick
 .text.HAL_GetTick
                0x080020e8       0x18 ./Drivers/STM32F4xx_HAL_Driver/Src/stm32f4xx_hal.o
                0x080020e8                HAL_GetTick
 .text.HAL_Delay
                0x08002100       0x48 ./Drivers/STM32F4xx_HAL_Driver/Src/stm32f4xx_hal.o
                0x08002100                HAL_Delay
 .text.HAL_ADC_Init
                0x08002148       0x86 ./Drivers/STM32F4xx_HAL_Driver/Src/stm32f4xx_hal_adc.o
                0x08002148                HAL_ADC_Init
 *fill*         0x080021ce        0x2 
 .text.HAL_ADC_Start
                0x080021d0      0x1a4 ./Drivers/STM32F4xx_HAL_Driver/Src/stm32f4xx_hal_adc.o
                0x080021d0                HAL_ADC_Start
 .text.HAL_ADC_Stop
                0x08002374       0x66 ./Drivers/STM32F4xx_HAL_Driver/Src/stm32f4xx_hal_adc.o
                0x08002374                HAL_ADC_Stop
 .text.HAL_ADC_PollForConversion
                0x080023da      0x116 ./Drivers/STM32F4xx_HAL_Driver/Src/stm32f4xx_hal_adc.o
                0x080023da                HAL_ADC_PollForConversion
 .text.HAL_ADC_IRQHandler
                0x080024f0      0x220 ./Drivers/STM32F4xx_HAL_Driver/Src/stm32f4xx_hal_adc.o
                0x080024f0                HAL_ADC_IRQHandler
 .text.HAL_ADC_GetValue
                0x08002710       0x1a ./Drivers/STM32F4xx_HAL_Driver/Src/stm32f4xx_hal_adc.o
                0x08002710                HAL_ADC_GetValue
 .text.HAL_ADC_ConvCpltCallback
                0x0800272a       0x14 ./Drivers/STM32F4xx_HAL_Driver/Src/stm32f4xx_hal_adc.o
                0x0800272a                HAL_ADC_ConvCpltCallback
 .text.HAL_ADC_LevelOutOfWindowCallback
                0x0800273e       0x14 ./Drivers/STM32F4xx_HAL_Driver/Src/stm32f4xx_hal_adc.o
                0x0800273e                HAL_ADC_LevelOutOfWindowCallback
 .text.HAL_ADC_ErrorCallback
                0x08002752       0x14 ./Drivers/STM32F4xx_HAL_Driver/Src/stm32f4xx_hal_adc.o
                0x08002752                HAL_ADC_ErrorCallback
 *fill*         0x08002766        0x2 
 .text.HAL_ADC_ConfigChannel
                0x08002768      0x244 ./Drivers/STM32F4xx_HAL_Driver/Src/stm32f4xx_hal_adc.o
                0x08002768                HAL_ADC_ConfigChannel
 .text.ADC_Init
                0x080029ac      0x1f8 ./Drivers/STM32F4xx_HAL_Driver/Src/stm32f4xx_hal_adc.o
 .text.HAL_ADCEx_InjectedStart_IT
                0x08002ba4      0x1a4 ./Drivers/STM32F4xx_HAL_Driver/Src/stm32f4xx_hal_adc_ex.o
                0x08002ba4                HAL_ADCEx_InjectedStart_IT
 .text.HAL_ADCEx_InjectedGetValue
                0x08002d48       0x70 ./Drivers/STM32F4xx_HAL_Driver/Src/stm32f4xx_hal_adc_ex.o
                0x08002d48                HAL_ADCEx_InjectedGetValue
 .text.HAL_ADCEx_InjectedConfigChannel
                0x08002db8      0x32c ./Drivers/STM32F4xx_HAL_Driver/Src/stm32f4xx_hal_adc_ex.o
                0x08002db8                HAL_ADCEx_InjectedConfigChannel
 .text.__NVIC_SetPriorityGrouping
                0x080030e4       0x48 ./Drivers/STM32F4xx_HAL_Driver/Src/stm32f4xx_hal_cortex.o
 .text.__NVIC_GetPriorityGrouping
                0x0800312c       0x1c ./Drivers/STM32F4xx_HAL_Driver/Src/stm32f4xx_hal_cortex.o
 .text.__NVIC_EnableIRQ
                0x08003148       0x3c ./Drivers/STM32F4xx_HAL_Driver/Src/stm32f4xx_hal_cortex.o
 .text.__NVIC_SetPriority
                0x08003184       0x54 ./Drivers/STM32F4xx_HAL_Driver/Src/stm32f4xx_hal_cortex.o
 .text.NVIC_EncodePriority
                0x080031d8       0x66 ./Drivers/STM32F4xx_HAL_Driver/Src/stm32f4xx_hal_cortex.o
 *fill*         0x0800323e        0x2 
 .text.SysTick_Config
                0x08003240       0x44 ./Drivers/STM32F4xx_HAL_Driver/Src/stm32f4xx_hal_cortex.o
 .text.HAL_NVIC_SetPriorityGrouping
                0x08003284       0x16 ./Drivers/STM32F4xx_HAL_Driver/Src/stm32f4xx_hal_cortex.o
                0x08003284                HAL_NVIC_SetPriorityGrouping
 .text.HAL_NVIC_SetPriority
                0x0800329a       0x38 ./Drivers/STM32F4xx_HAL_Driver/Src/stm32f4xx_hal_cortex.o
                0x0800329a                HAL_NVIC_SetPriority
 .text.HAL_NVIC_EnableIRQ
                0x080032d2       0x1c ./Drivers/STM32F4xx_HAL_Driver/Src/stm32f4xx_hal_cortex.o
                0x080032d2                HAL_NVIC_EnableIRQ
 .text.HAL_SYSTICK_Config
                0x080032ee       0x18 ./Drivers/STM32F4xx_HAL_Driver/Src/stm32f4xx_hal_cortex.o
                0x080032ee                HAL_SYSTICK_Config
 *fill*         0x08003306        0x2 
 .text.HAL_GPIO_Init
                0x08003308      0x338 ./Drivers/STM32F4xx_HAL_Driver/Src/stm32f4xx_hal_gpio.o
                0x08003308                HAL_GPIO_Init
 .text.HAL_GPIO_ReadPin
                0x08003640       0x30 ./Drivers/STM32F4xx_HAL_Driver/Src/stm32f4xx_hal_gpio.o
                0x08003640                HAL_GPIO_ReadPin
 .text.HAL_GPIO_WritePin
                0x08003670       0x32 ./Drivers/STM32F4xx_HAL_Driver/Src/stm32f4xx_hal_gpio.o
                0x08003670                HAL_GPIO_WritePin
 *fill*         0x080036a2        0x2 
 .text.HAL_RCC_OscConfig
                0x080036a4      0x4f0 ./Drivers/STM32F4xx_HAL_Driver/Src/stm32f4xx_hal_rcc.o
                0x080036a4                HAL_RCC_OscConfig
 .text.HAL_RCC_ClockConfig
                0x08003b94      0x1cc ./Drivers/STM32F4xx_HAL_Driver/Src/stm32f4xx_hal_rcc.o
                0x08003b94                HAL_RCC_ClockConfig
 .text.HAL_RCC_GetSysClockFreq
                0x08003d60      0x18c ./Drivers/STM32F4xx_HAL_Driver/Src/stm32f4xx_hal_rcc.o
                0x08003d60                HAL_RCC_GetSysClockFreq
 .text.HAL_TIM_Base_Init
                0x08003eec       0x9e ./Drivers/STM32F4xx_HAL_Driver/Src/stm32f4xx_hal_tim.o
                0x08003eec                HAL_TIM_Base_Init
 *fill*         0x08003f8a        0x2 
 .text.HAL_TIM_Base_Start
                0x08003f8c       0xd0 ./Drivers/STM32F4xx_HAL_Driver/Src/stm32f4xx_hal_tim.o
                0x08003f8c                HAL_TIM_Base_Start
 .text.HAL_TIM_Base_Start_IT
                0x0800405c       0xe0 ./Drivers/STM32F4xx_HAL_Driver/Src/stm32f4xx_hal_tim.o
                0x0800405c                HAL_TIM_Base_Start_IT
 .text.HAL_TIM_PWM_Init
                0x0800413c       0x9e ./Drivers/STM32F4xx_HAL_Driver/Src/stm32f4xx_hal_tim.o
                0x0800413c                HAL_TIM_PWM_Init
 .text.HAL_TIM_PWM_MspInit
                0x080041da       0x14 ./Drivers/STM32F4xx_HAL_Driver/Src/stm32f4xx_hal_tim.o
                0x080041da                HAL_TIM_PWM_MspInit
 *fill*         0x080041ee        0x2 
 .text.HAL_TIM_PWM_Start
                0x080041f0      0x190 ./Drivers/STM32F4xx_HAL_Driver/Src/stm32f4xx_hal_tim.o
                0x080041f0                HAL_TIM_PWM_Start
 .text.HAL_TIM_PWM_Stop
                0x08004380       0xe0 ./Drivers/STM32F4xx_HAL_Driver/Src/stm32f4xx_hal_tim.o
                0x08004380                HAL_TIM_PWM_Stop
 .text.HAL_TIM_IC_Init
                0x08004460       0x9e ./Drivers/STM32F4xx_HAL_Driver/Src/stm32f4xx_hal_tim.o
                0x08004460                HAL_TIM_IC_Init
 .text.HAL_TIM_IC_MspInit
                0x080044fe       0x14 ./Drivers/STM32F4xx_HAL_Driver/Src/stm32f4xx_hal_tim.o
                0x080044fe                HAL_TIM_IC_MspInit
 *fill*         0x08004512        0x2 
 .text.HAL_TIM_IC_Start_IT
                0x08004514      0x250 ./Drivers/STM32F4xx_HAL_Driver/Src/stm32f4xx_hal_tim.o
                0x08004514                HAL_TIM_IC_Start_IT
 .text.HAL_TIM_Encoder_Init
                0x08004764      0x14c ./Drivers/STM32F4xx_HAL_Driver/Src/stm32f4xx_hal_tim.o
                0x08004764                HAL_TIM_Encoder_Init
 .text.HAL_TIM_Encoder_Start
                0x080048b0      0x11c ./Drivers/STM32F4xx_HAL_Driver/Src/stm32f4xx_hal_tim.o
                0x080048b0                HAL_TIM_Encoder_Start
 .text.HAL_TIM_IRQHandler
                0x080049cc      0x1e0 ./Drivers/STM32F4xx_HAL_Driver/Src/stm32f4xx_hal_tim.o
                0x080049cc                HAL_TIM_IRQHandler
 .text.HAL_TIM_IC_ConfigChannel
                0x08004bac      0x138 ./Drivers/STM32F4xx_HAL_Driver/Src/stm32f4xx_hal_tim.o
                0x08004bac                HAL_TIM_IC_ConfigChannel
 .text.HAL_TIM_PWM_ConfigChannel
                0x08004ce4      0x184 ./Drivers/STM32F4xx_HAL_Driver/Src/stm32f4xx_hal_tim.o
                0x08004ce4                HAL_TIM_PWM_ConfigChannel
 .text.HAL_TIM_ConfigClockSource
                0x08004e68      0x18e ./Drivers/STM32F4xx_HAL_Driver/Src/stm32f4xx_hal_tim.o
                0x08004e68                HAL_TIM_ConfigClockSource
 *fill*         0x08004ff6        0x2 
 .text.HAL_TIM_ReadCapturedValue
                0x08004ff8       0x88 ./Drivers/STM32F4xx_HAL_Driver/Src/stm32f4xx_hal_tim.o
                0x08004ff8                HAL_TIM_ReadCapturedValue
 .text.HAL_TIM_OC_DelayElapsedCallback
                0x08005080       0x14 ./Drivers/STM32F4xx_HAL_Driver/Src/stm32f4xx_hal_tim.o
                0x08005080                HAL_TIM_OC_DelayElapsedCallback
 .text.HAL_TIM_PWM_PulseFinishedCallback
                0x08005094       0x14 ./Drivers/STM32F4xx_HAL_Driver/Src/stm32f4xx_hal_tim.o
                0x08005094                HAL_TIM_PWM_PulseFinishedCallback
 .text.HAL_TIM_TriggerCallback
                0x080050a8       0x14 ./Drivers/STM32F4xx_HAL_Driver/Src/stm32f4xx_hal_tim.o
                0x080050a8                HAL_TIM_TriggerCallback
 .text.TIM_Base_SetConfig
                0x080050bc      0x14c ./Drivers/STM32F4xx_HAL_Driver/Src/stm32f4xx_hal_tim.o
                0x080050bc                TIM_Base_SetConfig
 .text.TIM_OC1_SetConfig
                0x08005208       0xe0 ./Drivers/STM32F4xx_HAL_Driver/Src/stm32f4xx_hal_tim.o
 .text.TIM_OC2_SetConfig
                0x080052e8       0xec ./Drivers/STM32F4xx_HAL_Driver/Src/stm32f4xx_hal_tim.o
                0x080052e8                TIM_OC2_SetConfig
 .text.TIM_OC3_SetConfig
                0x080053d4       0xe8 ./Drivers/STM32F4xx_HAL_Driver/Src/stm32f4xx_hal_tim.o
 .text.TIM_OC4_SetConfig
                0x080054bc       0xac ./Drivers/STM32F4xx_HAL_Driver/Src/stm32f4xx_hal_tim.o
 .text.TIM_TI1_SetConfig
                0x08005568       0xe8 ./Drivers/STM32F4xx_HAL_Driver/Src/stm32f4xx_hal_tim.o
                0x08005568                TIM_TI1_SetConfig
 .text.TIM_TI1_ConfigInputStage
                0x08005650       0x5e ./Drivers/STM32F4xx_HAL_Driver/Src/stm32f4xx_hal_tim.o
 .text.TIM_TI2_SetConfig
                0x080056ae       0x7a ./Drivers/STM32F4xx_HAL_Driver/Src/stm32f4xx_hal_tim.o
 .text.TIM_TI2_ConfigInputStage
                0x08005728       0x60 ./Drivers/STM32F4xx_HAL_Driver/Src/stm32f4xx_hal_tim.o
 .text.TIM_TI3_SetConfig
                0x08005788       0x78 ./Drivers/STM32F4xx_HAL_Driver/Src/stm32f4xx_hal_tim.o
 .text.TIM_TI4_SetConfig
                0x08005800       0x7a ./Drivers/STM32F4xx_HAL_Driver/Src/stm32f4xx_hal_tim.o
 .text.TIM_ITRx_SetConfig
                0x0800587a       0x36 ./Drivers/STM32F4xx_HAL_Driver/Src/stm32f4xx_hal_tim.o
 .text.TIM_ETR_SetConfig
                0x080058b0       0x40 ./Drivers/STM32F4xx_HAL_Driver/Src/stm32f4xx_hal_tim.o
                0x080058b0                TIM_ETR_SetConfig
 .text.TIM_CCxChannelCmd
                0x080058f0       0x4a ./Drivers/STM32F4xx_HAL_Driver/Src/stm32f4xx_hal_tim.o
                0x080058f0                TIM_CCxChannelCmd
 *fill*         0x0800593a        0x2 
 .text.HAL_TIMEx_MasterConfigSynchronization
                0x0800593c       0xf8 ./Drivers/STM32F4xx_HAL_Driver/Src/stm32f4xx_hal_tim_ex.o
                0x0800593c                HAL_TIMEx_MasterConfigSynchronization
 .text.HAL_TIMEx_ConfigBreakDeadTime
                0x08005a34       0xa4 ./Drivers/STM32F4xx_HAL_Driver/Src/stm32f4xx_hal_tim_ex.o
                0x08005a34                HAL_TIMEx_ConfigBreakDeadTime
 .text.HAL_TIMEx_CommutCallback
                0x08005ad8       0x14 ./Drivers/STM32F4xx_HAL_Driver/Src/stm32f4xx_hal_tim_ex.o
                0x08005ad8                HAL_TIMEx_CommutCallback
 .text.HAL_TIMEx_BreakCallback
                0x08005aec       0x14 ./Drivers/STM32F4xx_HAL_Driver/Src/stm32f4xx_hal_tim_ex.o
                0x08005aec                HAL_TIMEx_BreakCallback
 .text.memset   0x08005b00       0x10 C:/ST/STM32CubeIDE_1.19.0/STM32CubeIDE/plugins/com.st.stm32cube.ide.mcu.externaltools.gnu-tools-for-stm32.13.3.rel1.win32_1.0.0.202411081344/tools/bin/../lib/gcc/arm-none-eabi/13.3.1/../../../../arm-none-eabi/lib/thumb/v7e-m+fp/hard\libc_nano.a(libc_a-memset.o)
                0x08005b00                memset
 .text.__libc_init_array
                0x08005b10       0x48 C:/ST/STM32CubeIDE_1.19.0/STM32CubeIDE/plugins/com.st.stm32cube.ide.mcu.externaltools.gnu-tools-for-stm32.13.3.rel1.win32_1.0.0.202411081344/tools/bin/../lib/gcc/arm-none-eabi/13.3.1/../../../../arm-none-eabi/lib/thumb/v7e-m+fp/hard\libc_nano.a(libc_a-init.o)
                0x08005b10                __libc_init_array
 *(.glue_7)
 .glue_7        0x08005b58        0x0 linker stubs
 *(.glue_7t)
 .glue_7t       0x08005b58        0x0 linker stubs
 *(.eh_frame)
 .eh_frame      0x08005b58        0x0 C:/ST/STM32CubeIDE_1.19.0/STM32CubeIDE/plugins/com.st.stm32cube.ide.mcu.externaltools.gnu-tools-for-stm32.13.3.rel1.win32_1.0.0.202411081344/tools/bin/../lib/gcc/arm-none-eabi/13.3.1/thumb/v7e-m+fp/hard/crtbegin.o
 *(.init)
 .init          0x08005b58        0x4 C:/ST/STM32CubeIDE_1.19.0/STM32CubeIDE/plugins/com.st.stm32cube.ide.mcu.externaltools.gnu-tools-for-stm32.13.3.rel1.win32_1.0.0.202411081344/tools/bin/../lib/gcc/arm-none-eabi/13.3.1/thumb/v7e-m+fp/hard/crti.o
                0x08005b58                _init
 .init          0x08005b5c        0x8 C:/ST/STM32CubeIDE_1.19.0/STM32CubeIDE/plugins/com.st.stm32cube.ide.mcu.externaltools.gnu-tools-for-stm32.13.3.rel1.win32_1.0.0.202411081344/tools/bin/../lib/gcc/arm-none-eabi/13.3.1/thumb/v7e-m+fp/hard/crtn.o
 *(.fini)
 .fini          0x08005b64        0x4 C:/ST/STM32CubeIDE_1.19.0/STM32CubeIDE/plugins/com.st.stm32cube.ide.mcu.externaltools.gnu-tools-for-stm32.13.3.rel1.win32_1.0.0.202411081344/tools/bin/../lib/gcc/arm-none-eabi/13.3.1/thumb/v7e-m+fp/hard/crti.o
                0x08005b64                _fini
 .fini          0x08005b68        0x8 C:/ST/STM32CubeIDE_1.19.0/STM32CubeIDE/plugins/com.st.stm32cube.ide.mcu.externaltools.gnu-tools-for-stm32.13.3.rel1.win32_1.0.0.202411081344/tools/bin/../lib/gcc/arm-none-eabi/13.3.1/thumb/v7e-m+fp/hard/crtn.o
                0x08005b70                        . = ALIGN (0x4)
                0x08005b70                        _etext = .

.vfp11_veneer   0x08005b70        0x0
 .vfp11_veneer  0x08005b70        0x0 linker stubs

.v4_bx          0x08005b70        0x0
 .v4_bx         0x08005b70        0x0 linker stubs

.iplt           0x08005b70        0x0
 .iplt          0x08005b70        0x0 C:/ST/STM32CubeIDE_1.19.0/STM32CubeIDE/plugins/com.st.stm32cube.ide.mcu.externaltools.gnu-tools-for-stm32.13.3.rel1.win32_1.0.0.202411081344/tools/bin/../lib/gcc/arm-none-eabi/13.3.1/thumb/v7e-m+fp/hard/crtbegin.o

.rodata         0x08005b70       0x20
                0x08005b70                        . = ALIGN (0x4)
 *(.rodata)
 *(.rodata*)
 .rodata.hall_to_sector_map_CW
                0x08005b70        0x8 ./Core/Src/main.o
                0x08005b70                hall_to_sector_map_CW
 .rodata.hall_to_sector_map_CCW
                0x08005b78        0x8 ./Core/Src/main.o
                0x08005b78                hall_to_sector_map_CCW
 .rodata.AHBPrescTable
                0x08005b80       0x10 ./Core/Src/system_stm32f4xx.o
                0x08005b80                AHBPrescTable
                0x08005b90                        . = ALIGN (0x4)

.ARM.extab      0x08005b90        0x0
                0x08005b90                        . = ALIGN (0x4)
 *(.ARM.extab* .gnu.linkonce.armextab.*)
                0x08005b90                        . = ALIGN (0x4)

.ARM            0x08005b90        0x8
                0x08005b90                        . = ALIGN (0x4)
                0x08005b90                        __exidx_start = .
 *(.ARM.exidx*)
 .ARM.exidx     0x08005b90        0x8 C:/ST/STM32CubeIDE_1.19.0/STM32CubeIDE/plugins/com.st.stm32cube.ide.mcu.externaltools.gnu-tools-for-stm32.13.3.rel1.win32_1.0.0.202411081344/tools/bin/../lib/gcc/arm-none-eabi/13.3.1/thumb/v7e-m+fp/hard\libgcc.a(_udivmoddi4.o)
                0x08005b98                        __exidx_end = .
                0x08005b98                        . = ALIGN (0x4)

.preinit_array  0x08005b98        0x0
                0x08005b98                        . = ALIGN (0x4)
                0x08005b98                        PROVIDE (__preinit_array_start = .)
 *(.preinit_array*)
                0x08005b98                        PROVIDE (__preinit_array_end = .)
                0x08005b98                        . = ALIGN (0x4)

.init_array     0x08005b98        0x4
                0x08005b98                        . = ALIGN (0x4)
                0x08005b98                        PROVIDE (__init_array_start = .)
 *(SORT_BY_NAME(.init_array.*))
 *(.init_array*)
 .init_array    0x08005b98        0x4 C:/ST/STM32CubeIDE_1.19.0/STM32CubeIDE/plugins/com.st.stm32cube.ide.mcu.externaltools.gnu-tools-for-stm32.13.3.rel1.win32_1.0.0.202411081344/tools/bin/../lib/gcc/arm-none-eabi/13.3.1/thumb/v7e-m+fp/hard/crtbegin.o
                0x08005b9c                        PROVIDE (__init_array_end = .)
                0x08005b9c                        . = ALIGN (0x4)

.fini_array     0x08005b9c        0x4
                0x08005b9c                        . = ALIGN (0x4)
                [!provide]                        PROVIDE (__fini_array_start = .)
 *(SORT_BY_NAME(.fini_array.*))
 *(.fini_array*)
 .fini_array    0x08005b9c        0x4 C:/ST/STM32CubeIDE_1.19.0/STM32CubeIDE/plugins/com.st.stm32cube.ide.mcu.externaltools.gnu-tools-for-stm32.13.3.rel1.win32_1.0.0.202411081344/tools/bin/../lib/gcc/arm-none-eabi/13.3.1/thumb/v7e-m+fp/hard/crtbegin.o
                [!provide]                        PROVIDE (__fini_array_end = .)
                0x08005ba0                        . = ALIGN (0x4)
                0x08005ba0                        _sidata = LOADADDR (.data)

.rel.dyn        0x08005ba0        0x0
 .rel.iplt      0x08005ba0        0x0 C:/ST/STM32CubeIDE_1.19.0/STM32CubeIDE/plugins/com.st.stm32cube.ide.mcu.externaltools.gnu-tools-for-stm32.13.3.rel1.win32_1.0.0.202411081344/tools/bin/../lib/gcc/arm-none-eabi/13.3.1/thumb/v7e-m+fp/hard/crtbegin.o

.data           0x20000000       0x24 load address 0x08005ba0
                0x20000000                        . = ALIGN (0x4)
                0x20000000                        _sdata = .
 *(.data)
 *(.data*)
 .data.is_first_capture
                0x20000000        0x1 ./Core/Src/main.o
                0x20000000                is_first_capture
 *fill*         0x20000001        0x3 
 .data.CURRENT_KP
                0x20000004        0x4 ./Core/Src/main.o
                0x20000004                CURRENT_KP
 .data.CURRENT_KI
                0x20000008        0x4 ./Core/Src/main.o
                0x20000008                CURRENT_KI
 .data.VELOCITY_KP
                0x2000000c        0x4 ./Core/Src/main.o
                0x2000000c                VELOCITY_KP
 .data.VELOCITY_KD
                0x20000010        0x4 ./Core/Src/main.o
                0x20000010                VELOCITY_KD
 .data.VELOCITY_KI
                0x20000014        0x4 ./Core/Src/main.o
                0x20000014                VELOCITY_KI
 .data.SystemCoreClock
                0x20000018        0x4 ./Core/Src/system_stm32f4xx.o
                0x20000018                SystemCoreClock
 .data.uwTickPrio
                0x2000001c        0x4 ./Drivers/STM32F4xx_HAL_Driver/Src/stm32f4xx_hal.o
                0x2000001c                uwTickPrio
 .data.uwTickFreq
                0x20000020        0x1 ./Drivers/STM32F4xx_HAL_Driver/Src/stm32f4xx_hal.o
                0x20000020                uwTickFreq
 *(.RamFunc)
 *(.RamFunc*)
                0x20000024                        . = ALIGN (0x4)
 *fill*         0x20000021        0x3 
                0x20000024                        _edata = .
                0x08005bc4                        _siccmram = LOADADDR (.ccmram)

.igot.plt       0x20000024        0x0 load address 0x08005bc4
 .igot.plt      0x20000024        0x0 C:/ST/STM32CubeIDE_1.19.0/STM32CubeIDE/plugins/com.st.stm32cube.ide.mcu.externaltools.gnu-tools-for-stm32.13.3.rel1.win32_1.0.0.202411081344/tools/bin/../lib/gcc/arm-none-eabi/13.3.1/thumb/v7e-m+fp/hard/crtbegin.o

.ccmram         0x10000000        0x0 load address 0x08005bc4
                0x10000000                        . = ALIGN (0x4)
                0x10000000                        _sccmram = .
 *(.ccmram)
 *(.ccmram*)
                0x10000000                        . = ALIGN (0x4)
                0x10000000                        _eccmram = .
                0x10000000                        . = ALIGN (0x4)

.bss            0x20000024      0x1f8
                0x20000024                        _sbss = .
                0x20000024                        __bss_start__ = _sbss
 *(.bss)
 .bss           0x20000024       0x1c C:/ST/STM32CubeIDE_1.19.0/STM32CubeIDE/plugins/com.st.stm32cube.ide.mcu.externaltools.gnu-tools-for-stm32.13.3.rel1.win32_1.0.0.202411081344/tools/bin/../lib/gcc/arm-none-eabi/13.3.1/thumb/v7e-m+fp/hard/crtbegin.o
 *(.bss*)
 .bss.hadc1     0x20000040       0x48 ./Core/Src/main.o
                0x20000040                hadc1
 .bss.htim1     0x20000088       0x48 ./Core/Src/main.o
                0x20000088                htim1
 .bss.htim2     0x200000d0       0x48 ./Core/Src/main.o
                0x200000d0                htim2
 .bss.htim3     0x20000118       0x48 ./Core/Src/main.o
                0x20000118                htim3
 .bss.htim4     0x20000160       0x48 ./Core/Src/main.o
                0x20000160                htim4
 .bss.sector    0x200001a8        0x1 ./Core/Src/main.o
                0x200001a8                sector
 .bss.motor_fault
                0x200001a9        0x1 ./Core/Src/main.o
                0x200001a9                motor_fault
 *fill*         0x200001aa        0x2 
 .bss.angle_degrees
                0x200001ac        0x4 ./Core/Src/main.o
                0x200001ac                angle_degrees
 .bss.speed_rpm
                0x200001b0        0x4 ./Core/Src/main.o
                0x200001b0                speed_rpm
 .bss.latest_pulse_period_s
                0x200001b4        0x4 ./Core/Src/main.o
                0x200001b4                latest_pulse_period_s
 .bss.ic_capture1
                0x200001b8        0x4 ./Core/Src/main.o
                0x200001b8                ic_capture1
 .bss.ic_capture2
                0x200001bc        0x4 ./Core/Src/main.o
                0x200001bc                ic_capture2
 .bss.capture_diff
                0x200001c0        0x4 ./Core/Src/main.o
                0x200001c0                capture_diff
 .bss.adc_cur_c
                0x200001c4        0x4 ./Core/Src/main.o
                0x200001c4                adc_cur_c
 .bss.adc_cur_b
                0x200001c8        0x4 ./Core/Src/main.o
                0x200001c8                adc_cur_b
 .bss.adc_cur_a
                0x200001cc        0x4 ./Core/Src/main.o
                0x200001cc                adc_cur_a
 .bss.current_a
                0x200001d0        0x4 ./Core/Src/main.o
                0x200001d0                current_a
 .bss.current_b
                0x200001d4        0x4 ./Core/Src/main.o
                0x200001d4                current_b
 .bss.current_c
                0x200001d8        0x4 ./Core/Src/main.o
                0x200001d8                current_c
 .bss.current_a_offset_adc
                0x200001dc        0x2 ./Core/Src/main.o
                0x200001dc                current_a_offset_adc
 .bss.current_b_offset_adc
                0x200001de        0x2 ./Core/Src/main.o
                0x200001de                current_b_offset_adc
 .bss.current_c_offset_adc
                0x200001e0        0x2 ./Core/Src/main.o
                0x200001e0                current_c_offset_adc
 *fill*         0x200001e2        0x2 
 .bss.current_setpoint
                0x200001e4        0x4 ./Core/Src/main.o
                0x200001e4                current_setpoint
 .bss.current_magnitude
                0x200001e8        0x4 ./Core/Src/main.o
                0x200001e8                current_magnitude
 .bss.current_error
                0x200001ec        0x4 ./Core/Src/main.o
                0x200001ec                current_error
 .bss.current_integral
                0x200001f0        0x4 ./Core/Src/main.o
                0x200001f0                current_integral
 .bss.pi_output
                0x200001f4        0x4 ./Core/Src/main.o
                0x200001f4                pi_output
 .bss.target_speed
                0x200001f8        0x4 ./Core/Src/main.o
                0x200001f8                target_speed
 .bss.velocity_error
                0x200001fc        0x4 ./Core/Src/main.o
                0x200001fc                velocity_error
 .bss.previous_velocity_error
                0x20000200        0x4 ./Core/Src/main.o
                0x20000200                previous_velocity_error
 .bss.velocity_integral
                0x20000204        0x4 ./Core/Src/main.o
                0x20000204                velocity_integral
 .bss.angle_integral
                0x20000208        0x4 ./Core/Src/main.o
                0x20000208                angle_integral
 .bss.pwm_duty  0x2000020c        0x2 ./Core/Src/main.o
                0x2000020c                pwm_duty
 .bss.direction
                0x2000020e        0x1 ./Core/Src/main.o
                0x2000020e                direction
 .bss.motor_stop
                0x2000020f        0x1 ./Core/Src/main.o
                0x2000020f                motor_stop
 .bss.last_valid_period_tick.1
                0x20000210        0x4 ./Core/Src/main.o
 .bss.last_encoder_count.0
                0x20000214        0x4 ./Core/Src/main.o
 .bss.uwTick    0x20000218        0x4 ./Drivers/STM32F4xx_HAL_Driver/Src/stm32f4xx_hal.o
                0x20000218                uwTick
 *(COMMON)
                0x2000021c                        . = ALIGN (0x4)
                0x2000021c                        _ebss = .
                0x2000021c                        __bss_end__ = _ebss

._user_heap_stack
                0x2000021c      0x604
                0x20000220                        . = ALIGN (0x8)
 *fill*         0x2000021c        0x4 
                [!provide]                        PROVIDE (end = .)
                0x20000220                        PROVIDE (_end = .)
                0x20000420                        . = (. + _Min_Heap_Size)
 *fill*         0x20000220      0x200 
                0x20000820                        . = (. + _Min_Stack_Size)
 *fill*         0x20000420      0x400 
                0x20000820                        . = ALIGN (0x8)

/DISCARD/
 libc.a(*)
 libm.a(*)
 libgcc.a(*)

.ARM.attributes
                0x00000000       0x30
 *(.ARM.attributes)
 .ARM.attributes
                0x00000000       0x22 C:/ST/STM32CubeIDE_1.19.0/STM32CubeIDE/plugins/com.st.stm32cube.ide.mcu.externaltools.gnu-tools-for-stm32.13.3.rel1.win32_1.0.0.202411081344/tools/bin/../lib/gcc/arm-none-eabi/13.3.1/thumb/v7e-m+fp/hard/crti.o
 .ARM.attributes
                0x00000022       0x34 C:/ST/STM32CubeIDE_1.19.0/STM32CubeIDE/plugins/com.st.stm32cube.ide.mcu.externaltools.gnu-tools-for-stm32.13.3.rel1.win32_1.0.0.202411081344/tools/bin/../lib/gcc/arm-none-eabi/13.3.1/thumb/v7e-m+fp/hard/crtbegin.o
 .ARM.attributes
                0x00000056       0x34 ./Core/Src/main.o
 .ARM.attributes
                0x0000008a       0x34 ./Core/Src/stm32f4xx_hal_msp.o
 .ARM.attributes
                0x000000be       0x34 ./Core/Src/stm32f4xx_it.o
 .ARM.attributes
                0x000000f2       0x34 ./Core/Src/system_stm32f4xx.o
 .ARM.attributes
                0x00000126       0x21 ./Core/Startup/startup_stm32f405rgtx.o
 .ARM.attributes
                0x00000147       0x34 ./Drivers/STM32F4xx_HAL_Driver/Src/stm32f4xx_hal.o
 .ARM.attributes
                0x0000017b       0x34 ./Drivers/STM32F4xx_HAL_Driver/Src/stm32f4xx_hal_adc.o
 .ARM.attributes
                0x000001af       0x34 ./Drivers/STM32F4xx_HAL_Driver/Src/stm32f4xx_hal_adc_ex.o
 .ARM.attributes
                0x000001e3       0x34 ./Drivers/STM32F4xx_HAL_Driver/Src/stm32f4xx_hal_cortex.o
 .ARM.attributes
                0x00000217       0x34 ./Drivers/STM32F4xx_HAL_Driver/Src/stm32f4xx_hal_gpio.o
 .ARM.attributes
                0x0000024b       0x34 ./Drivers/STM32F4xx_HAL_Driver/Src/stm32f4xx_hal_rcc.o
 .ARM.attributes
                0x0000027f       0x34 ./Drivers/STM32F4xx_HAL_Driver/Src/stm32f4xx_hal_tim.o
 .ARM.attributes
                0x000002b3       0x34 ./Drivers/STM32F4xx_HAL_Driver/Src/stm32f4xx_hal_tim_ex.o
 .ARM.attributes
                0x000002e7       0x34 C:/ST/STM32CubeIDE_1.19.0/STM32CubeIDE/plugins/com.st.stm32cube.ide.mcu.externaltools.gnu-tools-for-stm32.13.3.rel1.win32_1.0.0.202411081344/tools/bin/../lib/gcc/arm-none-eabi/13.3.1/../../../../arm-none-eabi/lib/thumb/v7e-m+fp/hard\libc_nano.a(libc_a-memset.o)
 .ARM.attributes
                0x0000031b       0x34 C:/ST/STM32CubeIDE_1.19.0/STM32CubeIDE/plugins/com.st.stm32cube.ide.mcu.externaltools.gnu-tools-for-stm32.13.3.rel1.win32_1.0.0.202411081344/tools/bin/../lib/gcc/arm-none-eabi/13.3.1/../../../../arm-none-eabi/lib/thumb/v7e-m+fp/hard\libc_nano.a(libc_a-init.o)
 .ARM.attributes
                0x0000034f       0x22 C:/ST/STM32CubeIDE_1.19.0/STM32CubeIDE/plugins/com.st.stm32cube.ide.mcu.externaltools.gnu-tools-for-stm32.13.3.rel1.win32_1.0.0.202411081344/tools/bin/../lib/gcc/arm-none-eabi/13.3.1/thumb/v7e-m+fp/hard\libgcc.a(_arm_addsubdf3.o)
 .ARM.attributes
                0x00000371       0x22 C:/ST/STM32CubeIDE_1.19.0/STM32CubeIDE/plugins/com.st.stm32cube.ide.mcu.externaltools.gnu-tools-for-stm32.13.3.rel1.win32_1.0.0.202411081344/tools/bin/../lib/gcc/arm-none-eabi/13.3.1/thumb/v7e-m+fp/hard\libgcc.a(_arm_truncdfsf2.o)
 .ARM.attributes
                0x00000393       0x22 C:/ST/STM32CubeIDE_1.19.0/STM32CubeIDE/plugins/com.st.stm32cube.ide.mcu.externaltools.gnu-tools-for-stm32.13.3.rel1.win32_1.0.0.202411081344/tools/bin/../lib/gcc/arm-none-eabi/13.3.1/thumb/v7e-m+fp/hard\libgcc.a(_aeabi_uldivmod.o)
 .ARM.attributes
                0x000003b5       0x34 C:/ST/STM32CubeIDE_1.19.0/STM32CubeIDE/plugins/com.st.stm32cube.ide.mcu.externaltools.gnu-tools-for-stm32.13.3.rel1.win32_1.0.0.202411081344/tools/bin/../lib/gcc/arm-none-eabi/13.3.1/thumb/v7e-m+fp/hard\libgcc.a(_udivmoddi4.o)
 .ARM.attributes
                0x000003e9       0x22 C:/ST/STM32CubeIDE_1.19.0/STM32CubeIDE/plugins/com.st.stm32cube.ide.mcu.externaltools.gnu-tools-for-stm32.13.3.rel1.win32_1.0.0.202411081344/tools/bin/../lib/gcc/arm-none-eabi/13.3.1/thumb/v7e-m+fp/hard\libgcc.a(_dvmd_tls.o)
 .ARM.attributes
                0x0000040b       0x22 C:/ST/STM32CubeIDE_1.19.0/STM32CubeIDE/plugins/com.st.stm32cube.ide.mcu.externaltools.gnu-tools-for-stm32.13.3.rel1.win32_1.0.0.202411081344/tools/bin/../lib/gcc/arm-none-eabi/13.3.1/thumb/v7e-m+fp/hard/crtn.o
OUTPUT(Six_step_position.elf elf32-littlearm)
LOAD linker stubs
LOAD C:/ST/STM32CubeIDE_1.19.0/STM32CubeIDE/plugins/com.st.stm32cube.ide.mcu.externaltools.gnu-tools-for-stm32.13.3.rel1.win32_1.0.0.202411081344/tools/bin/../lib/gcc/arm-none-eabi/13.3.1/../../../../arm-none-eabi/lib/thumb/v7e-m+fp/hard\libc.a
LOAD C:/ST/STM32CubeIDE_1.19.0/STM32CubeIDE/plugins/com.st.stm32cube.ide.mcu.externaltools.gnu-tools-for-stm32.13.3.rel1.win32_1.0.0.202411081344/tools/bin/../lib/gcc/arm-none-eabi/13.3.1/../../../../arm-none-eabi/lib/thumb/v7e-m+fp/hard\libm.a
LOAD C:/ST/STM32CubeIDE_1.19.0/STM32CubeIDE/plugins/com.st.stm32cube.ide.mcu.externaltools.gnu-tools-for-stm32.13.3.rel1.win32_1.0.0.202411081344/tools/bin/../lib/gcc/arm-none-eabi/13.3.1/thumb/v7e-m+fp/hard\libgcc.a

.debug_info     0x00000000     0xbb0b
 .debug_info    0x00000000     0x1ed5 ./Core/Src/main.o
 .debug_info    0x00001ed5     0x1081 ./Core/Src/stm32f4xx_hal_msp.o
 .debug_info    0x00002f56      0x97e ./Core/Src/stm32f4xx_it.o
 .debug_info    0x000038d4      0x512 ./Core/Src/system_stm32f4xx.o
 .debug_info    0x00003de6       0x30 ./Core/Startup/startup_stm32f405rgtx.o
 .debug_info    0x00003e16      0x932 ./Drivers/STM32F4xx_HAL_Driver/Src/stm32f4xx_hal.o
 .debug_info    0x00004748      0xce3 ./Drivers/STM32F4xx_HAL_Driver/Src/stm32f4xx_hal_adc.o
 .debug_info    0x0000542b      0xb68 ./Drivers/STM32F4xx_HAL_Driver/Src/stm32f4xx_hal_adc_ex.o
 .debug_info    0x00005f93      0xd7a ./Drivers/STM32F4xx_HAL_Driver/Src/stm32f4xx_hal_cortex.o
 .debug_info    0x00006d0d      0x6c3 ./Drivers/STM32F4xx_HAL_Driver/Src/stm32f4xx_hal_gpio.o
 .debug_info    0x000073d0      0x8c3 ./Drivers/STM32F4xx_HAL_Driver/Src/stm32f4xx_hal_rcc.o
 .debug_info    0x00007c93     0x299d ./Drivers/STM32F4xx_HAL_Driver/Src/stm32f4xx_hal_tim.o
 .debug_info    0x0000a630     0x14db ./Drivers/STM32F4xx_HAL_Driver/Src/stm32f4xx_hal_tim_ex.o

.debug_abbrev   0x00000000     0x1bc6
 .debug_abbrev  0x00000000      0x350 ./Core/Src/main.o
 .debug_abbrev  0x00000350      0x217 ./Core/Src/stm32f4xx_hal_msp.o
 .debug_abbrev  0x00000567      0x1a8 ./Core/Src/stm32f4xx_it.o
 .debug_abbrev  0x0000070f      0x11a ./Core/Src/system_stm32f4xx.o
 .debug_abbrev  0x00000829       0x24 ./Core/Startup/startup_stm32f405rgtx.o
 .debug_abbrev  0x0000084d      0x214 ./Drivers/STM32F4xx_HAL_Driver/Src/stm32f4xx_hal.o
 .debug_abbrev  0x00000a61      0x252 ./Drivers/STM32F4xx_HAL_Driver/Src/stm32f4xx_hal_adc.o
 .debug_abbrev  0x00000cb3      0x270 ./Drivers/STM32F4xx_HAL_Driver/Src/stm32f4xx_hal_adc_ex.o
 .debug_abbrev  0x00000f23      0x31d ./Drivers/STM32F4xx_HAL_Driver/Src/stm32f4xx_hal_cortex.o
 .debug_abbrev  0x00001240      0x1d4 ./Drivers/STM32F4xx_HAL_Driver/Src/stm32f4xx_hal_gpio.o
 .debug_abbrev  0x00001414      0x2b7 ./Drivers/STM32F4xx_HAL_Driver/Src/stm32f4xx_hal_rcc.o
 .debug_abbrev  0x000016cb      0x278 ./Drivers/STM32F4xx_HAL_Driver/Src/stm32f4xx_hal_tim.o
 .debug_abbrev  0x00001943      0x283 ./Drivers/STM32F4xx_HAL_Driver/Src/stm32f4xx_hal_tim_ex.o

.debug_aranges  0x00000000      0xbb8
 .debug_aranges
                0x00000000       0xe8 ./Core/Src/main.o
 .debug_aranges
                0x000000e8       0x58 ./Core/Src/stm32f4xx_hal_msp.o
 .debug_aranges
                0x00000140       0x78 ./Core/Src/stm32f4xx_it.o
 .debug_aranges
                0x000001b8       0x28 ./Core/Src/system_stm32f4xx.o
 .debug_aranges
                0x000001e0       0x28 ./Core/Startup/startup_stm32f405rgtx.o
 .debug_aranges
                0x00000208       0xf0 ./Drivers/STM32F4xx_HAL_Driver/Src/stm32f4xx_hal.o
 .debug_aranges
                0x000002f8       0xe8 ./Drivers/STM32F4xx_HAL_Driver/Src/stm32f4xx_hal_adc.o
 .debug_aranges
                0x000003e0       0x90 ./Drivers/STM32F4xx_HAL_Driver/Src/stm32f4xx_hal_adc_ex.o
 .debug_aranges
                0x00000470      0x130 ./Drivers/STM32F4xx_HAL_Driver/Src/stm32f4xx_hal_cortex.o
 .debug_aranges
                0x000005a0       0x58 ./Drivers/STM32F4xx_HAL_Driver/Src/stm32f4xx_hal_gpio.o
 .debug_aranges
                0x000005f8       0x88 ./Drivers/STM32F4xx_HAL_Driver/Src/stm32f4xx_hal_rcc.o
 .debug_aranges
                0x00000680      0x3d0 ./Drivers/STM32F4xx_HAL_Driver/Src/stm32f4xx_hal_tim.o
 .debug_aranges
                0x00000a50      0x168 ./Drivers/STM32F4xx_HAL_Driver/Src/stm32f4xx_hal_tim_ex.o

.debug_rnglists
                0x00000000      0x91e
 .debug_rnglists
                0x00000000       0xbc ./Core/Src/main.o
 .debug_rnglists
                0x000000bc       0x41 ./Core/Src/stm32f4xx_hal_msp.o
 .debug_rnglists
                0x000000fd       0x55 ./Core/Src/stm32f4xx_it.o
 .debug_rnglists
                0x00000152       0x1a ./Core/Src/system_stm32f4xx.o
 .debug_rnglists
                0x0000016c       0x19 ./Core/Startup/startup_stm32f405rgtx.o
 .debug_rnglists
                0x00000185       0xaf ./Drivers/STM32F4xx_HAL_Driver/Src/stm32f4xx_hal.o
 .debug_rnglists
                0x00000234       0xb5 ./Drivers/STM32F4xx_HAL_Driver/Src/stm32f4xx_hal_adc.o
 .debug_rnglists
                0x000002e9       0x71 ./Drivers/STM32F4xx_HAL_Driver/Src/stm32f4xx_hal_adc_ex.o
 .debug_rnglists
                0x0000035a       0xe0 ./Drivers/STM32F4xx_HAL_Driver/Src/stm32f4xx_hal_cortex.o
 .debug_rnglists
                0x0000043a       0x3f ./Drivers/STM32F4xx_HAL_Driver/Src/stm32f4xx_hal_gpio.o
 .debug_rnglists
                0x00000479       0x66 ./Drivers/STM32F4xx_HAL_Driver/Src/stm32f4xx_hal_rcc.o
 .debug_rnglists
                0x000004df      0x31a ./Drivers/STM32F4xx_HAL_Driver/Src/stm32f4xx_hal_tim.o
 .debug_rnglists
                0x000007f9      0x125 ./Drivers/STM32F4xx_HAL_Driver/Src/stm32f4xx_hal_tim_ex.o

.debug_macro    0x00000000    0x20006
 .debug_macro   0x00000000      0x324 ./Core/Src/main.o
 .debug_macro   0x00000324      0xad8 ./Core/Src/main.o
 .debug_macro   0x00000dfc      0x29b ./Core/Src/main.o
 .debug_macro   0x00001097       0x2e ./Core/Src/main.o
 .debug_macro   0x000010c5       0x2f ./Core/Src/main.o
 .debug_macro   0x000010f4       0x22 ./Core/Src/main.o
 .debug_macro   0x00001116       0x8e ./Core/Src/main.o
 .debug_macro   0x000011a4       0x51 ./Core/Src/main.o
 .debug_macro   0x000011f5      0x103 ./Core/Src/main.o
 .debug_macro   0x000012f8       0x6a ./Core/Src/main.o
 .debug_macro   0x00001362      0x1df ./Core/Src/main.o
 .debug_macro   0x00001541       0x1c ./Core/Src/main.o
 .debug_macro   0x0000155d       0x22 ./Core/Src/main.o
 .debug_macro   0x0000157f       0xfb ./Core/Src/main.o
 .debug_macro   0x0000167a     0x1011 ./Core/Src/main.o
 .debug_macro   0x0000268b      0x11f ./Core/Src/main.o
 .debug_macro   0x000027aa    0x1427b ./Core/Src/main.o
 .debug_macro   0x00016a25       0x6d ./Core/Src/main.o
 .debug_macro   0x00016a92     0x3693 ./Core/Src/main.o
 .debug_macro   0x0001a125      0x190 ./Core/Src/main.o
 .debug_macro   0x0001a2b5       0x5c ./Core/Src/main.o
 .debug_macro   0x0001a311      0x8bc ./Core/Src/main.o
 .debug_macro   0x0001abcd      0x9e9 ./Core/Src/main.o
 .debug_macro   0x0001b5b6      0x115 ./Core/Src/main.o
 .debug_macro   0x0001b6cb      0x130 ./Core/Src/main.o
 .debug_macro   0x0001b7fb       0xa5 ./Core/Src/main.o
 .debug_macro   0x0001b8a0      0x174 ./Core/Src/main.o
 .debug_macro   0x0001ba14      0x287 ./Core/Src/main.o
 .debug_macro   0x0001bc9b       0x5f ./Core/Src/main.o
 .debug_macro   0x0001bcfa      0x236 ./Core/Src/main.o
 .debug_macro   0x0001bf30      0xb5b ./Core/Src/main.o
 .debug_macro   0x0001ca8b      0x38b ./Core/Src/main.o
 .debug_macro   0x0001ce16      0x176 ./Core/Src/main.o
 .debug_macro   0x0001cf8c       0xf9 ./Core/Src/main.o
 .debug_macro   0x0001d085      0x12c ./Core/Src/main.o
 .debug_macro   0x0001d1b1      0x21e ./Core/Src/main.o
 .debug_macro   0x0001d3cf       0x2e ./Core/Src/main.o
 .debug_macro   0x0001d3fd      0x127 ./Core/Src/main.o
 .debug_macro   0x0001d524       0x7e ./Core/Src/main.o
 .debug_macro   0x0001d5a2       0x89 ./Core/Src/main.o
 .debug_macro   0x0001d62b      0x8ed ./Core/Src/main.o
 .debug_macro   0x0001df18       0x4d ./Core/Src/main.o
 .debug_macro   0x0001df65      0x12d ./Core/Src/main.o
 .debug_macro   0x0001e092       0x64 ./Core/Src/main.o
 .debug_macro   0x0001e0f6       0x61 ./Core/Src/main.o
 .debug_macro   0x0001e157       0x2a ./Core/Src/main.o
 .debug_macro   0x0001e181       0x43 ./Core/Src/main.o
 .debug_macro   0x0001e1c4       0x34 ./Core/Src/main.o
 .debug_macro   0x0001e1f8      0x370 ./Core/Src/main.o
 .debug_macro   0x0001e568       0x16 ./Core/Src/main.o
 .debug_macro   0x0001e57e       0x4a ./Core/Src/main.o
 .debug_macro   0x0001e5c8       0x34 ./Core/Src/main.o
 .debug_macro   0x0001e5fc       0x10 ./Core/Src/main.o
 .debug_macro   0x0001e60c       0x58 ./Core/Src/main.o
 .debug_macro   0x0001e664       0x8e ./Core/Src/main.o
 .debug_macro   0x0001e6f2       0x1c ./Core/Src/main.o
 .debug_macro   0x0001e70e      0x185 ./Core/Src/main.o
 .debug_macro   0x0001e893      0x19b ./Core/Src/main.o
 .debug_macro   0x0001ea2e      0x1fb ./Core/Src/stm32f4xx_hal_msp.o
 .debug_macro   0x0001ec29      0x205 ./Core/Src/stm32f4xx_it.o
 .debug_macro   0x0001ee2e      0x1ec ./Core/Src/system_stm32f4xx.o
 .debug_macro   0x0001f01a      0x24c ./Drivers/STM32F4xx_HAL_Driver/Src/stm32f4xx_hal.o
 .debug_macro   0x0001f266      0x1ed ./Drivers/STM32F4xx_HAL_Driver/Src/stm32f4xx_hal_adc.o
 .debug_macro   0x0001f453      0x1ec ./Drivers/STM32F4xx_HAL_Driver/Src/stm32f4xx_hal_adc_ex.o
 .debug_macro   0x0001f63f      0x1ec ./Drivers/STM32F4xx_HAL_Driver/Src/stm32f4xx_hal_cortex.o
 .debug_macro   0x0001f82b      0x1f2 ./Drivers/STM32F4xx_HAL_Driver/Src/stm32f4xx_hal_gpio.o
 .debug_macro   0x0001fa1d      0x210 ./Drivers/STM32F4xx_HAL_Driver/Src/stm32f4xx_hal_rcc.o
 .debug_macro   0x0001fc2d      0x1ed ./Drivers/STM32F4xx_HAL_Driver/Src/stm32f4xx_hal_tim.o
 .debug_macro   0x0001fe1a      0x1ec ./Drivers/STM32F4xx_HAL_Driver/Src/stm32f4xx_hal_tim_ex.o

.debug_line     0x00000000     0xcfa8
 .debug_line    0x00000000     0x1158 ./Core/Src/main.o
 .debug_line    0x00001158      0x8db ./Core/Src/stm32f4xx_hal_msp.o
 .debug_line    0x00001a33      0x86c ./Core/Src/stm32f4xx_it.o
 .debug_line    0x0000229f      0x7eb ./Core/Src/system_stm32f4xx.o
 .debug_line    0x00002a8a       0x7a ./Core/Startup/startup_stm32f405rgtx.o
 .debug_line    0x00002b04      0xa67 ./Drivers/STM32F4xx_HAL_Driver/Src/stm32f4xx_hal.o
 .debug_line    0x0000356b     0x127e ./Drivers/STM32F4xx_HAL_Driver/Src/stm32f4xx_hal_adc.o
 .debug_line    0x000047e9      0xeb2 ./Drivers/STM32F4xx_HAL_Driver/Src/stm32f4xx_hal_adc_ex.o
 .debug_line    0x0000569b      0xd37 ./Drivers/STM32F4xx_HAL_Driver/Src/stm32f4xx_hal_cortex.o
 .debug_line    0x000063d2      0xbbf ./Drivers/STM32F4xx_HAL_Driver/Src/stm32f4xx_hal_gpio.o
 .debug_line    0x00006f91      0xe74 ./Drivers/STM32F4xx_HAL_Driver/Src/stm32f4xx_hal_rcc.o
 .debug_line    0x00007e05     0x37dc ./Drivers/STM32F4xx_HAL_Driver/Src/stm32f4xx_hal_tim.o
 .debug_line    0x0000b5e1     0x19c7 ./Drivers/STM32F4xx_HAL_Driver/Src/stm32f4xx_hal_tim_ex.o

.debug_str      0x00000000    0xcaef0
 .debug_str     0x00000000    0xcaef0 ./Core/Src/main.o
                              0xc8b34 (size before relaxing)
 .debug_str     0x000caef0    0xc4802 ./Core/Src/stm32f4xx_hal_msp.o
 .debug_str     0x000caef0    0xc418f ./Core/Src/stm32f4xx_it.o
 .debug_str     0x000caef0    0xc3a17 ./Core/Src/system_stm32f4xx.o
 .debug_str     0x000caef0       0x89 ./Core/Startup/startup_stm32f405rgtx.o
 .debug_str     0x000caef0    0xc457a ./Drivers/STM32F4xx_HAL_Driver/Src/stm32f4xx_hal.o
 .debug_str     0x000caef0    0xc4004 ./Drivers/STM32F4xx_HAL_Driver/Src/stm32f4xx_hal_adc.o
 .debug_str     0x000caef0    0xc4058 ./Drivers/STM32F4xx_HAL_Driver/Src/stm32f4xx_hal_adc_ex.o
 .debug_str     0x000caef0    0xc42f6 ./Drivers/STM32F4xx_HAL_Driver/Src/stm32f4xx_hal_cortex.o
 .debug_str     0x000caef0    0xc3b92 ./Drivers/STM32F4xx_HAL_Driver/Src/stm32f4xx_hal_gpio.o
 .debug_str     0x000caef0    0xc3e4b ./Drivers/STM32F4xx_HAL_Driver/Src/stm32f4xx_hal_rcc.o
 .debug_str     0x000caef0    0xc4da1 ./Drivers/STM32F4xx_HAL_Driver/Src/stm32f4xx_hal_tim.o
 .debug_str     0x000caef0    0xc45ad ./Drivers/STM32F4xx_HAL_Driver/Src/stm32f4xx_hal_tim_ex.o

.comment        0x00000000       0x43
 .comment       0x00000000       0x43 ./Core/Src/main.o
                                 0x44 (size before relaxing)
 .comment       0x00000043       0x44 ./Core/Src/stm32f4xx_hal_msp.o
 .comment       0x00000043       0x44 ./Core/Src/stm32f4xx_it.o
 .comment       0x00000043       0x44 ./Core/Src/system_stm32f4xx.o
 .comment       0x00000043       0x44 ./Drivers/STM32F4xx_HAL_Driver/Src/stm32f4xx_hal.o
 .comment       0x00000043       0x44 ./Drivers/STM32F4xx_HAL_Driver/Src/stm32f4xx_hal_adc.o
 .comment       0x00000043       0x44 ./Drivers/STM32F4xx_HAL_Driver/Src/stm32f4xx_hal_adc_ex.o
 .comment       0x00000043       0x44 ./Drivers/STM32F4xx_HAL_Driver/Src/stm32f4xx_hal_cortex.o
 .comment       0x00000043       0x44 ./Drivers/STM32F4xx_HAL_Driver/Src/stm32f4xx_hal_gpio.o
 .comment       0x00000043       0x44 ./Drivers/STM32F4xx_HAL_Driver/Src/stm32f4xx_hal_rcc.o
 .comment       0x00000043       0x44 ./Drivers/STM32F4xx_HAL_Driver/Src/stm32f4xx_hal_tim.o
 .comment       0x00000043       0x44 ./Drivers/STM32F4xx_HAL_Driver/Src/stm32f4xx_hal_tim_ex.o

.debug_frame    0x00000000     0x3210
 .debug_frame   0x00000000      0x3b0 ./Core/Src/main.o
 .debug_frame   0x000003b0      0x134 ./Core/Src/stm32f4xx_hal_msp.o
 .debug_frame   0x000004e4      0x158 ./Core/Src/stm32f4xx_it.o
 .debug_frame   0x0000063c       0x58 ./Core/Src/system_stm32f4xx.o
 .debug_frame   0x00000694      0x374 ./Drivers/STM32F4xx_HAL_Driver/Src/stm32f4xx_hal.o
 .debug_frame   0x00000a08      0x3fc ./Drivers/STM32F4xx_HAL_Driver/Src/stm32f4xx_hal_adc.o
 .debug_frame   0x00000e04      0x250 ./Drivers/STM32F4xx_HAL_Driver/Src/stm32f4xx_hal_adc_ex.o
 .debug_frame   0x00001054      0x508 ./Drivers/STM32F4xx_HAL_Driver/Src/stm32f4xx_hal_cortex.o
 .debug_frame   0x0000155c      0x14c ./Drivers/STM32F4xx_HAL_Driver/Src/stm32f4xx_hal_gpio.o
 .debug_frame   0x000016a8      0x1f4 ./Drivers/STM32F4xx_HAL_Driver/Src/stm32f4xx_hal_rcc.o
 .debug_frame   0x0000189c     0x11c0 ./Drivers/STM32F4xx_HAL_Driver/Src/stm32f4xx_hal_tim.o
 .debug_frame   0x00002a5c      0x638 ./Drivers/STM32F4xx_HAL_Driver/Src/stm32f4xx_hal_tim_ex.o
 .debug_frame   0x00003094       0x20 C:/ST/STM32CubeIDE_1.19.0/STM32CubeIDE/plugins/com.st.stm32cube.ide.mcu.externaltools.gnu-tools-for-stm32.13.3.rel1.win32_1.0.0.202411081344/tools/bin/../lib/gcc/arm-none-eabi/13.3.1/../../../../arm-none-eabi/lib/thumb/v7e-m+fp/hard\libc_nano.a(libc_a-memset.o)
 .debug_frame   0x000030b4       0x2c C:/ST/STM32CubeIDE_1.19.0/STM32CubeIDE/plugins/com.st.stm32cube.ide.mcu.externaltools.gnu-tools-for-stm32.13.3.rel1.win32_1.0.0.202411081344/tools/bin/../lib/gcc/arm-none-eabi/13.3.1/../../../../arm-none-eabi/lib/thumb/v7e-m+fp/hard\libc_nano.a(libc_a-init.o)
 .debug_frame   0x000030e0       0xac C:/ST/STM32CubeIDE_1.19.0/STM32CubeIDE/plugins/com.st.stm32cube.ide.mcu.externaltools.gnu-tools-for-stm32.13.3.rel1.win32_1.0.0.202411081344/tools/bin/../lib/gcc/arm-none-eabi/13.3.1/thumb/v7e-m+fp/hard\libgcc.a(_arm_addsubdf3.o)
 .debug_frame   0x0000318c       0x24 C:/ST/STM32CubeIDE_1.19.0/STM32CubeIDE/plugins/com.st.stm32cube.ide.mcu.externaltools.gnu-tools-for-stm32.13.3.rel1.win32_1.0.0.202411081344/tools/bin/../lib/gcc/arm-none-eabi/13.3.1/thumb/v7e-m+fp/hard\libgcc.a(_arm_truncdfsf2.o)
 .debug_frame   0x000031b0       0x2c C:/ST/STM32CubeIDE_1.19.0/STM32CubeIDE/plugins/com.st.stm32cube.ide.mcu.externaltools.gnu-tools-for-stm32.13.3.rel1.win32_1.0.0.202411081344/tools/bin/../lib/gcc/arm-none-eabi/13.3.1/thumb/v7e-m+fp/hard\libgcc.a(_aeabi_uldivmod.o)
 .debug_frame   0x000031dc       0x34 C:/ST/STM32CubeIDE_1.19.0/STM32CubeIDE/plugins/com.st.stm32cube.ide.mcu.externaltools.gnu-tools-for-stm32.13.3.rel1.win32_1.0.0.202411081344/tools/bin/../lib/gcc/arm-none-eabi/13.3.1/thumb/v7e-m+fp/hard\libgcc.a(_udivmoddi4.o)

.debug_line_str
                0x00000000       0x6d
 .debug_line_str
                0x00000000       0x6d ./Core/Startup/startup_stm32f405rgtx.o
