../Core/Src/main.c:211:10:current_pi_controller	48	static
../Core/Src/main.c:248:7:velocity_pid_controller	24	static
../Core/Src/main.c:278:7:position_pid_controller	32	static
../Core/Src/main.c:302:6:convert_adc_to_current	32	static
../Core/Src/main.c:319:6:calibrate_current_sensors	40	static
../Core/Src/main.c:362:6:calculate_speed_from_capture	32	static
../Core/Src/main.c:396:6:update_angle_from_encoder	16	static
../Core/Src/main.c:403:9:read_hall_sensors	16	static
../Core/Src/main.c:415:6:reset_pid_controllers	4	static
../Core/Src/main.c:425:6:torque_enable	16	static
../Core/Src/main.c:442:6:torque_disable	8	static
../Core/Src/main.c:460:6:SetPhase_PWM	16	static
../Core/Src/main.c:485:6:SetPhase_GND	16	static
../Core/Src/main.c:511:6:SetPhase_FLOAT	16	static
../Core/Src/main.c:528:6:sixStepCommutation	16	static
../Core/Src/main.c:574:6:getActivePhaseCurrent	24	static
../Core/Src/main.c:613:5:main	8	static
../Core/Src/main.c:714:6:SystemClock_Config	88	static
../Core/Src/main.c:761:13:MX_ADC1_Init	56	static
../Core/Src/main.c:848:13:MX_TIM1_Init	96	static
../Core/Src/main.c:936:13:MX_TIM2_Init	56	static
../Core/Src/main.c:985:13:MX_TIM3_Init	48	static
../Core/Src/main.c:1043:13:MX_TIM6_Init	16	static
../Core/Src/main.c:1081:13:MX_USART1_UART_Init	8	static
../Core/Src/main.c:1114:13:MX_GPIO_Init	40	static
../Core/Src/main.c:1165:6:HAL_UART_TxCpltCallback	16	static
../Core/Src/main.c:1172:6:HAL_UART_RxCpltCallback	24	static
../Core/Src/main.c:1242:6:HAL_ADCEx_InjectedConvCpltCallback	32	static
../Core/Src/main.c:1284:6:HAL_TIM_PeriodElapsedCallback	24	static
../Core/Src/main.c:1337:6:HAL_TIM_IC_CaptureCallback	16	static
../Core/Src/main.c:1360:6:Error_Handler	4	static,ignoring_inline_asm
